Component: ARM Compiler 5.06 update 5 (build 528) Tool: armlink [4d35e2]

==============================================================================

Section Cross References

    main.o(.text) refers to _printf_percent.o(.ARM.Collect$$_printf_percent$$00000000) for _printf_percent
    main.o(.text) refers to _printf_s.o(.ARM.Collect$$_printf_percent$$00000014) for _printf_s
    main.o(.text) refers to _printf_str.o(.text) for _printf_str
    main.o(.text) refers to _printf_d.o(.ARM.Collect$$_printf_percent$$00000009) for _printf_d
    main.o(.text) refers to _printf_dec.o(.text) for _printf_int_dec
    main.o(.text) refers to _printf_c.o(.ARM.Collect$$_printf_percent$$00000013) for _printf_c
    main.o(.text) refers to _printf_pad.o(.text) for _printf_pre_padding
    main.o(.text) refers to _printf_f.o(.ARM.Collect$$_printf_percent$$00000003) for _printf_f
    main.o(.text) refers to printf1.o(x$fpl$printf1) for _printf_fp_dec
    main.o(.text) refers to rt_memclr_w.o(.text) for __aeabi_memclr4
    main.o(.text) refers to __2sprintf.o(.text) for __2sprintf
    main.o(.text) refers to usart3.o(.text) for GpuSend
    main.o(.text) refers to strlen.o(.text) for strlen
    main.o(.text) refers to __2printf.o(.text) for __2printf
    main.o(.text) refers to strstr.o(.text) for strstr
    main.o(.text) refers to nb_interface.o(.text) for strToHex
    main.o(.text) refers to uart4.o(.text) for playAudio
    main.o(.text) refers to delay.o(.text) for delay_ms
    main.o(.text) refers to main.o(.data) for Parlour_light_state
    main.o(.text) refers to main.o(.conststring) for .conststring
    main.o(.text) refers to rt_memcpy_v6.o(.text) for __aeabi_memcpy
    main.o(.text) refers to dht11.o(.text) for DHT11_Init
    main.o(.text) refers to dht11_2.o(.text) for DHT11_2_Init
    main.o(.text) refers to dht11_3.o(.text) for DHT11_3_Init
    main.o(.text) refers to misc.o(.text) for NVIC_PriorityGroupConfig
    main.o(.text) refers to usart.o(.text) for uart_init
    main.o(.text) refers to usart6.o(.text) for usart6_init
    main.o(.text) refers to led.o(.text) for LED_Init
    main.o(.text) refers to light.o(.text) for light_init
    main.o(.text) refers to mq_sensor.o(.text) for MQ2_Init
    main.o(.text) refers to stm32f4xx_adc.o(.text) for ADC_SoftwareStartConv
    main.o(.text) refers to sim800a.o(.text) for sim800a_pdu_init
    main.o(.text) refers to f2d.o(x$fpl$f2d) for __aeabi_f2d
    main.o(.text) refers to main.o(.constdata) for urc_table
    main.o(.constdata) refers to main.o(.conststring) for .conststring
    main.o(.constdata) refers to main.o(.text) for urc_recvdata_func
    system_stm32f4xx.o(.text) refers to system_stm32f4xx.o(.data) for SystemCoreClock
    led.o(.text) refers to stm32f4xx_rcc.o(.text) for RCC_AHB1PeriphClockCmd
    led.o(.text) refers to stm32f4xx_gpio.o(.text) for GPIO_Init
    mq_sensor.o(.text) refers to stm32f4xx_rcc.o(.text) for RCC_AHB1PeriphClockCmd
    mq_sensor.o(.text) refers to stm32f4xx_gpio.o(.text) for GPIO_Init
    mq_sensor.o(.text) refers to stm32f4xx_adc.o(.text) for ADC_CommonInit
    mq_sensor.o(.text) refers to stm32f4xx_dma.o(.text) for DMA_DeInit
    mq_sensor.o(.text) refers to misc.o(.text) for NVIC_Init
    mq_sensor.o(.text) refers to f2d.o(x$fpl$f2d) for __aeabi_f2d
    mq_sensor.o(.text) refers to dmul.o(x$fpl$dmul) for __aeabi_dmul
    mq_sensor.o(.text) refers to d2f.o(x$fpl$d2f) for __aeabi_d2f
    mq_sensor.o(.text) refers to pow.o(i.__hardfp_pow) for __hardfp_pow
    mq_sensor.o(.text) refers to mq_sensor.o(.bss) for results
    hc_sr501.o(.text) refers to stm32f4xx_rcc.o(.text) for RCC_AHB1PeriphClockCmd
    hc_sr501.o(.text) refers to stm32f4xx_gpio.o(.text) for GPIO_Init
    hc_sr501.o(.text) refers to exti.o(.text) for HC_EXTI_Init
    exti.o(.text) refers to delay.o(.text) for delay_ms
    exti.o(.text) refers to stm32f4xx_exti.o(.text) for EXTI_ClearITPendingBit
    exti.o(.text) refers to __2printf.o(.text) for __2printf
    exti.o(.text) refers to stm32f4xx_rcc.o(.text) for RCC_APB2PeriphClockCmd
    exti.o(.text) refers to stm32f4xx_syscfg.o(.text) for SYSCFG_EXTILineConfig
    exti.o(.text) refers to misc.o(.text) for NVIC_Init
    dht11.o(.text) refers to delay.o(.text) for delay_ms
    dht11.o(.text) refers to stm32f4xx_rcc.o(.text) for RCC_AHB1PeriphClockCmd
    dht11.o(.text) refers to stm32f4xx_gpio.o(.text) for GPIO_Init
    myiic.o(.text) refers to stm32f4xx_rcc.o(.text) for RCC_AHB1PeriphClockCmd
    myiic.o(.text) refers to stm32f4xx_gpio.o(.text) for GPIO_Init
    myiic.o(.text) refers to delay.o(.text) for delay_us
    oled.o(.text) refers to delay.o(.text) for delay_us
    oled.o(.text) refers to myiic.o(.text) for IIC_Start
    oled.o(.text) refers to oled.o(.constdata) for F8X16
    dht11_2.o(.text) refers to delay.o(.text) for delay_ms
    dht11_2.o(.text) refers to stm32f4xx_rcc.o(.text) for RCC_AHB1PeriphClockCmd
    dht11_2.o(.text) refers to stm32f4xx_gpio.o(.text) for GPIO_Init
[...]
    CAN1_RX1_IRQHandler                      0x08002513   Thumb Code     0  startup_stm32f40_41xxx.o(.text)
    CAN1_SCE_IRQHandler                      0x08002513   Thumb Code     0  startup_stm32f40_41xxx.o(.text)
    CAN1_TX_IRQHandler                       0x08002513   Thumb Code     0  startup_stm32f40_41xxx.o(.text)
    CAN2_RX0_IRQHandler                      0x08002513   Thumb Code     0  startup_stm32f40_41xxx.o(.text)
    CAN2_RX1_IRQHandler                      0x08002513   Thumb Code     0  startup_stm32f40_41xxx.o(.text)
    CAN2_SCE_IRQHandler                      0x08002513   Thumb Code     0  startup_stm32f40_41xxx.o(.text)
    CAN2_TX_IRQHandler                       0x08002513   Thumb Code     0  startup_stm32f40_41xxx.o(.text)
    CRYP_IRQHandler                          0x08002513   Thumb Code     0  startup_stm32f40_41xxx.o(.text)
    DCMI_IRQHandler                          0x08002513   Thumb Code     0  startup_stm32f40_41xxx.o(.text)
    DMA1_Stream0_IRQHandler                  0x08002513   Thumb Code     0  startup_stm32f40_41xxx.o(.text)
    DMA1_Stream1_IRQHandler                  0x08002513   Thumb Code     0  startup_stm32f40_41xxx.o(.text)
    DMA1_Stream2_IRQHandler                  0x08002513   Thumb Code     0  startup_stm32f40_41xxx.o(.text)
    DMA1_Stream3_IRQHandler                  0x08002513   Thumb Code     0  startup_stm32f40_41xxx.o(.text)
    DMA1_Stream4_IRQHandler                  0x08002513   Thumb Code     0  startup_stm32f40_41xxx.o(.text)
    DMA1_Stream5_IRQHandler                  0x08002513   Thumb Code     0  startup_stm32f40_41xxx.o(.text)
    DMA1_Stream6_IRQHandler                  0x08002513   Thumb Code     0  startup_stm32f40_41xxx.o(.text)
    DMA1_Stream7_IRQHandler                  0x08002513   Thumb Code     0  startup_stm32f40_41xxx.o(.text)
    DMA2_Stream1_IRQHandler                  0x08002513   Thumb Code     0  startup_stm32f40_41xxx.o(.text)
    DMA2_Stream2_IRQHandler                  0x08002513   Thumb Code     0  startup_stm32f40_41xxx.o(.text)
    DMA2_Stream3_IRQHandler                  0x08002513   Thumb Code     0  startup_stm32f40_41xxx.o(.text)
    DMA2_Stream4_IRQHandler                  0x08002513   Thumb Code     0  startup_stm32f40_41xxx.o(.text)
    DMA2_Stream5_IRQHandler                  0x08002513   Thumb Code     0  startup_stm32f40_41xxx.o(.text)
    DMA2_Stream6_IRQHandler                  0x08002513   Thumb Code     0  startup_stm32f40_41xxx.o(.text)
    DMA2_Stream7_IRQHandler                  0x08002513   Thumb Code     0  startup_stm32f40_41xxx.o(.text)
    ETH_IRQHandler                           0x08002513   Thumb Code     0  startup_stm32f40_41xxx.o(.text)
    ETH_WKUP_IRQHandler                      0x08002513   Thumb Code     0  startup_stm32f40_41xxx.o(.text)
    EXTI15_10_IRQHandler                     0x08002513   Thumb Code     0  startup_stm32f40_41xxx.o(.text)
    EXTI1_IRQHandler                         0x08002513   Thumb Code     0  startup_stm32f40_41xxx.o(.text)
    EXTI2_IRQHandler                         0x08002513   Thumb Code     0  startup_stm32f40_41xxx.o(.text)
    EXTI3_IRQHandler                         0x08002513   Thumb Code     0  startup_stm32f40_41xxx.o(.text)
    EXTI4_IRQHandler                         0x08002513   Thumb Code     0  startup_stm32f40_41xxx.o(.text)
    EXTI9_5_IRQHandler                       0x08002513   Thumb Code     0  startup_stm32f40_41xxx.o(.text)
    FLASH_IRQHandler                         0x08002513   Thumb Code     0  startup_stm32f40_41xxx.o(.text)
    FPU_IRQHandler                           0x08002513   Thumb Code     0  startup_stm32f40_41xxx.o(.text)
    FSMC_IRQHandler                          0x08002513   Thumb Code     0  startup_stm32f40_41xxx.o(.text)
    HASH_RNG_IRQHandler                      0x08002513   Thumb Code     0  startup_stm32f40_41xxx.o(.text)
    I2C1_ER_IRQHandler                       0x08002513   Thumb Code     0  startup_stm32f40_41xxx.o(.text)
    I2C1_EV_IRQHandler                       0x08002513   Thumb Code     0  startup_stm32f40_41xxx.o(.text)
    I2C2_ER_IRQHandler                       0x08002513   Thumb Code     0  startup_stm32f40_41xxx.o(.text)
    I2C2_EV_IRQHandler                       0x08002513   Thumb Code     0  startup_stm32f40_41xxx.o(.text)
    I2C3_ER_IRQHandler                       0x08002513   Thumb Code     0  startup_stm32f40_41xxx.o(.text)
    I2C3_EV_IRQHandler                       0x08002513   Thumb Code     0  startup_stm32f40_41xxx.o(.text)
    OTG_FS_IRQHandler                        0x08002513   Thumb Code     0  startup_stm32f40_41xxx.o(.text)
    OTG_FS_WKUP_IRQHandler                   0x08002513   Thumb Code     0  startup_stm32f40_41xxx.o(.text)
    OTG_HS_EP1_IN_IRQHandler                 0x08002513   Thumb Code     0  startup_stm32f40_41xxx.o(.text)
    OTG_HS_EP1_OUT_IRQHandler                0x08002513   Thumb Code     0  startup_stm32f40_41xxx.o(.text)
    OTG_HS_IRQHandler                        0x08002513   Thumb Code     0  startup_stm32f40_41xxx.o(.text)
    OTG_HS_WKUP_IRQHandler                   0x08002513   Thumb Code     0  startup_stm32f40_41xxx.o(.text)
    PVD_IRQHandler                           0x08002513   Thumb Code     0  startup_stm32f40_41xxx.o(.text)
    RCC_IRQHandler                           0x08002513   Thumb Code     0  startup_stm32f40_41xxx.o(.text)
    RTC_Alarm_IRQHandler                     0x08002513   Thumb Code     0  startup_stm32f40_41xxx.o(.text)
    RTC_WKUP_IRQHandler                      0x08002513   Thumb Code     0  startup_stm32f40_41xxx.o(.text)
    SDIO_IRQHandler                          0x08002513   Thumb Code     0  startup_stm32f40_41xxx.o(.text)
    SPI1_IRQHandler                          0x08002513   Thumb Code     0  startup_stm32f40_41xxx.o(.text)
    SPI2_IRQHandler                          0x08002513   Thumb Code     0  startup_stm32f40_41xxx.o(.text)
    SPI3_IRQHandler                          0x08002513   Thumb Code     0  startup_stm32f40_41xxx.o(.text)
    TAMP_STAMP_IRQHandler                    0x08002513   Thumb Code     0  startup_stm32f40_41xxx.o(.text)
    TIM1_BRK_TIM9_IRQHandler                 0x08002513   Thumb Code     0  startup_stm32f40_41xxx.o(.text)
    TIM1_CC_IRQHandler                       0x08002513   Thumb Code     0  startup_stm32f40_41xxx.o(.text)
    TIM1_TRG_COM_TIM11_IRQHandler            0x08002513   Thumb Code     0  startup_stm32f40_41xxx.o(.text)
    TIM1_UP_TIM10_IRQHandler                 0x08002513   Thumb Code     0  startup_stm32f40_41xxx.o(.text)
    TIM3_IRQHandler                          0x08002513   Thumb Code     0  startup_stm32f40_41xxx.o(.text)
    TIM4_IRQHandler                          0x08002513   Thumb Code     0  startup_stm32f40_41xxx.o(.text)
    TIM6_DAC_IRQHandler                      0x08002513   Thumb Code     0  startup_stm32f40_41xxx.o(.text)
    TIM8_BRK_TIM12_IRQHandler                0x08002513   Thumb Code     0  startup_stm32f40_41xxx.o(.text)
    TIM8_CC_IRQHandler                       0x08002513   Thumb Code     0  startup_stm32f40_41xxx.o(.text)
    TIM8_TRG_COM_TIM14_IRQHandler            0x08002513   Thumb Code     0  startup_stm32f40_41xxx.o(.text)
    TIM8_UP_TIM13_IRQHandler                 0x08002513   Thumb Code     0  startup_stm32f40_41xxx.o(.text)
    UART5_IRQHandler                         0x08002513   Thumb Code     0  startup_stm32f40_41xxx.o(.text)
    WWDG_IRQHandler                          0x08002513   Thumb Code     0  startup_stm32f40_41xxx.o(.text)
    __user_initial_stackheap                 0x08002515   Thumb Code     0  startup_stm32f40_41xxx.o(.text)
    NVIC_PriorityGroupConfig                 0x08002539   Thumb Code    10  misc.o(.text)
    NVIC_Init                                0x08002543   Thumb Code   106  misc.o(.text)
    NVIC_SetVectorTable                      0x080025ad   Thumb Code    14  misc.o(.text)
    NVIC_SystemLPConfig                      0x080025bb   Thumb Code    34  misc.o(.text)
    SysTick_CLKSourceConfig                  0x080025dd   Thumb Code    40  misc.o(.text)
    ADC_DeInit                               0x08002619   Thumb Code    22  stm32f4xx_adc.o(.text)
    ADC_Init                                 0x0800262f   Thumb Code    74  stm32f4xx_adc.o(.text)
    ADC_StructInit                           0x08002679   Thumb Code    20  stm32f4xx_adc.o(.text)
    ADC_CommonInit                           0x0800268d   Thumb Code    34  stm32f4xx_adc.o(.text)
    ADC_CommonStructInit                     0x080026af   Thumb Code    12  stm32f4xx_adc.o(.text)
    ADC_Cmd                                  0x080026bb   Thumb Code    22  stm32f4xx_adc.o(.text)
    ADC_AnalogWatchdogCmd                    0x080026d1   Thumb Code    16  stm32f4xx_adc.o(.text)
    ADC_AnalogWatchdogThresholdsConfig       0x080026e1   Thumb Code     6  stm32f4xx_adc.o(.text)
    ADC_AnalogWatchdogSingleChannelConfig    0x080026e7   Thumb Code    16  stm32f4xx_adc.o(.text)
    ADC_TempSensorVrefintCmd                 0x080026f7   Thumb Code    34  stm32f4xx_adc.o(.text)
    ADC_VBATCmd                              0x08002719   Thumb Code    34  stm32f4xx_adc.o(.text)
    ADC_RegularChannelConfig                 0x0800273b   Thumb Code   184  stm32f4xx_adc.o(.text)
    ADC_SoftwareStartConv                    0x080027f3   Thumb Code    10  stm32f4xx_adc.o(.text)
    ADC_GetSoftwareStartConvStatus           0x080027fd   Thumb Code    20  stm32f4xx_adc.o(.text)
    ADC_EOCOnEachRegularChannelCmd           0x08002811   Thumb Code    22  stm32f4xx_adc.o(.text)
    ADC_ContinuousModeCmd                    0x08002827   Thumb Code    22  stm32f4xx_adc.o(.text)
    ADC_DiscModeChannelCountConfig           0x0800283d   Thumb Code    24  stm32f4xx_adc.o(.text)
    ADC_DiscModeCmd                          0x08002855   Thumb Code    22  stm32f4xx_adc.o(.text)
    ADC_GetConversionValue                   0x0800286b   Thumb Code     8  stm32f4xx_adc.o(.text)
    ADC_GetMultiModeConversionValue          0x08002873   Thumb Code     8  stm32f4xx_adc.o(.text)
    ADC_DMACmd                               0x0800287b   Thumb Code    22  stm32f4xx_adc.o(.text)
    ADC_DMARequestAfterLastTransferCmd       0x08002891   Thumb Code    22  stm32f4xx_adc.o(.text)
    ADC_MultiModeDMARequestAfterLastTransferCmd 0x080028a7   Thumb Code    34  stm32f4xx_adc.o(.text)
    ADC_InjectedChannelConfig                0x080028c9   Thumb Code   130  stm32f4xx_adc.o(.text)
    ADC_InjectedSequencerLengthConfig        0x0800294b   Thumb Code    24  stm32f4xx_adc.o(.text)
    ADC_SetInjectedOffset                    0x08002963   Thumb Code    20  stm32f4xx_adc.o(.text)
    ADC_ExternalTrigInjectedConvConfig       0x08002977   Thumb Code    16  stm32f4xx_adc.o(.text)
    ADC_ExternalTrigInjectedConvEdgeConfig   0x08002987   Thumb Code    16  stm32f4xx_adc.o(.text)
    ADC_SoftwareStartInjectedConv            0x08002997   Thumb Code    10  stm32f4xx_adc.o(.text)
    ADC_GetSoftwareStartInjectedConvCmdStatus 0x080029a1   Thumb Code    20  stm32f4xx_adc.o(.text)
    ADC_AutoInjectedConvCmd                  0x080029b5   Thumb Code    22  stm32f4xx_adc.o(.text)
    ADC_InjectedDiscModeCmd                  0x080029cb   Thumb Code    22  stm32f4xx_adc.o(.text)
    ADC_GetInjectedConversionValue           0x080029e1   Thumb Code    28  stm32f4xx_adc.o(.text)
    ADC_ITConfig                             0x080029fd   Thumb Code    56  stm32f4xx_adc.o(.text)
    ADC_GetFlagStatus                        0x08002a35   Thumb Code    18  stm32f4xx_adc.o(.text)
    ADC_ClearFlag                            0x08002a47   Thumb Code     6  stm32f4xx_adc.o(.text)
    ADC_GetITStatus                          0x08002a4d   Thumb Code    38  stm32f4xx_adc.o(.text)
    ADC_ClearITPendingBit                    0x08002a73   Thumb Code    10  stm32f4xx_adc.o(.text)
    GPIO_DeInit                              0x08002a7d   Thumb Code   268  stm32f4xx_gpio.o(.text)
    GPIO_Init                                0x08002b89   Thumb Code   144  stm32f4xx_gpio.o(.text)
    GPIO_StructInit                          0x08002c19   Thumb Code    18  stm32f4xx_gpio.o(.text)
    GPIO_PinLockConfig                       0x08002c2b   Thumb Code    34  stm32f4xx_gpio.o(.text)
    GPIO_ReadInputDataBit                    0x08002c4d   Thumb Code    18  stm32f4xx_gpio.o(.text)
    GPIO_ReadInputData                       0x08002c5f   Thumb Code     8  stm32f4xx_gpio.o(.text)
    GPIO_ReadOutputDataBit                   0x08002c67   Thumb Code    18  stm32f4xx_gpio.o(.text)
    GPIO_ReadOutputData                      0x08002c79   Thumb Code     8  stm32f4xx_gpio.o(.text)
    GPIO_SetBits                             0x08002c81   Thumb Code     4  stm32f4xx_gpio.o(.text)
    GPIO_ResetBits                           0x08002c85   Thumb Code     4  stm32f4xx_gpio.o(.text)
    GPIO_WriteBit                            0x08002c89   Thumb Code    10  stm32f4xx_gpio.o(.text)
    GPIO_Write                               0x08002c93   Thumb Code     4  stm32f4xx_gpio.o(.text)
    GPIO_ToggleBits                          0x08002c97   Thumb Code     8  stm32f4xx_gpio.o(.text)
    GPIO_PinAFConfig                         0x08002c9f   Thumb Code    70  stm32f4xx_gpio.o(.text)
    RCC_DeInit                               0x08002d11   Thumb Code    82  stm32f4xx_rcc.o(.text)
    RCC_HSEConfig                            0x08002d63   Thumb Code    14  stm32f4xx_rcc.o(.text)
    RCC_GetFlagStatus                        0x08002d71   Thumb Code    60  stm32f4xx_rcc.o(.text)
    RCC_WaitForHSEStartUp                    0x08002dad   Thumb Code    56  stm32f4xx_rcc.o(.text)
    RCC_AdjustHSICalibrationValue            0x08002de5   Thumb Code    20  stm32f4xx_rcc.o(.text)
    RCC_HSICmd                               0x08002df9   Thumb Code     6  stm32f4xx_rcc.o(.text)
    RCC_LSEConfig                            0x08002dff   Thumb Code    46  stm32f4xx_rcc.o(.text)
    RCC_LSICmd                               0x08002e2d   Thumb Code     6  stm32f4xx_rcc.o(.text)
    RCC_PLLConfig                            0x08002e33   Thumb Code    32  stm32f4xx_rcc.o(.text)
    RCC_PLLCmd                               0x08002e53   Thumb Code     6  stm32f4xx_rcc.o(.text)
    RCC_PLLI2SConfig                         0x08002e59   Thumb Code    14  stm32f4xx_rcc.o(.text)
    RCC_PLLI2SCmd                            0x08002e67   Thumb Code     6  stm32f4xx_rcc.o(.text)
    RCC_PLLSAIConfig                         0x08002e6d   Thumb Code    20  stm32f4xx_rcc.o(.text)
    RCC_PLLSAICmd                            0x08002e81   Thumb Code     6  stm32f4xx_rcc.o(.text)
    RCC_ClockSecuritySystemCmd               0x08002e87   Thumb Code     6  stm32f4xx_rcc.o(.text)
    RCC_MCO1Config                           0x08002e8d   Thumb Code    28  stm32f4xx_rcc.o(.text)
    RCC_MCO2Config                           0x08002ea9   Thumb Code    28  stm32f4xx_rcc.o(.text)
    RCC_SYSCLKConfig                         0x08002ec5   Thumb Code    20  stm32f4xx_rcc.o(.text)
    RCC_GetSYSCLKSource                      0x08002ed9   Thumb Code    12  stm32f4xx_rcc.o(.text)
    RCC_HCLKConfig                           0x08002ee5   Thumb Code    20  stm32f4xx_rcc.o(.text)
    RCC_PCLK1Config                          0x08002ef9   Thumb Code    20  stm32f4xx_rcc.o(.text)
    RCC_PCLK2Config                          0x08002f0d   Thumb Code    22  stm32f4xx_rcc.o(.text)
    RCC_GetClocksFreq                        0x08002f23   Thumb Code   222  stm32f4xx_rcc.o(.text)
    RCC_RTCCLKConfig                         0x08003001   Thumb Code    54  stm32f4xx_rcc.o(.text)
    RCC_RTCCLKCmd                            0x08003037   Thumb Code     8  stm32f4xx_rcc.o(.text)
    RCC_BackupResetCmd                       0x0800303f   Thumb Code     8  stm32f4xx_rcc.o(.text)
    RCC_I2SCLKConfig                         0x08003047   Thumb Code     6  stm32f4xx_rcc.o(.text)
    RCC_SAIPLLI2SClkDivConfig                0x0800304d   Thumb Code    26  stm32f4xx_rcc.o(.text)
    RCC_SAIPLLSAIClkDivConfig                0x08003067   Thumb Code    28  stm32f4xx_rcc.o(.text)
    RCC_SAIBlockACLKConfig                   0x08003083   Thumb Code    20  stm32f4xx_rcc.o(.text)
    RCC_SAIBlockBCLKConfig                   0x08003097   Thumb Code    20  stm32f4xx_rcc.o(.text)
    RCC_LTDCCLKDivConfig                     0x080030ab   Thumb Code    20  stm32f4xx_rcc.o(.text)
    RCC_TIMCLKPresConfig                     0x080030bf   Thumb Code     6  stm32f4xx_rcc.o(.text)
    RCC_AHB1PeriphClockCmd                   0x080030c5   Thumb Code    34  stm32f4xx_rcc.o(.text)
    RCC_AHB2PeriphClockCmd                   0x080030e7   Thumb Code    78  stm32f4xx_rcc.o(.text)
    RCC_AHB3PeriphClockCmd                   0x08003135   Thumb Code    34  stm32f4xx_rcc.o(.text)
    RCC_APB1PeriphClockCmd                   0x08003157   Thumb Code    34  stm32f4xx_rcc.o(.text)
    RCC_APB2PeriphClockCmd                   0x08003179   Thumb Code    34  stm32f4xx_rcc.o(.text)
    RCC_AHB1PeriphResetCmd                   0x0800319b   Thumb Code    34  stm32f4xx_rcc.o(.text)
    RCC_AHB2PeriphResetCmd                   0x080031bd   Thumb Code    34  stm32f4xx_rcc.o(.text)
    RCC_AHB3PeriphResetCmd                   0x080031df   Thumb Code    34  stm32f4xx_rcc.o(.text)
    RCC_APB1PeriphResetCmd                   0x08003201   Thumb Code    34  stm32f4xx_rcc.o(.text)
    RCC_APB2PeriphResetCmd                   0x08003223   Thumb Code    34  stm32f4xx_rcc.o(.text)
    RCC_AHB1PeriphClockLPModeCmd             0x08003245   Thumb Code    34  stm32f4xx_rcc.o(.text)
    RCC_AHB2PeriphClockLPModeCmd             0x08003267   Thumb Code    34  stm32f4xx_rcc.o(.text)
    RCC_AHB3PeriphClockLPModeCmd             0x08003289   Thumb Code    34  stm32f4xx_rcc.o(.text)
    RCC_APB1PeriphClockLPModeCmd             0x080032ab   Thumb Code    34  stm32f4xx_rcc.o(.text)
    RCC_APB2PeriphClockLPModeCmd             0x080032cd   Thumb Code    34  stm32f4xx_rcc.o(.text)
    RCC_LSEModeConfig                        0x080032ef   Thumb Code    40  stm32f4xx_rcc.o(.text)
    RCC_ITConfig                             0x08003317   Thumb Code    34  stm32f4xx_rcc.o(.text)
    RCC_ClearFlag                            0x08003339   Thumb Code    18  stm32f4xx_rcc.o(.text)
    RCC_GetITStatus                          0x0800334b   Thumb Code    22  stm32f4xx_rcc.o(.text)
    RCC_ClearITPendingBit                    0x08003361   Thumb Code     8  stm32f4xx_rcc.o(.text)
    USART_DeInit                             0x0800336d   Thumb Code   206  stm32f4xx_usart.o(.text)
    USART_Init                               0x0800343b   Thumb Code   204  stm32f4xx_usart.o(.text)
    USART_StructInit                         0x08003507   Thumb Code    24  stm32f4xx_usart.o(.text)
    USART_ClockInit                          0x0800351f   Thumb Code    32  stm32f4xx_usart.o(.text)
    USART_ClockStructInit                    0x0800353f   Thumb Code    12  stm32f4xx_usart.o(.text)
    USART_Cmd                                0x0800354b   Thumb Code    24  stm32f4xx_usart.o(.text)
    USART_SetPrescaler                       0x08003563   Thumb Code    16  stm32f4xx_usart.o(.text)
    USART_OverSampling8Cmd                   0x08003573   Thumb Code    22  stm32f4xx_usart.o(.text)
    USART_OneBitMethodCmd                    0x08003589   Thumb Code    24  stm32f4xx_usart.o(.text)
    USART_SendData                           0x080035a1   Thumb Code     8  stm32f4xx_usart.o(.text)
    USART_ReceiveData                        0x080035a9   Thumb Code    10  stm32f4xx_usart.o(.text)
    USART_SetAddress                         0x080035b3   Thumb Code    18  stm32f4xx_usart.o(.text)
    USART_ReceiverWakeUpCmd                  0x080035c5   Thumb Code    24  stm32f4xx_usart.o(.text)
    USART_WakeUpConfig                       0x080035dd   Thumb Code    18  stm32f4xx_usart.o(.text)
    USART_LINBreakDetectLengthConfig         0x080035ef   Thumb Code    18  stm32f4xx_usart.o(.text)
    USART_LINCmd                             0x08003601   Thumb Code    24  stm32f4xx_usart.o(.text)
    USART_SendBreak                          0x08003619   Thumb Code    10  stm32f4xx_usart.o(.text)
    USART_HalfDuplexCmd                      0x08003623   Thumb Code    24  stm32f4xx_usart.o(.text)
    USART_SetGuardTime                       0x0800363b   Thumb Code    16  stm32f4xx_usart.o(.text)
    USART_SmartCardCmd                       0x0800364b   Thumb Code    24  stm32f4xx_usart.o(.text)
    USART_SmartCardNACKCmd                   0x08003663   Thumb Code    24  stm32f4xx_usart.o(.text)
    USART_IrDAConfig                         0x0800367b   Thumb Code    18  stm32f4xx_usart.o(.text)
    USART_IrDACmd                            0x0800368d   Thumb Code    24  stm32f4xx_usart.o(.text)
    USART_DMACmd                             0x080036a5   Thumb Code    18  stm32f4xx_usart.o(.text)
    USART_ITConfig                           0x080036b7   Thumb Code    74  stm32f4xx_usart.o(.text)
    USART_GetFlagStatus                      0x08003701   Thumb Code    26  stm32f4xx_usart.o(.text)
    USART_ClearFlag                          0x0800371b   Thumb Code    18  stm32f4xx_usart.o(.text)
    USART_GetITStatus                        0x0800372d   Thumb Code   118  stm32f4xx_usart.o(.text)
    USART_ClearITPendingBit                  0x080037a3   Thumb Code    30  stm32f4xx_usart.o(.text)
    SYSCFG_DeInit                            0x080037c1   Thumb Code    22  stm32f4xx_syscfg.o(.text)
    SYSCFG_MemoryRemapConfig                 0x080037d7   Thumb Code     6  stm32f4xx_syscfg.o(.text)
    SYSCFG_MemorySwappingBank                0x080037dd   Thumb Code     6  stm32f4xx_syscfg.o(.text)
    SYSCFG_EXTILineConfig                    0x080037e3   Thumb Code    66  stm32f4xx_syscfg.o(.text)
    SYSCFG_ETH_MediaInterfaceConfig          0x08003825   Thumb Code     8  stm32f4xx_syscfg.o(.text)
    SYSCFG_CompensationCellCmd               0x0800382d   Thumb Code     6  stm32f4xx_syscfg.o(.text)
    SYSCFG_GetCompensationCellStatus         0x08003833   Thumb Code    22  stm32f4xx_syscfg.o(.text)
    TIM_DeInit                               0x08003855   Thumb Code   346  stm32f4xx_tim.o(.text)
    TIM_TimeBaseInit                         0x080039af   Thumb Code   104  stm32f4xx_tim.o(.text)
    TIM_TimeBaseStructInit                   0x08003a17   Thumb Code    18  stm32f4xx_tim.o(.text)
    TIM_PrescalerConfig                      0x08003a29   Thumb Code     6  stm32f4xx_tim.o(.text)
    TIM_CounterModeConfig                    0x08003a2f   Thumb Code    18  stm32f4xx_tim.o(.text)
    TIM_SetCounter                           0x08003a41   Thumb Code     4  stm32f4xx_tim.o(.text)
    TIM_SetAutoreload                        0x08003a45   Thumb Code     4  stm32f4xx_tim.o(.text)
    TIM_GetCounter                           0x08003a49   Thumb Code     6  stm32f4xx_tim.o(.text)
    TIM_GetPrescaler                         0x08003a4f   Thumb Code     6  stm32f4xx_tim.o(.text)
    TIM_UpdateDisableConfig                  0x08003a55   Thumb Code    24  stm32f4xx_tim.o(.text)
    TIM_UpdateRequestConfig                  0x08003a6d   Thumb Code    24  stm32f4xx_tim.o(.text)
    TIM_ARRPreloadConfig                     0x08003a85   Thumb Code    24  stm32f4xx_tim.o(.text)
    TIM_SelectOnePulseMode                   0x08003a9d   Thumb Code    18  stm32f4xx_tim.o(.text)
    TIM_SetClockDivision                     0x08003aaf   Thumb Code    18  stm32f4xx_tim.o(.text)
    TIM_Cmd                                  0x08003ac1   Thumb Code    24  stm32f4xx_tim.o(.text)
    TIM_OC1Init                              0x08003ad9   Thumb Code   114  stm32f4xx_tim.o(.text)
    TIM_OC2Init                              0x08003b4b   Thumb Code   154  stm32f4xx_tim.o(.text)
    TIM_OC3Init                              0x08003be5   Thumb Code   204  stm32f4xx_tim.o(.text)
    TIM_OC4Init                              0x08003cb1   Thumb Code   112  stm32f4xx_tim.o(.text)
    TIM_OCStructInit                         0x08003d21   Thumb Code    20  stm32f4xx_tim.o(.text)
    TIM_SelectOCxM                           0x08003d35   Thumb Code    86  stm32f4xx_tim.o(.text)
    TIM_SetCompare1                          0x08003d8b   Thumb Code     4  stm32f4xx_tim.o(.text)
    TIM_SetCompare2                          0x08003d8f   Thumb Code     4  stm32f4xx_tim.o(.text)
    TIM_SetCompare3                          0x08003d93   Thumb Code     4  stm32f4xx_tim.o(.text)
    TIM_SetCompare4                          0x08003d97   Thumb Code     4  stm32f4xx_tim.o(.text)
    TIM_ForcedOC1Config                      0x08003d9b   Thumb Code    18  stm32f4xx_tim.o(.text)
    TIM_ForcedOC2Config                      0x08003dad   Thumb Code    26  stm32f4xx_tim.o(.text)
    TIM_ForcedOC3Config                      0x08003dc7   Thumb Code    18  stm32f4xx_tim.o(.text)
    TIM_ForcedOC4Config                      0x08003dd9   Thumb Code    26  stm32f4xx_tim.o(.text)
    TIM_OC1PreloadConfig                     0x08003df3   Thumb Code    18  stm32f4xx_tim.o(.text)
    TIM_OC2PreloadConfig                     0x08003e05   Thumb Code    26  stm32f4xx_tim.o(.text)
    TIM_OC3PreloadConfig                     0x08003e1f   Thumb Code    18  stm32f4xx_tim.o(.text)
    TIM_OC4PreloadConfig                     0x08003e31   Thumb Code    26  stm32f4xx_tim.o(.text)
    TIM_OC1FastConfig                        0x08003e4b   Thumb Code    18  stm32f4xx_tim.o(.text)
    TIM_OC2FastConfig                        0x08003e5d   Thumb Code    26  stm32f4xx_tim.o(.text)
    TIM_OC3FastConfig                        0x08003e77   Thumb Code    18  stm32f4xx_tim.o(.text)
    TIM_OC4FastConfig                        0x08003e89   Thumb Code    26  stm32f4xx_tim.o(.text)
    TIM_ClearOC1Ref                          0x08003ea3   Thumb Code    18  stm32f4xx_tim.o(.text)
    TIM_ClearOC2Ref                          0x08003eb5   Thumb Code    24  stm32f4xx_tim.o(.text)
    TIM_ClearOC3Ref                          0x08003ecd   Thumb Code    18  stm32f4xx_tim.o(.text)
    TIM_ClearOC4Ref                          0x08003edf   Thumb Code    24  stm32f4xx_tim.o(.text)
    TIM_OC1PolarityConfig                    0x08003ef7   Thumb Code    18  stm32f4xx_tim.o(.text)
    TIM_OC1NPolarityConfig                   0x08003f09   Thumb Code    18  stm32f4xx_tim.o(.text)
    TIM_OC2PolarityConfig                    0x08003f1b   Thumb Code    26  stm32f4xx_tim.o(.text)
    TIM_OC2NPolarityConfig                   0x08003f35   Thumb Code    26  stm32f4xx_tim.o(.text)
    TIM_OC3PolarityConfig                    0x08003f4f   Thumb Code    26  stm32f4xx_tim.o(.text)
    TIM_OC3NPolarityConfig                   0x08003f69   Thumb Code    26  stm32f4xx_tim.o(.text)
    TIM_OC4PolarityConfig                    0x08003f83   Thumb Code    26  stm32f4xx_tim.o(.text)
    TIM_CCxCmd                               0x08003f9d   Thumb Code    30  stm32f4xx_tim.o(.text)
    TIM_CCxNCmd                              0x08003fbb   Thumb Code    30  stm32f4xx_tim.o(.text)
    TIM_SetIC4Prescaler                      0x08003fd9   Thumb Code    26  stm32f4xx_tim.o(.text)
    TIM_SetIC3Prescaler                      0x08004043   Thumb Code    18  stm32f4xx_tim.o(.text)
    TIM_SetIC2Prescaler                      0x0800409d   Thumb Code    26  stm32f4xx_tim.o(.text)
    TIM_SetIC1Prescaler                      0x08004111   Thumb Code    18  stm32f4xx_tim.o(.text)
    TIM_ICInit                               0x0800415d   Thumb Code   110  stm32f4xx_tim.o(.text)
    TIM_ICStructInit                         0x080041cb   Thumb Code    18  stm32f4xx_tim.o(.text)
    TIM_PWMIConfig                           0x080041dd   Thumb Code   124  stm32f4xx_tim.o(.text)
    TIM_GetCapture1                          0x08004259   Thumb Code     6  stm32f4xx_tim.o(.text)
    TIM_GetCapture2                          0x0800425f   Thumb Code     6  stm32f4xx_tim.o(.text)
    TIM_GetCapture3                          0x08004265   Thumb Code     6  stm32f4xx_tim.o(.text)
    TIM_GetCapture4                          0x0800426b   Thumb Code     6  stm32f4xx_tim.o(.text)
    TIM_BDTRConfig                           0x08004271   Thumb Code    32  stm32f4xx_tim.o(.text)
    TIM_BDTRStructInit                       0x08004291   Thumb Code    18  stm32f4xx_tim.o(.text)
    TIM_CtrlPWMOutputs                       0x080042a3   Thumb Code    30  stm32f4xx_tim.o(.text)
    TIM_SelectCOM                            0x080042c1   Thumb Code    24  stm32f4xx_tim.o(.text)
    TIM_CCPreloadControl                     0x080042d9   Thumb Code    24  stm32f4xx_tim.o(.text)
    TIM_ITConfig                             0x080042f1   Thumb Code    18  stm32f4xx_tim.o(.text)
    TIM_GenerateEvent                        0x08004303   Thumb Code     4  stm32f4xx_tim.o(.text)
    TIM_GetFlagStatus                        0x08004307   Thumb Code    18  stm32f4xx_tim.o(.text)
    TIM_ClearFlag                            0x08004319   Thumb Code     6  stm32f4xx_tim.o(.text)
    TIM_GetITStatus                          0x0800431f   Thumb Code    34  stm32f4xx_tim.o(.text)
    TIM_ClearITPendingBit                    0x08004341   Thumb Code     6  stm32f4xx_tim.o(.text)
    TIM_DMAConfig                            0x08004347   Thumb Code    10  stm32f4xx_tim.o(.text)
    TIM_DMACmd                               0x08004351   Thumb Code    18  stm32f4xx_tim.o(.text)
    TIM_SelectCCDMA                          0x08004363   Thumb Code    24  stm32f4xx_tim.o(.text)
    TIM_InternalClockConfig                  0x0800437b   Thumb Code    12  stm32f4xx_tim.o(.text)
    TIM_SelectInputTrigger                   0x08004387   Thumb Code    18  stm32f4xx_tim.o(.text)
    TIM_ITRxExternalClockConfig              0x08004399   Thumb Code    24  stm32f4xx_tim.o(.text)
    TIM_TIxExternalClockConfig               0x080043b1   Thumb Code    62  stm32f4xx_tim.o(.text)
    TIM_ETRConfig                            0x080043ef   Thumb Code    28  stm32f4xx_tim.o(.text)
    TIM_ETRClockMode1Config                  0x0800440b   Thumb Code    54  stm32f4xx_tim.o(.text)
    TIM_ETRClockMode2Config                  0x08004441   Thumb Code    32  stm32f4xx_tim.o(.text)
    TIM_SelectOutputTrigger                  0x08004461   Thumb Code    18  stm32f4xx_tim.o(.text)
    TIM_SelectSlaveMode                      0x08004473   Thumb Code    18  stm32f4xx_tim.o(.text)
    TIM_SelectMasterSlaveMode                0x08004485   Thumb Code    18  stm32f4xx_tim.o(.text)
    TIM_EncoderInterfaceConfig               0x08004497   Thumb Code    66  stm32f4xx_tim.o(.text)
    TIM_SelectHallSensor                     0x080044d9   Thumb Code    24  stm32f4xx_tim.o(.text)
    TIM_RemapConfig                          0x080044f1   Thumb Code     6  stm32f4xx_tim.o(.text)
    EXTI_DeInit                              0x080044f9   Thumb Code    28  stm32f4xx_exti.o(.text)
    EXTI_Init                                0x08004515   Thumb Code   142  stm32f4xx_exti.o(.text)
    EXTI_StructInit                          0x080045a3   Thumb Code    16  stm32f4xx_exti.o(.text)
    EXTI_GenerateSWInterrupt                 0x080045b3   Thumb Code    16  stm32f4xx_exti.o(.text)
    EXTI_GetFlagStatus                       0x080045c3   Thumb Code    22  stm32f4xx_exti.o(.text)
    EXTI_ClearFlag                           0x080045d9   Thumb Code     8  stm32f4xx_exti.o(.text)
    EXTI_GetITStatus                         0x080045e1   Thumb Code    22  stm32f4xx_exti.o(.text)
    EXTI_ClearITPendingBit                   0x080045f7   Thumb Code     8  stm32f4xx_exti.o(.text)
    DMA_DeInit                               0x08004609   Thumb Code   324  stm32f4xx_dma.o(.text)
    DMA_Init                                 0x0800474d   Thumb Code    82  stm32f4xx_dma.o(.text)
    DMA_StructInit                           0x0800479f   Thumb Code    34  stm32f4xx_dma.o(.text)
    DMA_Cmd                                  0x080047c1   Thumb Code    22  stm32f4xx_dma.o(.text)
    DMA_PeriphIncOffsetSizeConfig            0x080047d7   Thumb Code    22  stm32f4xx_dma.o(.text)
    DMA_FlowControllerConfig                 0x080047ed   Thumb Code    22  stm32f4xx_dma.o(.text)
    DMA_SetCurrDataCounter                   0x08004803   Thumb Code     4  stm32f4xx_dma.o(.text)
    DMA_GetCurrDataCounter                   0x08004807   Thumb Code     8  stm32f4xx_dma.o(.text)
    DMA_DoubleBufferModeConfig               0x0800480f   Thumb Code    24  stm32f4xx_dma.o(.text)
    DMA_DoubleBufferModeCmd                  0x08004827   Thumb Code    22  stm32f4xx_dma.o(.text)
    DMA_MemoryTargetConfig                   0x0800483d   Thumb Code    10  stm32f4xx_dma.o(.text)
    DMA_GetCurrentMemoryTarget               0x08004847   Thumb Code    20  stm32f4xx_dma.o(.text)
    DMA_GetCmdStatus                         0x0800485b   Thumb Code    20  stm32f4xx_dma.o(.text)
    DMA_GetFIFOStatus                        0x0800486f   Thumb Code    12  stm32f4xx_dma.o(.text)
    DMA_GetFlagStatus                        0x0800487b   Thumb Code    56  stm32f4xx_dma.o(.text)
    DMA_ClearFlag                            0x080048b3   Thumb Code    40  stm32f4xx_dma.o(.text)
    DMA_ITConfig                             0x080048db   Thumb Code    58  stm32f4xx_dma.o(.text)
    DMA_GetITStatus                          0x08004915   Thumb Code    84  stm32f4xx_dma.o(.text)
    DMA_ClearITPendingBit                    0x08004969   Thumb Code    40  stm32f4xx_dma.o(.text)
    NBBCxx_parser                            0x080049b1   Thumb Code   124  nb_at.o(.text)
    USART2_IRQHandler                        0x08004a2d   Thumb Code   102  nb_at.o(.text)
    TIM7_IRQHandler                          0x08004a93   Thumb Code    46  nb_at.o(.text)
    USART2_init                              0x08004b13   Thumb Code   170  nb_at.o(.text)
    UARTx_write                              0x08004bbd   Thumb Code    40  nb_at.o(.text)
    NBAT_init                                0x08004be5   Thumb Code    24  nb_at.o(.text)
    NBAT_send                                0x08004bfd   Thumb Code    36  nb_at.o(.text)
    NBAT_checkCmd                            0x08004c21   Thumb Code    44  nb_at.o(.text)
    NBAT_checkUrc                            0x08004c4d   Thumb Code    26  nb_at.o(.text)
    NBAT_sendCmd                             0x08004c67   Thumb Code   248  nb_at.o(.text)
    NBAT_getUrc                              0x08004d5f   Thumb Code    74  nb_at.o(.text)
    NBAT_recvData                            0x08004da9   Thumb Code   246  nb_at.o(.text)
    NBAT_recv_down_cmd                       0x08004e9f   Thumb Code    36  nb_at.o(.text)
    hexToStr                                 0x08004ed5   Thumb Code    64  nb_interface.o(.text)
    strToHex                                 0x08004f15   Thumb Code   190  nb_interface.o(.text)
    leftSlice                                0x08004fd3   Thumb Code    56  nb_interface.o(.text)
    rightSlice                               0x0800500b   Thumb Code    52  nb_interface.o(.text)
    substring                                0x0800503f   Thumb Code    72  nb_interface.o(.text)
    NBBCxx_init                              0x08005087   Thumb Code     8  nb_interface.o(.text)
    NBBCxx_checkModel                        0x0800508f   Thumb Code    38  nb_interface.o(.text)
    NBBCxx_reboot                            0x080050b5   Thumb Code    30  nb_interface.o(.text)
    NBBCxx_getACK                            0x080050d3   Thumb Code    30  nb_interface.o(.text)
    NBBCxx_setCMEE                           0x080050f1   Thumb Code    30  nb_interface.o(.text)
    NBBCxx_getNBAND                          0x0800510f   Thumb Code    38  nb_interface.o(.text)
    NBBCxx_getCIMI                           0x08005135   Thumb Code    54  nb_interface.o(.text)
    NBBCxx_setCGATT                          0x0800516b   Thumb Code    54  nb_interface.o(.text)
    NBBCxx_getCSQ                            0x080051a1   Thumb Code    74  nb_interface.o(.text)
    NBBCxx_getCEREG                          0x080051eb   Thumb Code    70  nb_interface.o(.text)
    NBBCxx_setCEREG                          0x08005231   Thumb Code    30  nb_interface.o(.text)
    NBBCxx_getCOPS                           0x0800524f   Thumb Code    70  nb_interface.o(.text)
    NBBCxx_setNCDP                           0x08005295   Thumb Code   720  nb_interface.o(.text)
    NBBCxx_setNMGS_char                      0x08005565   Thumb Code    56  nb_interface.o(.text)
    NBBCxx_setCGDCONT                        0x0800559d   Thumb Code    32  nb_interface.o(.text)
    NBBCxx_getCGATT                          0x080055bd   Thumb Code    48  nb_interface.o(.text)
    NBBCxx_getCSCON                          0x080055ed   Thumb Code    74  nb_interface.o(.text)
    NBBCxx_setUrcTable                       0x08005637   Thumb Code     6  nb_interface.o(.text)
    NBBCxx_getUrc                            0x080056e5   Thumb Code    58  nb_interface.o(.text)
    sim800a_check_cmd                        0x0800582d   Thumb Code    52  sim800a.o(.text)
    sim800a_send_cmd                         0x08005861   Thumb Code    92  sim800a.o(.text)
    sim800a_send_data                        0x080058bd   Thumb Code    84  sim800a.o(.text)
    sim800a_pdu_init                         0x08005911   Thumb Code    64  sim800a.o(.text)
    sim800a_send_warning                     0x08005951   Thumb Code    70  sim800a.o(.text)
    USART6_IRQHandler                        0x08005ac5   Thumb Code    96  usart6.o(.text)
    usart6_init                              0x08005b25   Thumb Code   188  usart6.o(.text)
    u6_printf                                0x08005be1   Thumb Code    72  usart6.o(.text)
    __use_no_semihosting                     0x08005c41   Thumb Code     2  use_no_semi_2.o(.text)
    __c89vsprintf                            0x08005c45   Thumb Code    32  c89vsprintf.o(.text)
    __2printf                                0x08005c69   Thumb Code    20  __2printf.o(.text)
    __2sprintf                               0x08005c81   Thumb Code    38  __2sprintf.o(.text)
    _printf_pre_padding                      0x08005cad   Thumb Code    44  _printf_pad.o(.text)
    _printf_post_padding                     0x08005cd9   Thumb Code    34  _printf_pad.o(.text)
    _printf_str                              0x08005cfb   Thumb Code    82  _printf_str.o(.text)
    _printf_int_dec                          0x08005d4d   Thumb Code   104  _printf_dec.o(.text)
    __printf                                 0x08005dc5   Thumb Code   388  __printf_flags_ss_wp.o(.text)
    strstr                                   0x08005f4d   Thumb Code    36  strstr.o(.text)
    strlen                                   0x08005f71   Thumb Code    62  strlen.o(.text)
    strncmp                                  0x08005faf   Thumb Code   150  strncmp.o(.text)
    __aeabi_memcpy                           0x08006045   Thumb Code     0  rt_memcpy_v6.o(.text)
    __rt_memcpy                              0x08006045   Thumb Code   138  rt_memcpy_v6.o(.text)
    _memcpy_lastbytes                        0x080060ab   Thumb Code     0  rt_memcpy_v6.o(.text)
    __aeabi_memclr                           0x080060cf   Thumb Code     0  rt_memclr.o(.text)
    __rt_memclr                              0x080060cf   Thumb Code    68  rt_memclr.o(.text)
    _memset                                  0x080060d3   Thumb Code     0  rt_memclr.o(.text)
    __aeabi_memclr4                          0x08006113   Thumb Code     0  rt_memclr_w.o(.text)
    __aeabi_memclr8                          0x08006113   Thumb Code     0  rt_memclr_w.o(.text)
    __rt_memclr_w                            0x08006113   Thumb Code    78  rt_memclr_w.o(.text)
    _memset_w                                0x08006117   Thumb Code     0  rt_memclr_w.o(.text)
    __use_two_region_memory                  0x08006161   Thumb Code     2  heapauxi.o(.text)
    __rt_heap_escrow$2region                 0x08006163   Thumb Code     2  heapauxi.o(.text)
    __rt_heap_expand$2region                 0x08006165   Thumb Code     2  heapauxi.o(.text)
    __I$use$semihosting                      0x08006167   Thumb Code     0  use_no_semi.o(.text)
    __use_no_semihosting_swi                 0x08006167   Thumb Code     2  use_no_semi.o(.text)
    __read_errno                             0x08006169   Thumb Code    10  _rserrno.o(.text)
    __set_errno                              0x08006173   Thumb Code    12  _rserrno.o(.text)
    _printf_truncate_signed                  0x0800617f   Thumb Code    18  _printf_truncate.o(.text)
    _printf_truncate_unsigned                0x08006191   Thumb Code    18  _printf_truncate.o(.text)
    _printf_int_common                       0x080061a3   Thumb Code   178  _printf_intcommon.o(.text)
    _printf_charcount                        0x08006255   Thumb Code    40  _printf_charcount.o(.text)
    __lib_sel_fp_printf                      0x0800627d   Thumb Code     2  _printf_fp_dec.o(.text)
    _printf_fp_dec_real                      0x0800642f   Thumb Code   620  _printf_fp_dec.o(.text)
    _printf_char_common                      0x080066a7   Thumb Code    32  _printf_char_common.o(.text)
    _sputc                                   0x080066cd   Thumb Code    10  _sputc.o(.text)
    _printf_cs_common                        0x080066d7   Thumb Code    20  _printf_char.o(.text)
    _printf_char                             0x080066eb   Thumb Code    16  _printf_char.o(.text)
    _printf_string                           0x080066fb   Thumb Code     8  _printf_char.o(.text)
    _printf_char_file                        0x08006705   Thumb Code    32  _printf_char_file.o(.text)
    _printf_wctomb                           0x08006729   Thumb Code   182  _printf_wctomb.o(.text)
    _printf_longlong_dec                     0x080067e5   Thumb Code   108  _printf_longlong_dec.o(.text)
    _printf_longlong_oct                     0x08006861   Thumb Code    66  _printf_oct_int_ll.o(.text)
    _printf_int_oct                          0x080068a3   Thumb Code    24  _printf_oct_int_ll.o(.text)
    _printf_ll_oct                           0x080068bb   Thumb Code    12  _printf_oct_int_ll.o(.text)
    _printf_longlong_hex                     0x080068d1   Thumb Code    86  _printf_hex_int_ll_ptr.o(.text)
    _printf_int_hex                          0x08006927   Thumb Code    28  _printf_hex_int_ll_ptr.o(.text)
    _printf_ll_hex                           0x08006943   Thumb Code    12  _printf_hex_int_ll_ptr.o(.text)
    _printf_hex_ptr                          0x0800694f   Thumb Code    18  _printf_hex_int_ll_ptr.o(.text)
    __aeabi_memcpy4                          0x08006965   Thumb Code     0  rt_memcpy_w.o(.text)
    __aeabi_memcpy8                          0x08006965   Thumb Code     0  rt_memcpy_w.o(.text)
    __rt_memcpy_w                            0x08006965   Thumb Code   100  rt_memcpy_w.o(.text)
    _memcpy_lastbytes_aligned                0x080069ad   Thumb Code     0  rt_memcpy_w.o(.text)
    __rt_locale                              0x080069c9   Thumb Code     8  rt_locale_intlibspace.o(.text)
    __aeabi_errno_addr                       0x080069d1   Thumb Code     8  rt_errno_addr_intlibspace.o(.text)
    __errno$intlibspace                      0x080069d1   Thumb Code     0  rt_errno_addr_intlibspace.o(.text)
    __rt_errno_addr$intlibspace              0x080069d1   Thumb Code     0  rt_errno_addr_intlibspace.o(.text)
    _ll_udiv10                               0x080069d9   Thumb Code   138  lludiv10.o(.text)
    _printf_fp_infnan                        0x08006a65   Thumb Code   112  _printf_fp_infnan.o(.text)
    _printf_lcs_common                       0x08006ae5   Thumb Code    20  _printf_wchar.o(.text)
    _printf_wchar                            0x08006af9   Thumb Code    16  _printf_wchar.o(.text)
    _printf_wstring                          0x08006b09   Thumb Code     8  _printf_wchar.o(.text)
    _btod_etento                             0x08006b11   Thumb Code   224  bigflt0.o(.text)
    ferror                                   0x08006bf5   Thumb Code     8  ferror.o(.text)
    _wcrtomb                                 0x08006bfd   Thumb Code    64  _wcrtomb.o(.text)
    __user_libspace                          0x08006c3d   Thumb Code     8  libspace.o(.text)
    __user_perproc_libspace                  0x08006c3d   Thumb Code     0  libspace.o(.text)
    __user_perthread_libspace                0x08006c3d   Thumb Code     0  libspace.o(.text)
    __user_setup_stackheap                   0x08006c45   Thumb Code    74  sys_stackheap_outer.o(.text)
    __rt_ctype_table                         0x08006c91   Thumb Code    16  rt_ctype_table.o(.text)
    exit                                     0x08006ca1   Thumb Code    18  exit.o(.text)
    strcmp                                   0x08006cb5   Thumb Code   128  strcmpv7m.o(.text)
    _btod_d2e                                0x08006d35   Thumb Code    62  btod.o(CL$$btod_d2e)
    _d2e_denorm_low                          0x08006d73   Thumb Code    70  btod.o(CL$$btod_d2e_denorm_low)
    _d2e_norm_op1                            0x08006db9   Thumb Code    96  btod.o(CL$$btod_d2e_norm_op1)
    __btod_div_common                        0x08006e19   Thumb Code   696  btod.o(CL$$btod_div_common)
    _e2e                                     0x08007151   Thumb Code   220  btod.o(CL$$btod_e2e)
    _btod_ediv                               0x0800722d   Thumb Code    42  btod.o(CL$$btod_ediv)
    _btod_emul                               0x08007257   Thumb Code    42  btod.o(CL$$btod_emul)
    __btod_mult_common                       0x08007281   Thumb Code   580  btod.o(CL$$btod_mult_common)
    __ARM_fpclassify                         0x080074c5   Thumb Code    48  fpclassify.o(i.__ARM_fpclassify)
    __hardfp_pow                             0x080074f9   Thumb Code  3072  pow.o(i.__hardfp_pow)
    __kernel_poly                            0x08008149   Thumb Code   248  poly.o(i.__kernel_poly)
    __mathlib_dbl_divzero                    0x08008241   Thumb Code    28  dunder.o(i.__mathlib_dbl_divzero)
    __mathlib_dbl_infnan2                    0x08008271   Thumb Code    20  dunder.o(i.__mathlib_dbl_infnan2)
    __mathlib_dbl_invalid                    0x08008289   Thumb Code    24  dunder.o(i.__mathlib_dbl_invalid)
    __mathlib_dbl_overflow                   0x080082a9   Thumb Code    24  dunder.o(i.__mathlib_dbl_overflow)
    __mathlib_dbl_underflow                  0x080082c9   Thumb Code    24  dunder.o(i.__mathlib_dbl_underflow)
    _is_digit                                0x080082e9   Thumb Code    14  __printf_wp.o(i._is_digit)
    fabs                                     0x080082f7   Thumb Code    24  fabs.o(i.fabs)
    sqrt                                     0x0800830f   Thumb Code   110  sqrt.o(i.sqrt)
    _get_lc_numeric                          0x0800837d   Thumb Code    44  lc_numeric_c.o(locale$$code)
    _get_lc_ctype                            0x080083a9   Thumb Code    44  lc_ctype_c.o(locale$$code)
    __aeabi_dneg                             0x080083d5   Thumb Code     0  basic.o(x$fpl$basic)
    _dneg                                    0x080083d5   Thumb Code     6  basic.o(x$fpl$basic)
    __aeabi_fneg                             0x080083db   Thumb Code     0  basic.o(x$fpl$basic)
    _fneg                                    0x080083db   Thumb Code     6  basic.o(x$fpl$basic)
    _dabs                                    0x080083e1   Thumb Code     6  basic.o(x$fpl$basic)
    _fabs                                    0x080083e7   Thumb Code     6  basic.o(x$fpl$basic)
    __aeabi_d2f                              0x080083ed   Thumb Code     0  d2f.o(x$fpl$d2f)
    _d2f                                     0x080083ed   Thumb Code    98  d2f.o(x$fpl$d2f)
    __aeabi_dadd                             0x08008451   Thumb Code     0  daddsub_clz.o(x$fpl$dadd)
    _dadd                                    0x08008451   Thumb Code   332  daddsub_clz.o(x$fpl$dadd)
    __fpl_dcheck_NaN1                        0x080085a1   Thumb Code    10  dcheck1.o(x$fpl$dcheck1)
    __fpl_dcmp_Inf                           0x080085b1   Thumb Code    24  dcmpi.o(x$fpl$dcmpinf)
    __aeabi_ddiv                             0x080085c9   Thumb Code     0  ddiv.o(x$fpl$ddiv)
    _ddiv                                    0x080085c9   Thumb Code   552  ddiv.o(x$fpl$ddiv)
    __aeabi_i2d                              0x08008879   Thumb Code     0  dflt_clz.o(x$fpl$dflt)
    _dflt                                    0x08008879   Thumb Code    46  dflt_clz.o(x$fpl$dflt)
    __aeabi_cdcmple                          0x080088a9   Thumb Code     0  dleqf.o(x$fpl$dleqf)
    _dcmple                                  0x080088a9   Thumb Code   120  dleqf.o(x$fpl$dleqf)
    __fpl_dcmple_InfNaN                      0x0800890b   Thumb Code     0  dleqf.o(x$fpl$dleqf)
    __aeabi_dmul                             0x08008921   Thumb Code     0  dmul.o(x$fpl$dmul)
    _dmul                                    0x08008921   Thumb Code   332  dmul.o(x$fpl$dmul)
    __fpl_dnaninf                            0x08008a75   Thumb Code   156  dnaninf.o(x$fpl$dnaninf)
    __fpl_dretinf                            0x08008b11   Thumb Code    12  dretinf.o(x$fpl$dretinf)
    __aeabi_cdrcmple                         0x08008b1d   Thumb Code     0  drleqf.o(x$fpl$drleqf)
    _drcmple                                 0x08008b1d   Thumb Code   108  drleqf.o(x$fpl$drleqf)
    __aeabi_drsub                            0x08008b89   Thumb Code     0  daddsub_clz.o(x$fpl$drsb)
    _drsb                                    0x08008b89   Thumb Code    22  daddsub_clz.o(x$fpl$drsb)
    _dsqrt                                   0x08008ba1   Thumb Code   404  dsqrt_umaal.o(x$fpl$dsqrt)
    __aeabi_dsub                             0x08008d39   Thumb Code     0  daddsub_clz.o(x$fpl$dsub)
    _dsub                                    0x08008d39   Thumb Code   464  daddsub_clz.o(x$fpl$dsub)
    __aeabi_f2d                              0x08008f0d   Thumb Code     0  f2d.o(x$fpl$f2d)
    _f2d                                     0x08008f0d   Thumb Code    86  f2d.o(x$fpl$f2d)
    __fpl_fnaninf                            0x08008f63   Thumb Code   140  fnaninf.o(x$fpl$fnaninf)
    _fp_init                                 0x08008fef   Thumb Code    10  fpinit.o(x$fpl$fpinit)
    __fplib_config_fpu_vfp                   0x08008ff7   Thumb Code     0  fpinit.o(x$fpl$fpinit)
    __fplib_config_pureend_doubles           0x08008ff7   Thumb Code     0  fpinit.o(x$fpl$fpinit)
    __fpl_fretinf                            0x08008ff9   Thumb Code    10  fretinf.o(x$fpl$fretinf)
    _printf_fp_dec                           0x08009003   Thumb Code     4  printf1.o(x$fpl$printf1)
    __fpl_return_NaN                         0x08009007   Thumb Code   100  retnan.o(x$fpl$retnan)
    __ARM_scalbn                             0x0800906b   Thumb Code    92  scalbn.o(x$fpl$scalbn)
    __fpl_cmpreturn                          0x080090c7   Thumb Code    48  trapv.o(x$fpl$trapveneer)
    __I$use$fp                               0x080090f6   Number         0  usenofp.o(x$fpl$usenofp)
    hexStrTable                              0x08009104   Data          16  nb_interface.o(.constdata)
    __mathlib_zero                           0x080091e0   Data           8  qnan.o(.constdata)
    Region$$Table$$Base                      0x0800992c   Number         0  anon$$obj.o(Region$$Table)
    Region$$Table$$Limit                     0x0800994c   Number         0  anon$$obj.o(Region$$Table)
    __ctype                                  0x08009975   Data           0  lc_ctype_c.o(locale$$data)
    Parlour_light_state                      0x20000000   Data           1  main.o(.data)
    Bedroom_light_state                      0x20000001   Data           1  main.o(.data)
    Kitchen_light_state                      0x20000002   Data           1  main.o(.data)
    air_conditian_state                      0x20000003   Data           1  main.o(.data)
    SystemCoreClock                          0x20000004   Data           4  system_stm32f4xx.o(.data)
    AHBPrescTable                            0x20000008   Data          16  system_stm32f4xx.o(.data)
    tim2count                                0x20000018   Data           1  timer.o(.data)
    USART3_RX_STA                            0x2000001a   Data           2  usart3.o(.data)
    UART4_RX_STA                             0x2000001c   Data           2  uart4.o(.data)
    __stdout                                 0x20000024   Data           4  usart.o(.data)
    USART_RX_STA                             0x20000028   Data           2  usart.o(.data)
    msg_warning                              0x2000003c   Data           4  sim800a.o(.data)
    USART6_RX_STA                            0x20000040   Data           2  usart6.o(.data)
    results                                  0x20000044   Data         240  mq_sensor.o(.bss)
    res                                      0x20000134   Data          24  mq_sensor.o(.bss)
    USART3_TX_BUF                            0x20000150   Data         400  usart3.o(.bss)
    USART3_RX_BUF                            0x200002e0   Data         400  usart3.o(.bss)
    UART4_TX_BUF                             0x20000470   Data         400  uart4.o(.bss)
    UART4_RX_BUF                             0x20000600   Data         400  uart4.o(.bss)
    USART_RX_BUF                             0x20000790   Data         200  usart.o(.bss)
    tmpData                                  0x20000dd8   Data         512  nb_interface.o(.bss)
    USART6_TX_BUF                            0x20000fd8   Data         400  usart6.o(.bss)
    USART6_RX_BUF                            0x20001168   Data         400  usart6.o(.bss)
    __libspace_start                         0x200012f8   Data          96  libspace.o(.bss)
    __temporary_stack_top$libspace           0x20001358   Data           0  libspace.o(.bss)



==============================================================================

Memory Map of the image

  Image Entry point : 0x08000189

  Load Region LR_IROM1 (Base: 0x08000000, Size: 0x00009abc, Max: 0x00080000, ABSOLUTE)

    Execution Region ER_IROM1 (Exec base: 0x08000000, Load base: 0x08000000, Size: 0x00009a78, Max: 0x00080000, ABSOLUTE)

    Exec Addr    Load Addr    Size         Type   Attr      Idx    E Section Name        Object

    0x08000000   0x08000000   0x00000188   Data   RO          675    RESET               startup_stm32f40_41xxx.o
    0x08000188   0x08000188   0x00000008   Code   RO         1059  * !!!main             c_w.l(__main.o)
    0x08000190   0x08000190   0x00000034   Code   RO         1448    !!!scatter          c_w.l(__scatter.o)
    0x080001c4   0x080001c4   0x0000001a   Code   RO         1450    !!handler_copy      c_w.l(__scatter_copy.o)
    0x080001de   0x080001de   0x00000002   PAD
    0x080001e0   0x080001e0   0x0000001c   Code   RO         1452    !!handler_zi        c_w.l(__scatter_zi.o)
    0x080001fc   0x080001fc   0x00000000   Code   RO         1044    .ARM.Collect$$_printf_percent$$00000000  c_w.l(_printf_percent.o)
    0x080001fc   0x080001fc   0x00000006   Code   RO         1136    .ARM.Collect$$_printf_percent$$00000001  c_w.l(_printf_n.o)
    0x08000202   0x08000202   0x00000006   Code   RO         1138    .ARM.Collect$$_printf_percent$$00000002  c_w.l(_printf_p.o)
    0x08000208   0x08000208   0x00000006   Code   RO         1043    .ARM.Collect$$_printf_percent$$00000003  c_w.l(_printf_f.o)
    0x0800020e   0x0800020e   0x00000006   Code   RO         1142    .ARM.Collect$$_printf_percent$$00000004  c_w.l(_printf_e.o)
    0x08000214   0x08000214   0x00000006   Code   RO         1143    .ARM.Collect$$_printf_percent$$00000005  c_w.l(_printf_g.o)
    0x0800021a   0x0800021a   0x00000006   Code   RO         1144    .ARM.Collect$$_printf_percent$$00000006  c_w.l(_printf_a.o)
    0x08000220   0x08000220   0x0000000a   Code   RO         1149    .ARM.Collect$$_printf_percent$$00000007  c_w.l(_printf_ll.o)
    0x0800022a   0x0800022a   0x00000006   Code   RO         1140    .ARM.Collect$$_printf_percent$$00000008  c_w.l(_printf_i.o)
    0x08000230   0x08000230   0x00000006   Code   RO         1042    .ARM.Collect$$_printf_percent$$00000009  c_w.l(_printf_d.o)
    0x08000236   0x08000236   0x00000006   Code   RO         1141    .ARM.Collect$$_printf_percent$$0000000A  c_w.l(_printf_u.o)
    0x0800023c   0x0800023c   0x00000006   Code   RO         1139    .ARM.Collect$$_printf_percent$$0000000B  c_w.l(_printf_o.o)
    0x08000242   0x08000242   0x00000006   Code   RO         1137    .ARM.Collect$$_printf_percent$$0000000C  c_w.l(_printf_x.o)
    0x08000248   0x08000248   0x00000006   Code   RO         1146    .ARM.Collect$$_printf_percent$$0000000D  c_w.l(_printf_lli.o)
    0x0800024e   0x0800024e   0x00000006   Code   RO         1147    .ARM.Collect$$_printf_percent$$0000000E  c_w.l(_printf_lld.o)
    0x08000254   0x08000254   0x00000006   Code   RO         1148    .ARM.Collect$$_printf_percent$$0000000F  c_w.l(_printf_llu.o)
    0x0800025a   0x0800025a   0x00000006   Code   RO         1153    .ARM.Collect$$_printf_percent$$00000010  c_w.l(_printf_llo.o)
    0x08000260   0x08000260   0x00000006   Code   RO         1154    .ARM.Collect$$_printf_percent$$00000011  c_w.l(_printf_llx.o)
    0x08000266   0x08000266   0x0000000a   Code   RO         1150    .ARM.Collect$$_printf_percent$$00000012  c_w.l(_printf_l.o)
    0x08000270   0x08000270   0x00000006   Code   RO         1040    .ARM.Collect$$_printf_percent$$00000013  c_w.l(_printf_c.o)
    0x08000276   0x08000276   0x00000006   Code   RO         1041    .ARM.Collect$$_printf_percent$$00000014  c_w.l(_printf_s.o)
    0x0800027c   0x0800027c   0x00000006   Code   RO         1151    .ARM.Collect$$_printf_percent$$00000015  c_w.l(_printf_lc.o)
    0x08000282   0x08000282   0x00000006   Code   RO         1152    .ARM.Collect$$_printf_percent$$00000016  c_w.l(_printf_ls.o)
    0x08000288   0x08000288   0x00000004   Code   RO         1145    .ARM.Collect$$_printf_percent$$00000017  c_w.l(_printf_percent_end.o)
    0x0800028c   0x0800028c   0x00000002   Code   RO         1316    .ARM.Collect$$libinit$$00000000  c_w.l(libinit.o)
    0x0800028e   0x0800028e   0x00000004   Code   RO         1317    .ARM.Collect$$libinit$$00000001  c_w.l(libinit2.o)
    0x08000292   0x08000292   0x00000000   Code   RO         1320    .ARM.Collect$$libinit$$00000004  c_w.l(libinit2.o)
    0x08000292   0x08000292   0x00000000   Code   RO         1323    .ARM.Collect$$libinit$$0000000A  c_w.l(libinit2.o)
    0x08000292   0x08000292   0x00000000   Code   RO         1325    .ARM.Collect$$libinit$$0000000C  c_w.l(libinit2.o)
    0x08000292   0x08000292   0x00000000   Code   RO         1327    .ARM.Collect$$libinit$$0000000E  c_w.l(libinit2.o)
    0x08000292   0x08000292   0x00000006   Code   RO         1328    .ARM.Collect$$libinit$$0000000F  c_w.l(libinit2.o)
    0x08000298   0x08000298   0x00000000   Code   RO         1330    .ARM.Collect$$libinit$$00000011  c_w.l(libinit2.o)
    0x08000298   0x08000298   0x0000000c   Code   RO         1331    .ARM.Collect$$libinit$$00000012  c_w.l(libinit2.o)
    0x080002a4   0x080002a4   0x00000000   Code   RO         1332    .ARM.Collect$$libinit$$00000013  c_w.l(libinit2.o)
    0x080002a4   0x080002a4   0x00000000   Code   RO         1334    .ARM.Collect$$libinit$$00000015  c_w.l(libinit2.o)
    0x080002a4   0x080002a4   0x0000000a   Code   RO         1335    .ARM.Collect$$libinit$$00000016  c_w.l(libinit2.o)
    0x080002ae   0x080002ae   0x00000000   Code   RO         1336    .ARM.Collect$$libinit$$00000017  c_w.l(libinit2.o)
    0x080002ae   0x080002ae   0x00000000   Code   RO         1338    .ARM.Collect$$libinit$$00000019  c_w.l(libinit2.o)
    0x080002ae   0x080002ae   0x00000000   Code   RO         1340    .ARM.Collect$$libinit$$0000001B  c_w.l(libinit2.o)
    0x080002ae   0x080002ae   0x00000000   Code   RO         1342    .ARM.Collect$$libinit$$0000001D  c_w.l(libinit2.o)
    0x080002ae   0x080002ae   0x00000000   Code   RO         1344    .ARM.Collect$$libinit$$0000001F  c_w.l(libinit2.o)
    0x080002ae   0x080002ae   0x00000000   Code   RO         1346    .ARM.Collect$$libinit$$00000021  c_w.l(libinit2.o)
    0x080002ae   0x080002ae   0x00000000   Code   RO         1348    .ARM.Collect$$libinit$$00000023  c_w.l(libinit2.o)
    0x080002ae   0x080002ae   0x00000000   Code   RO         1350    .ARM.Collect$$libinit$$00000025  c_w.l(libinit2.o)
    0x080002ae   0x080002ae   0x00000000   Code   RO         1354    .ARM.Collect$$libinit$$0000002C  c_w.l(libinit2.o)
    0x080002ae   0x080002ae   0x00000000   Code   RO         1356    .ARM.Collect$$libinit$$0000002E  c_w.l(libinit2.o)
    0x080002ae   0x080002ae   0x00000000   Code   RO         1358    .ARM.Collect$$libinit$$00000030  c_w.l(libinit2.o)
    0x080002ae   0x080002ae   0x00000000   Code   RO         1360    .ARM.Collect$$libinit$$00000032  c_w.l(libinit2.o)
    0x080002ae   0x080002ae   0x00000002   Code   RO         1361    .ARM.Collect$$libinit$$00000033  c_w.l(libinit2.o)
    0x080002b0   0x080002b0   0x00000002   Code   RO         1398    .ARM.Collect$$libshutdown$$00000000  c_w.l(libshutdown.o)
    0x080002b2   0x080002b2   0x00000000   Code   RO         1407    .ARM.Collect$$libshutdown$$00000002  c_w.l(libshutdown2.o)
    0x080002b2   0x080002b2   0x00000000   Code   RO         1409    .ARM.Collect$$libshutdown$$00000004  c_w.l(libshutdown2.o)
    0x080002b2   0x080002b2   0x00000000   Code   RO         1412    .ARM.Collect$$libshutdown$$00000007  c_w.l(libshutdown2.o)
    0x080002b2   0x080002b2   0x00000000   Code   RO         1415    .ARM.Collect$$libshutdown$$0000000A  c_w.l(libshutdown2.o)
    0x080002b2   0x080002b2   0x00000000   Code   RO         1417    .ARM.Collect$$libshutdown$$0000000C  c_w.l(libshutdown2.o)
    0x080002b2   0x080002b2   0x00000000   Code   RO         1420    .ARM.Collect$$libshutdown$$0000000F  c_w.l(libshutdown2.o)
    0x080002b2   0x080002b2   0x00000002   Code   RO         1421    .ARM.Collect$$libshutdown$$00000010  c_w.l(libshutdown2.o)
    0x080002b4   0x080002b4   0x00000000   Code   RO         1085    .ARM.Collect$$rtentry$$00000000  c_w.l(__rtentry.o)
    0x080002b4   0x080002b4   0x00000000   Code   RO         1226    .ARM.Collect$$rtentry$$00000002  c_w.l(__rtentry2.o)
    0x080002b4   0x080002b4   0x00000006   Code   RO         1238    .ARM.Collect$$rtentry$$00000004  c_w.l(__rtentry4.o)
    0x080002ba   0x080002ba   0x00000000   Code   RO         1228    .ARM.Collect$$rtentry$$00000009  c_w.l(__rtentry2.o)
    0x080002ba   0x080002ba   0x00000004   Code   RO         1229    .ARM.Collect$$rtentry$$0000000A  c_w.l(__rtentry2.o)
    0x080002be   0x080002be   0x00000000   Code   RO         1231    .ARM.Collect$$rtentry$$0000000C  c_w.l(__rtentry2.o)
    0x080002be   0x080002be   0x00000008   Code   RO         1232    .ARM.Collect$$rtentry$$0000000D  c_w.l(__rtentry2.o)
    0x080002c6   0x080002c6   0x00000002   Code   RO         1366    .ARM.Collect$$rtexit$$00000000  c_w.l(rtexit.o)
    0x080002c8   0x080002c8   0x00000000   Code   RO         1378    .ARM.Collect$$rtexit$$00000002  c_w.l(rtexit2.o)
    0x080002c8   0x080002c8   0x00000004   Code   RO         1379    .ARM.Collect$$rtexit$$00000003  c_w.l(rtexit2.o)
    0x080002cc   0x080002cc   0x00000006   Code   RO         1380    .ARM.Collect$$rtexit$$00000004  c_w.l(rtexit2.o)
    0x080002d2   0x080002d2   0x00000002   PAD
    0x080002d4   0x080002d4   0x00000f34   Code   RO            3    .text               main.o
    0x08001208   0x08001208   0x0000001a   Code   RO          215    .text               stm32f4xx_it.o
    0x08001222   0x08001222   0x00000002   PAD
    0x08001224   0x08001224   0x00000210   Code   RO          264    .text               system_stm32f4xx.o
    0x08001434   0x08001434   0x00000040   Code   RO          290    .text               led.o
    0x08001474   0x08001474   0x000002dc   Code   RO          310    .text               mq_sensor.o
    0x08001750   0x08001750   0x00000098   Code   RO          363    .text               exti.o
    0x080017e8   0x080017e8   0x00000198   Code   RO          383    .text               dht11.o
    0x08001980   0x08001980   0x00000198   Code   RO          456    .text               dht11_2.o
    0x08001b18   0x08001b18   0x00000198   Code   RO          476    .text               dht11_3.o
    0x08001cb0   0x08001cb0   0x000001c0   Code   RO          496    .text               timer.o
    0x08001e70   0x08001e70   0x000001b0   Code   RO          523    .text               usart3.o
    0x08002020   0x08002020   0x0000020c   Code   RO          557    .text               uart4.o
    0x0800222c   0x0800222c   0x0000007c   Code   RO          584    .text               light.o
    0x080022a8   0x080022a8   0x00000104   Code   RO          604    .text               delay.o
    0x080023ac   0x080023ac   0x0000014c   Code   RO          644    .text               usart.o
    0x080024f8   0x080024f8   0x00000040   Code   RO          676    .text               startup_stm32f40_41xxx.o
    0x08002538   0x08002538   0x000000e0   Code   RO          682    .text               misc.o
    0x08002618   0x08002618   0x00000464   Code   RO          702    .text               stm32f4xx_adc.o
    0x08002a7c   0x08002a7c   0x00000294   Code   RO          722    .text               stm32f4xx_gpio.o
    0x08002d10   0x08002d10   0x0000065c   Code   RO          765    .text               stm32f4xx_rcc.o
    0x0800336c   0x0800336c   0x00000454   Code   RO          787    .text               stm32f4xx_usart.o
    0x080037c0   0x080037c0   0x00000094   Code   RO          807    .text               stm32f4xx_syscfg.o
    0x08003854   0x08003854   0x00000ca2   Code   RO          827    .text               stm32f4xx_tim.o
    0x080044f6   0x080044f6   0x00000002   PAD
    0x080044f8   0x080044f8   0x00000110   Code   RO          847    .text               stm32f4xx_exti.o
    0x08004608   0x08004608   0x000003a8   Code   RO          867    .text               stm32f4xx_dma.o
    0x080049b0   0x080049b0   0x00000524   Code   RO          887    .text               nb_at.o
    0x08004ed4   0x08004ed4   0x00000958   Code   RO          920    .text               nb_interface.o
    0x0800582c   0x0800582c   0x00000298   Code   RO          945    .text               sim800a.o
    0x08005ac4   0x08005ac4   0x0000017c   Code   RO          973    .text               usart6.o
    0x08005c40   0x08005c40   0x00000002   Code   RO         1000    .text               c_w.l(use_no_semi_2.o)
    0x08005c42   0x08005c42   0x00000002   PAD
    0x08005c44   0x08005c44   0x00000024   Code   RO         1002    .text               c_w.l(c89vsprintf.o)
    0x08005c68   0x08005c68   0x00000018   Code   RO         1004    .text               c_w.l(__2printf.o)
    0x08005c80   0x08005c80   0x0000002c   Code   RO         1006    .text               c_w.l(__2sprintf.o)
    0x08005cac   0x08005cac   0x0000004e   Code   RO         1014    .text               c_w.l(_printf_pad.o)
    0x08005cfa   0x08005cfa   0x00000052   Code   RO         1016    .text               c_w.l(_printf_str.o)
    0x08005d4c   0x08005d4c   0x00000078   Code   RO         1018    .text               c_w.l(_printf_dec.o)
    0x08005dc4   0x08005dc4   0x00000188   Code   RO         1037    .text               c_w.l(__printf_flags_ss_wp.o)
    0x08005f4c   0x08005f4c   0x00000024   Code   RO         1045    .text               c_w.l(strstr.o)
    0x08005f70   0x08005f70   0x0000003e   Code   RO         1047    .text               c_w.l(strlen.o)
    0x08005fae   0x08005fae   0x00000096   Code   RO         1049    .text               c_w.l(strncmp.o)
    0x08006044   0x08006044   0x0000008a   Code   RO         1051    .text               c_w.l(rt_memcpy_v6.o)
    0x080060ce   0x080060ce   0x00000044   Code   RO         1053    .text               c_w.l(rt_memclr.o)
    0x08006112   0x08006112   0x0000004e   Code   RO         1055    .text               c_w.l(rt_memclr_w.o)
    0x08006160   0x08006160   0x00000006   Code   RO         1057    .text               c_w.l(heapauxi.o)
    0x08006166   0x08006166   0x00000002   Code   RO         1083    .text               c_w.l(use_no_semi.o)
    0x08006168   0x08006168   0x00000016   Code   RO         1086    .text               c_w.l(_rserrno.o)
    0x0800617e   0x0800617e   0x00000024   Code   RO         1088    .text               c_w.l(_printf_truncate.o)
    0x080061a2   0x080061a2   0x000000b2   Code   RO         1090    .text               c_w.l(_printf_intcommon.o)
    0x08006254   0x08006254   0x00000028   Code   RO         1092    .text               c_w.l(_printf_charcount.o)
    0x0800627c   0x0800627c   0x0000041e   Code   RO         1094    .text               c_w.l(_printf_fp_dec.o)
    0x0800669a   0x0800669a   0x00000002   PAD
    0x0800669c   0x0800669c   0x00000030   Code   RO         1096    .text               c_w.l(_printf_char_common.o)
    0x080066cc   0x080066cc   0x0000000a   Code   RO         1098    .text               c_w.l(_sputc.o)
    0x080066d6   0x080066d6   0x0000002c   Code   RO         1100    .text               c_w.l(_printf_char.o)
    0x08006702   0x08006702   0x00000002   PAD
    0x08006704   0x08006704   0x00000024   Code   RO         1102    .text               c_w.l(_printf_char_file.o)
    0x08006728   0x08006728   0x000000bc   Code   RO         1104    .text               c_w.l(_printf_wctomb.o)
    0x080067e4   0x080067e4   0x0000007c   Code   RO         1107    .text               c_w.l(_printf_longlong_dec.o)
    0x08006860   0x08006860   0x00000070   Code   RO         1113    .text               c_w.l(_printf_oct_int_ll.o)
    0x080068d0   0x080068d0   0x00000094   Code   RO         1133    .text               c_w.l(_printf_hex_int_ll_ptr.o)
    0x08006964   0x08006964   0x00000064   Code   RO         1155    .text               c_w.l(rt_memcpy_w.o)
    0x080069c8   0x080069c8   0x00000008   Code   RO         1243    .text               c_w.l(rt_locale_intlibspace.o)
    0x080069d0   0x080069d0   0x00000008   Code   RO         1248    .text               c_w.l(rt_errno_addr_intlibspace.o)
    0x080069d8   0x080069d8   0x0000008a   Code   RO         1250    .text               c_w.l(lludiv10.o)
    0x08006a62   0x08006a62   0x00000002   PAD
    0x08006a64   0x08006a64   0x00000080   Code   RO         1252    .text               c_w.l(_printf_fp_infnan.o)
    0x08006ae4   0x08006ae4   0x0000002c   Code   RO         1256    .text               c_w.l(_printf_wchar.o)
    0x08006b10   0x08006b10   0x000000e4   Code   RO         1258    .text               c_w.l(bigflt0.o)
    0x08006bf4   0x08006bf4   0x00000008   Code   RO         1283    .text               c_w.l(ferror.o)
    0x08006bfc   0x08006bfc   0x00000040   Code   RO         1287    .text               c_w.l(_wcrtomb.o)
    0x08006c3c   0x08006c3c   0x00000008   Code   RO         1300    .text               c_w.l(libspace.o)
    0x08006c44   0x08006c44   0x0000004a   Code   RO         1303    .text               c_w.l(sys_stackheap_outer.o)
    0x08006c8e   0x08006c8e   0x00000002   PAD
    0x08006c90   0x08006c90   0x00000010   Code   RO         1305    .text               c_w.l(rt_ctype_table.o)
    0x08006ca0   0x08006ca0   0x00000012   Code   RO         1307    .text               c_w.l(exit.o)
    0x08006cb2   0x08006cb2   0x00000002   PAD
    0x08006cb4   0x08006cb4   0x00000080   Code   RO         1309    .text               c_w.l(strcmpv7m.o)
    0x08006d34   0x08006d34   0x0000003e   Code   RO         1261    CL$$btod_d2e        c_w.l(btod.o)
    0x08006d72   0x08006d72   0x00000046   Code   RO         1263    CL$$btod_d2e_denorm_low  c_w.l(btod.o)
    0x08006db8   0x08006db8   0x00000060   Code   RO         1262    CL$$btod_d2e_norm_op1  c_w.l(btod.o)
    0x08006e18   0x08006e18   0x00000338   Code   RO         1271    CL$$btod_div_common  c_w.l(btod.o)
    0x08007150   0x08007150   0x000000dc   Code   RO         1268    CL$$btod_e2e        c_w.l(btod.o)
    0x0800722c   0x0800722c   0x0000002a   Code   RO         1265    CL$$btod_ediv       c_w.l(btod.o)
    0x08007256   0x08007256   0x0000002a   Code   RO         1264    CL$$btod_emul       c_w.l(btod.o)
    0x08007280   0x08007280   0x00000244   Code   RO         1270    CL$$btod_mult_common  c_w.l(btod.o)
    0x080074c4   0x080074c4   0x00000030   Code   RO         1208    i.__ARM_fpclassify  m_wm.l(fpclassify.o)
    0x080074f4   0x080074f4   0x00000004   PAD
    0x080074f8   0x080074f8   0x00000c50   Code   RO         1069    i.__hardfp_pow      m_wm.l(pow.o)
    0x08008148   0x08008148   0x000000f8   Code   RO         1210    i.__kernel_poly     m_wm.l(poly.o)
    0x08008240   0x08008240   0x00000030   Code   RO         1188    i.__mathlib_dbl_divzero  m_wm.l(dunder.o)
    0x08008270   0x08008270   0x00000014   Code   RO         1190    i.__mathlib_dbl_infnan2  m_wm.l(dunder.o)
    0x08008284   0x08008284   0x00000004   PAD
    0x08008288   0x08008288   0x00000020   Code   RO         1191    i.__mathlib_dbl_invalid  m_wm.l(dunder.o)
    0x080082a8   0x080082a8   0x00000020   Code   RO         1192    i.__mathlib_dbl_overflow  m_wm.l(dunder.o)
    0x080082c8   0x080082c8   0x00000020   Code   RO         1194    i.__mathlib_dbl_underflow  m_wm.l(dunder.o)
    0x080082e8   0x080082e8   0x0000000e   Code   RO         1030    i._is_digit         c_w.l(__printf_wp.o)
    0x080082f6   0x080082f6   0x00000018   Code   RO         1204    i.fabs              m_wm.l(fabs.o)
    0x0800830e   0x0800830e   0x0000006e   Code   RO         1215    i.sqrt              m_wm.l(sqrt.o)
    0x0800837c   0x0800837c   0x0000002c   Code   RO         1290    locale$$code        c_w.l(lc_numeric_c.o)
    0x080083a8   0x080083a8   0x0000002c   Code   RO         1369    locale$$code        c_w.l(lc_ctype_c.o)
    0x080083d4   0x080083d4   0x00000018   Code   RO         1157    x$fpl$basic         fz_wm.l(basic.o)
    0x080083ec   0x080083ec   0x00000062   Code   RO         1061    x$fpl$d2f           fz_wm.l(d2f.o)
    0x0800844e   0x0800844e   0x00000002   PAD
    0x08008450   0x08008450   0x00000150   Code   RO         1159    x$fpl$dadd          fz_wm.l(daddsub_clz.o)
    0x080085a0   0x080085a0   0x00000010   Code   RO         1292    x$fpl$dcheck1       fz_wm.l(dcheck1.o)
    0x080085b0   0x080085b0   0x00000018   Code   RO         1362    x$fpl$dcmpinf       fz_wm.l(dcmpi.o)
    0x080085c8   0x080085c8   0x000002b0   Code   RO         1166    x$fpl$ddiv          fz_wm.l(ddiv.o)
    0x08008878   0x08008878   0x0000002e   Code   RO         1170    x$fpl$dflt          fz_wm.l(dflt_clz.o)
    0x080088a6   0x080088a6   0x00000002   PAD
    0x080088a8   0x080088a8   0x00000078   Code   RO         1294    x$fpl$dleqf         fz_wm.l(dleqf.o)
    0x08008920   0x08008920   0x00000154   Code   RO         1063    x$fpl$dmul          fz_wm.l(dmul.o)
    0x08008a74   0x08008a74   0x0000009c   Code   RO         1175    x$fpl$dnaninf       fz_wm.l(dnaninf.o)
    0x08008b10   0x08008b10   0x0000000c   Code   RO         1177    x$fpl$dretinf       fz_wm.l(dretinf.o)
    0x08008b1c   0x08008b1c   0x0000006c   Code   RO         1179    x$fpl$drleqf        fz_wm.l(drleqf.o)
    0x08008b88   0x08008b88   0x00000016   Code   RO         1160    x$fpl$drsb          fz_wm.l(daddsub_clz.o)
    0x08008b9e   0x08008b9e   0x00000002   PAD
    0x08008ba0   0x08008ba0   0x00000198   Code   RO         1296    x$fpl$dsqrt         fz_wm.l(dsqrt_umaal.o)
    0x08008d38   0x08008d38   0x000001d4   Code   RO         1161    x$fpl$dsub          fz_wm.l(daddsub_clz.o)
    0x08008f0c   0x08008f0c   0x00000056   Code   RO         1065    x$fpl$f2d           fz_wm.l(f2d.o)
    0x08008f62   0x08008f62   0x0000008c   Code   RO         1181    x$fpl$fnaninf       fz_wm.l(fnaninf.o)
    0x08008fee   0x08008fee   0x0000000a   Code   RO         1373    x$fpl$fpinit        fz_wm.l(fpinit.o)
    0x08008ff8   0x08008ff8   0x0000000a   Code   RO         1183    x$fpl$fretinf       fz_wm.l(fretinf.o)
    0x08009002   0x08009002   0x00000004   Code   RO         1067    x$fpl$printf1       fz_wm.l(printf1.o)
    0x08009006   0x08009006   0x00000064   Code   RO         1364    x$fpl$retnan        fz_wm.l(retnan.o)
    0x0800906a   0x0800906a   0x0000005c   Code   RO         1185    x$fpl$scalbn        fz_wm.l(scalbn.o)
    0x080090c6   0x080090c6   0x00000030   Code   RO         1375    x$fpl$trapveneer    fz_wm.l(trapv.o)
    0x080090f6   0x080090f6   0x00000000   Code   RO         1187    x$fpl$usenofp       fz_wm.l(usenofp.o)
    0x080090f6   0x080090f6   0x00000002   PAD
    0x080090f8   0x080090f8   0x0000000c   Data   RO            4    .constdata          main.o
    0x08009104   0x08009104   0x00000010   Data   RO          922    .constdata          nb_interface.o
    0x08009114   0x08009114   0x00000011   Data   RO         1038    .constdata          c_w.l(__printf_flags_ss_wp.o)
    0x08009125   0x08009125   0x00000003   PAD
    0x08009128   0x08009128   0x00000088   Data   RO         1072    .constdata          m_wm.l(pow.o)
    0x080091b0   0x080091b0   0x00000008   Data   RO         1105    .constdata          c_w.l(_printf_wctomb.o)
    0x080091b8   0x080091b8   0x00000028   Data   RO         1134    .constdata          c_w.l(_printf_hex_int_ll_ptr.o)
    0x080091e0   0x080091e0   0x00000008   Data   RO         1212    .constdata          m_wm.l(qnan.o)
    0x080091e8   0x080091e8   0x00000094   Data   RO         1259    .constdata          c_w.l(bigflt0.o)
    0x0800927c   0x0800927c   0x00000653   Data   RO            5    .conststring        main.o
    0x080098cf   0x080098cf   0x00000001   PAD
    0x080098d0   0x080098d0   0x00000059   Data   RO          946    .conststring        sim800a.o
    0x08009929   0x08009929   0x00000003   PAD
    0x0800992c   0x0800992c   0x00000020   Data   RO         1446    Region$$Table       anon$$obj.o
    0x0800994c   0x0800994c   0x0000001c   Data   RO         1289    locale$$data        c_w.l(lc_numeric_c.o)
    0x08009968   0x08009968   0x00000110   Data   RO         1368    locale$$data        c_w.l(lc_ctype_c.o)


    Execution Region RW_IRAM2 (Exec base: 0x10000000, Load base: 0x08009abc, Size: 0x00000000, Max: 0x00010000, ABSOLUTE)

    **** No section assigned to this execution region ****


    Execution Region RW_IRAM1 (Exec base: 0x20000000, Load base: 0x08009a78, Size: 0x00001958, Max: 0x00020000, ABSOLUTE)

    Exec Addr    Load Addr    Size         Type   Attr      Idx    E Section Name        Object

    0x20000000   0x08009a78   0x00000004   Data   RW            6    .data               main.o
    0x20000004   0x08009a7c   0x00000014   Data   RW          265    .data               system_stm32f4xx.o
    0x20000018   0x08009a90   0x00000001   Data   RW          497    .data               timer.o
    0x20000019   0x08009a91   0x00000001   PAD
    0x2000001a   0x08009a92   0x00000002   Data   RW          525    .data               usart3.o
    0x2000001c   0x08009a94   0x00000002   Data   RW          559    .data               uart4.o
    0x2000001e   0x08009a96   0x00000004   Data   RW          605    .data               delay.o
    0x20000022   0x08009a9a   0x00000002   PAD
    0x20000024   0x08009a9c   0x00000006   Data   RW          646    .data               usart.o
    0x2000002a   0x08009aa2   0x00000010   Data   RW          766    .data               stm32f4xx_rcc.o
    0x2000003a   0x08009ab2   0x00000002   Data   RW          889    .data               nb_at.o
    0x2000003c   0x08009ab4   0x00000004   Data   RW          947    .data               sim800a.o
    0x20000040   0x08009ab8   0x00000002   Data   RW          975    .data               usart6.o
    0x20000042   0x08009aba   0x00000002   PAD
    0x20000044        -       0x00000108   Zero   RW          311    .bss                mq_sensor.o
    0x2000014c   0x08009aba   0x00000004   PAD
    0x20000150        -       0x00000320   Zero   RW          524    .bss                usart3.o
    0x20000470        -       0x00000320   Zero   RW          558    .bss                uart4.o
    0x20000790        -       0x000000c8   Zero   RW          645    .bss                usart.o
    0x20000858        -       0x00000180   Zero   RW          888    .bss                nb_at.o
    0x200009d8        -       0x00000600   Zero   RW          921    .bss                nb_interface.o
    0x20000fd8        -       0x00000320   Zero   RW          974    .bss                usart6.o
    0x200012f8        -       0x00000060   Zero   RW         1301    .bss                c_w.l(libspace.o)
    0x20001358        -       0x00000200   Zero   RW          674    HEAP                startup_stm32f40_41xxx.o
    0x20001558        -       0x00000400   Zero   RW          673    STACK               startup_stm32f40_41xxx.o


==============================================================================

Image component sizes


      Code (inc. data)   RO Data    RW Data    ZI Data      Debug   Object Name

       260          8          0          4          0       1465   delay.o
       408         14          0          0          0       2146   dht11.o
       408         14          0          0          0       2178   dht11_2.o
       408         14          0          0          0       2178   dht11_3.o
       152         36          0          0          0        720   exti.o
        64          4          0          0          0        519   led.o
       124          6          0          0          0        706   light.o
      3892       1558       1631          4          0     316769   main.o
       224         20          0          0          0       1801   misc.o
       732         56          0          0        264       2913   mq_sensor.o
      1316        132          0          2        384       5296   nb_at.o
      2392        948         16          0       1536       7632   nb_interface.o
       664        302         89          4          0       2331   sim800a.o
        64         26        392          0       1536        820   startup_stm32f40_41xxx.o
      1124         24          0          0          0      10670   stm32f4xx_adc.o
       936         32          0          0          0       6381   stm32f4xx_dma.o
       272         10          0          0          0       2271   stm32f4xx_exti.o
       660         44          0          0          0       4145   stm32f4xx_gpio.o
        26          0          0          0          0       1214   stm32f4xx_it.o
      1628         52          0         16          0      13008   stm32f4xx_rcc.o
       148         12          0          0          0       1837   stm32f4xx_syscfg.o
      3234         60          0          0          0      23000   stm32f4xx_tim.o
      1108         34          0          0          0       7868   stm32f4xx_usart.o
       528         46          0         20          0       1755   system_stm32f4xx.o
       448         20          0          1          0       1912   timer.o
       524         40          0          2        800       2623   uart4.o
       332         18          0          6        200       3314   usart.o
       432         20          0          2        800       2762   usart3.o
       380         24          0          2        800       1938   usart6.o

    ----------------------------------------------------------------------
     22892       3574       2164         68       6324     432172   Object Totals
         0          0         32          0          0          0   (incl. Generated)
         4          0          4          5          4          0   (incl. Padding)

    ----------------------------------------------------------------------

      Code (inc. data)   RO Data    RW Data    ZI Data      Debug   Library Member Name

        24          4          0          0          0         84   __2printf.o
        44          6          0          0          0         84   __2sprintf.o
         8          0          0          0          0         68   __main.o
       392          4         17          0          0         92   __printf_flags_ss_wp.o
        14          0          0          0          0         68   __printf_wp.o
         0          0          0          0          0          0   __rtentry.o
        12          0          0          0          0          0   __rtentry2.o
         6          0          0          0          0          0   __rtentry4.o
        52          8          0          0          0          0   __scatter.o
        26          0          0          0          0          0   __scatter_copy.o
        28          0          0          0          0          0   __scatter_zi.o
         6          0          0          0          0          0   _printf_a.o
         6          0          0          0          0          0   _printf_c.o
        44          0          0          0          0        108   _printf_char.o
        48          6          0          0          0         96   _printf_char_common.o
        36          4          0          0          0         80   _printf_char_file.o
        40          0          0          0          0         68   _printf_charcount.o
         6          0          0          0          0          0   _printf_d.o
       120         16          0          0          0         92   _printf_dec.o
         6          0          0          0          0          0   _printf_e.o
         6          0          0          0          0          0   _printf_f.o
      1054          0          0          0          0        216   _printf_fp_dec.o
       128         16          0          0          0         84   _printf_fp_infnan.o
         6          0          0          0          0          0   _printf_g.o
       148          4         40          0          0        160   _printf_hex_int_ll_ptr.o
         6          0          0          0          0          0   _printf_i.o
       178          0          0          0          0         88   _printf_intcommon.o
        10          0          0          0          0          0   _printf_l.o
         6          0          0          0          0          0   _printf_lc.o
        10          0          0          0          0          0   _printf_ll.o
         6          0          0          0          0          0   _printf_lld.o
         6          0          0          0          0          0   _printf_lli.o
         6          0          0          0          0          0   _printf_llo.o
         6          0          0          0          0          0   _printf_llu.o
         6          0          0          0          0          0   _printf_llx.o
       124         16          0          0          0         92   _printf_longlong_dec.o
         6          0          0          0          0          0   _printf_ls.o
         6          0          0          0          0          0   _printf_n.o
         6          0          0          0          0          0   _printf_o.o
       112         10          0          0          0        124   _printf_oct_int_ll.o
         6          0          0          0          0          0   _printf_p.o
        78          0          0          0          0        108   _printf_pad.o
         0          0          0          0          0          0   _printf_percent.o
         4          0          0          0          0          0   _printf_percent_end.o
         6          0          0          0          0          0   _printf_s.o
        82          0          0          0          0         80   _printf_str.o
        36          0          0          0          0         84   _printf_truncate.o
         6          0          0          0          0          0   _printf_u.o
        44          0          0          0          0        108   _printf_wchar.o
       188          6          8          0          0         92   _printf_wctomb.o
         6          0          0          0          0          0   _printf_x.o
        22          0          0          0          0        100   _rserrno.o
        10          0          0          0          0         68   _sputc.o
        64          0          0          0          0         92   _wcrtomb.o
       228          4        148          0          0         96   bigflt0.o
      1936        128          0          0          0        672   btod.o
        36          4          0          0          0         76   c89vsprintf.o
        18          0          0          0          0         80   exit.o
         8          0          0          0          0         68   ferror.o
         6          0          0          0          0        152   heapauxi.o
        44         10        272          0          0         76   lc_ctype_c.o
        44         10         28          0          0         76   lc_numeric_c.o
         2          0          0          0          0          0   libinit.o
        34          0          0          0          0          0   libinit2.o
         2          0          0          0          0          0   libshutdown.o
         2          0          0          0          0          0   libshutdown2.o
         8          4          0          0         96         68   libspace.o
       138          0          0          0          0         80   lludiv10.o
        16          4          0          0          0         76   rt_ctype_table.o
         8          4          0          0          0         68   rt_errno_addr_intlibspace.o
         8          4          0          0          0         68   rt_locale_intlibspace.o
        68          0          0          0          0         68   rt_memclr.o
        78          0          0          0          0         80   rt_memclr_w.o
       138          0          0          0          0         68   rt_memcpy_v6.o
       100          0          0          0          0         80   rt_memcpy_w.o
         2          0          0          0          0          0   rtexit.o
        10          0          0          0          0          0   rtexit2.o
       128          0          0          0          0         68   strcmpv7m.o
        62          0          0          0          0         76   strlen.o
       150          0          0          0          0         80   strncmp.o
        36          0          0          0          0         80   strstr.o
        74          0          0          0          0         80   sys_stackheap_outer.o
         2          0          0          0          0         68   use_no_semi.o
         2          0          0          0          0         68   use_no_semi_2.o
        24          0          0          0          0        164   basic.o
        98          4          0          0          0        140   d2f.o
       826         16          0          0          0        492   daddsub_clz.o
        16          4          0          0          0        116   dcheck1.o
        24          0          0          0          0        116   dcmpi.o
       688        140          0          0          0        256   ddiv.o
        46          0          0          0          0        116   dflt_clz.o
       120          4          0          0          0        140   dleqf.o
       340         12          0          0          0        152   dmul.o
       156          4          0          0          0        140   dnaninf.o
        12          0          0          0          0        116   dretinf.o
       108          0          0          0          0        128   drleqf.o
       408         56          0          0          0        168   dsqrt_umaal.o
        86          4          0          0          0        132   f2d.o
       140          4          0          0          0        132   fnaninf.o
        10          0          0          0          0        116   fpinit.o
        10          0          0          0          0        116   fretinf.o
         4          0          0          0          0        116   printf1.o
       100          0          0          0          0        116   retnan.o
        92          0          0          0          0        116   scalbn.o
        48          0          0          0          0        116   trapv.o
         0          0          0          0          0          0   usenofp.o
       164         44          0          0          0        620   dunder.o
        24          0          0          0          0        124   fabs.o
        48          0          0          0          0        124   fpclassify.o
       248          0          0          0          0        152   poly.o
      3152        296        136          0          0        352   pow.o
         0          0          8          0          0          0   qnan.o
       110          0          0          0          0        148   sqrt.o

    ----------------------------------------------------------------------
     13828        860        660          0         96       9532   Library Totals
        32          0          3          0          0          0   (incl. Padding)

    ----------------------------------------------------------------------

      Code (inc. data)   RO Data    RW Data    ZI Data      Debug   Library Name

      6694        272        513          0         96       4808   c_w.l
      3356        248          0          0          0       3204   fz_wm.l
      3746        340        144          0          0       1520   m_wm.l

    ----------------------------------------------------------------------
     13828        860        660          0         96       9532   Library Totals

    ----------------------------------------------------------------------

==============================================================================


      Code (inc. data)   RO Data    RW Data    ZI Data      Debug   

     36720       4434       2824         68       6420     430600   Grand Totals
     36720       4434       2824         68       6420     430600   ELF Image Totals
     36720       4434       2824         68          0          0   ROM Totals

==============================================================================

    Total RO  Size (Code + RO Data)                39544 (  38.62kB)
    Total RW  Size (RW Data + ZI Data)              6488 (   6.34kB)
    Total ROM Size (Code + RO Data + RW Data)      39612 (  38.68kB)

==============================================================================

