Component: ARM Compiler 5.06 update 5 (build 528) Tool: armlink [4d35e2]

==============================================================================

Section Cross References

    main.o(.text) refers to _printf_percent.o(.ARM.Collect$$_printf_percent$$00000000) for _printf_percent
    main.o(.text) refers to _printf_c.o(.ARM.Collect$$_printf_percent$$00000013) for _printf_c
    main.o(.text) refers to _printf_str.o(.text) for _printf_str
    main.o(.text) refers to _printf_s.o(.ARM.Collect$$_printf_percent$$00000014) for _printf_s
    main.o(.text) refers to _printf_d.o(.ARM.Collect$$_printf_percent$$00000009) for _printf_d
    main.o(.text) refers to _printf_dec.o(.text) for _printf_int_dec
    main.o(.text) refers to _printf_f.o(.ARM.Collect$$_printf_percent$$00000003) for _printf_f
    main.o(.text) refers to printf1.o(x$fpl$printf1) for _printf_fp_dec
    main.o(.text) refers to _printf_pad.o(.text) for _printf_pre_padding
    main.o(.text) refers to strstr.o(.text) for strstr
    main.o(.text) refers to rt_memclr_w.o(.text) for __aeabi_memclr4
    main.o(.text) refers to nb_interface.o(.text) for strToHex
    main.o(.text) refers to __2printf.o(.text) for __2printf
    main.o(.text) refers to __2sprintf.o(.text) for __2sprintf
    main.o(.text) refers to rt_memcpy_v6.o(.text) for __aeabi_memcpy
    main.o(.text) refers to delay.o(.text) for delay_ms
    main.o(.text) refers to misc.o(.text) for NVIC_PriorityGroupConfig
    main.o(.text) refers to usart.o(.text) for uart_init
    main.o(.text) refers to led.o(.text) for LED_Init
    main.o(.text) refers to mq_sensor.o(.text) for MQ2_Init
    main.o(.text) refers to hc_sr501.o(.text) for HC_SR_Init
    main.o(.text) refers to dht11.o(.text) for DHT11_Read_Data
    main.o(.text) refers to dht11_2.o(.text) for DHT11_2_Read_Data
    main.o(.text) refers to dht11_3.o(.text) for DHT11_3_Read_Data
    main.o(.text) refers to main.o(.constdata) for urc_table
    main.o(.text) refers to f2d.o(x$fpl$f2d) for __aeabi_f2d
    main.o(.constdata) refers to main.o(.conststring) for .conststring
    main.o(.constdata) refers to main.o(.text) for urc_recvdata_func
    system_stm32f4xx.o(.text) refers to system_stm32f4xx.o(.data) for SystemCoreClock
    led.o(.text) refers to stm32f4xx_rcc.o(.text) for RCC_AHB1PeriphClockCmd
    led.o(.text) refers to stm32f4xx_gpio.o(.text) for GPIO_Init
    mq_sensor.o(.text) refers to stm32f4xx_rcc.o(.text) for RCC_AHB1PeriphClockCmd
    mq_sensor.o(.text) refers to stm32f4xx_gpio.o(.text) for GPIO_Init
    mq_sensor.o(.text) refers to stm32f4xx_adc.o(.text) for ADC_CommonInit
    mq_sensor.o(.text) refers to stm32f4xx_dma.o(.text) for DMA_DeInit
    mq_sensor.o(.text) refers to misc.o(.text) for NVIC_Init
    mq_sensor.o(.text) refers to f2d.o(x$fpl$f2d) for __aeabi_f2d
    mq_sensor.o(.text) refers to dmul.o(x$fpl$dmul) for __aeabi_dmul
    mq_sensor.o(.text) refers to d2f.o(x$fpl$d2f) for __aeabi_d2f
    mq_sensor.o(.text) refers to pow.o(i.__hardfp_pow) for __hardfp_pow
    mq_sensor.o(.text) refers to mq_sensor.o(.bss) for results
    hc_sr501.o(.text) refers to stm32f4xx_rcc.o(.text) for RCC_AHB1PeriphClockCmd
    hc_sr501.o(.text) refers to stm32f4xx_gpio.o(.text) for GPIO_Init
    hc_sr501.o(.text) refers to exti.o(.text) for HC_EXTI_Init
    exti.o(.text) refers to delay.o(.text) for delay_ms
    exti.o(.text) refers to stm32f4xx_exti.o(.text) for EXTI_ClearITPendingBit
    exti.o(.text) refers to __2printf.o(.text) for __2printf
    exti.o(.text) refers to stm32f4xx_rcc.o(.text) for RCC_APB2PeriphClockCmd
    exti.o(.text) refers to stm32f4xx_syscfg.o(.text) for SYSCFG_EXTILineConfig
    exti.o(.text) refers to misc.o(.text) for NVIC_Init
    dht11.o(.text) refers to delay.o(.text) for delay_ms
    dht11.o(.text) refers to stm32f4xx_rcc.o(.text) for RCC_AHB1PeriphClockCmd
    dht11.o(.text) refers to stm32f4xx_gpio.o(.text) for GPIO_Init
    myiic.o(.text) refers to stm32f4xx_rcc.o(.text) for RCC_AHB1PeriphClockCmd
    myiic.o(.text) refers to stm32f4xx_gpio.o(.text) for GPIO_Init
    myiic.o(.text) refers to delay.o(.text) for delay_us
    oled.o(.text) refers to delay.o(.text) for delay_us
    oled.o(.text) refers to myiic.o(.text) for IIC_Start
    oled.o(.text) refers to oled.o(.constdata) for F8X16
    dht11_2.o(.text) refers to delay.o(.text) for delay_ms
    dht11_2.o(.text) refers to stm32f4xx_rcc.o(.text) for RCC_AHB1PeriphClockCmd
    dht11_2.o(.text) refers to stm32f4xx_gpio.o(.text) for GPIO_Init
    dht11_3.o(.text) refers to delay.o(.text) for delay_ms
    dht11_3.o(.text) refers to stm32f4xx_rcc.o(.text) for RCC_AHB1PeriphClockCmd
    dht11_3.o(.text) refers to stm32f4xx_gpio.o(.text) for GPIO_Init
    timer.o(.text) refers to stm32f4xx_tim.o(.text) for TIM_GetITStatus
    timer.o(.text) refers to stm32f4xx_rcc.o(.text) for RCC_APB1PeriphClockCmd
    timer.o(.text) refers to misc.o(.text) for NVIC_Init
    timer.o(.text) refers to timer.o(.data) for tim2count
[...]
    __Vectors                                0x08000000   Data           4  startup_stm32f40_41xxx.o(RESET)
    __Vectors_End                            0x08000188   Data           0  startup_stm32f40_41xxx.o(RESET)
    __main                                   0x08000189   Thumb Code     8  __main.o(!!!main)
    __scatterload                            0x08000191   Thumb Code     0  __scatter.o(!!!scatter)
    __scatterload_rt2                        0x08000191   Thumb Code    44  __scatter.o(!!!scatter)
    __scatterload_rt2_thumb_only             0x08000191   Thumb Code     0  __scatter.o(!!!scatter)
    __scatterload_null                       0x0800019f   Thumb Code     0  __scatter.o(!!!scatter)
    __scatterload_copy                       0x080001c5   Thumb Code    26  __scatter_copy.o(!!handler_copy)
    __scatterload_zeroinit                   0x080001e1   Thumb Code    28  __scatter_zi.o(!!handler_zi)
    _printf_f                                0x080001fd   Thumb Code     0  _printf_f.o(.ARM.Collect$$_printf_percent$$00000003)
    _printf_percent                          0x080001fd   Thumb Code     0  _printf_percent.o(.ARM.Collect$$_printf_percent$$00000000)
    _printf_d                                0x08000203   Thumb Code     0  _printf_d.o(.ARM.Collect$$_printf_percent$$00000009)
    _printf_c                                0x08000209   Thumb Code     0  _printf_c.o(.ARM.Collect$$_printf_percent$$00000013)
    _printf_s                                0x0800020f   Thumb Code     0  _printf_s.o(.ARM.Collect$$_printf_percent$$00000014)
    _printf_percent_end                      0x08000215   Thumb Code     0  _printf_percent_end.o(.ARM.Collect$$_printf_percent$$00000017)
    __rt_lib_init                            0x08000219   Thumb Code     0  libinit.o(.ARM.Collect$$libinit$$00000000)
    __rt_lib_init_fp_1                       0x0800021b   Thumb Code     0  libinit2.o(.ARM.Collect$$libinit$$00000001)
    __rt_lib_init_heap_1                     0x0800021f   Thumb Code     0  libinit2.o(.ARM.Collect$$libinit$$0000000A)
    __rt_lib_init_lc_common                  0x0800021f   Thumb Code     0  libinit2.o(.ARM.Collect$$libinit$$0000000F)
    __rt_lib_init_preinit_1                  0x0800021f   Thumb Code     0  libinit2.o(.ARM.Collect$$libinit$$00000004)
    __rt_lib_init_rand_1                     0x0800021f   Thumb Code     0  libinit2.o(.ARM.Collect$$libinit$$0000000E)
    __rt_lib_init_user_alloc_1               0x0800021f   Thumb Code     0  libinit2.o(.ARM.Collect$$libinit$$0000000C)
    __rt_lib_init_lc_collate_1               0x08000225   Thumb Code     0  libinit2.o(.ARM.Collect$$libinit$$00000011)
    __rt_lib_init_lc_ctype_1                 0x08000225   Thumb Code     0  libinit2.o(.ARM.Collect$$libinit$$00000013)
    __rt_lib_init_lc_monetary_1              0x08000225   Thumb Code     0  libinit2.o(.ARM.Collect$$libinit$$00000015)
    __rt_lib_init_lc_numeric_2               0x08000225   Thumb Code     0  libinit2.o(.ARM.Collect$$libinit$$00000016)
    __rt_lib_init_alloca_1                   0x0800022f   Thumb Code     0  libinit2.o(.ARM.Collect$$libinit$$0000002E)
    __rt_lib_init_argv_1                     0x0800022f   Thumb Code     0  libinit2.o(.ARM.Collect$$libinit$$0000002C)
    __rt_lib_init_atexit_1                   0x0800022f   Thumb Code     0  libinit2.o(.ARM.Collect$$libinit$$0000001B)
    __rt_lib_init_clock_1                    0x0800022f   Thumb Code     0  libinit2.o(.ARM.Collect$$libinit$$00000021)
    __rt_lib_init_cpp_1                      0x0800022f   Thumb Code     0  libinit2.o(.ARM.Collect$$libinit$$00000032)
    __rt_lib_init_exceptions_1               0x0800022f   Thumb Code     0  libinit2.o(.ARM.Collect$$libinit$$00000030)
    __rt_lib_init_fp_trap_1                  0x0800022f   Thumb Code     0  libinit2.o(.ARM.Collect$$libinit$$0000001F)
    __rt_lib_init_getenv_1                   0x0800022f   Thumb Code     0  libinit2.o(.ARM.Collect$$libinit$$00000023)
    __rt_lib_init_lc_numeric_1               0x0800022f   Thumb Code     0  libinit2.o(.ARM.Collect$$libinit$$00000017)
    __rt_lib_init_lc_time_1                  0x0800022f   Thumb Code     0  libinit2.o(.ARM.Collect$$libinit$$00000019)
    __rt_lib_init_return                     0x0800022f   Thumb Code     0  libinit2.o(.ARM.Collect$$libinit$$00000033)
    __rt_lib_init_signal_1                   0x0800022f   Thumb Code     0  libinit2.o(.ARM.Collect$$libinit$$0000001D)
    __rt_lib_init_stdio_1                    0x0800022f   Thumb Code     0  libinit2.o(.ARM.Collect$$libinit$$00000025)
    __rt_lib_shutdown                        0x08000231   Thumb Code     0  libshutdown.o(.ARM.Collect$$libshutdown$$00000000)
    __rt_lib_shutdown_cpp_1                  0x08000233   Thumb Code     0  libshutdown2.o(.ARM.Collect$$libshutdown$$00000002)
    __rt_lib_shutdown_fp_trap_1              0x08000233   Thumb Code     0  libshutdown2.o(.ARM.Collect$$libshutdown$$00000007)
    __rt_lib_shutdown_heap_1                 0x08000233   Thumb Code     0  libshutdown2.o(.ARM.Collect$$libshutdown$$0000000F)
    __rt_lib_shutdown_return                 0x08000233   Thumb Code     0  libshutdown2.o(.ARM.Collect$$libshutdown$$00000010)
    __rt_lib_shutdown_signal_1               0x08000233   Thumb Code     0  libshutdown2.o(.ARM.Collect$$libshutdown$$0000000A)
    __rt_lib_shutdown_stdio_1                0x08000233   Thumb Code     0  libshutdown2.o(.ARM.Collect$$libshutdown$$00000004)
    __rt_lib_shutdown_user_alloc_1           0x08000233   Thumb Code     0  libshutdown2.o(.ARM.Collect$$libshutdown$$0000000C)
    __rt_entry                               0x08000235   Thumb Code     0  __rtentry.o(.ARM.Collect$$rtentry$$00000000)
    __rt_entry_presh_1                       0x08000235   Thumb Code     0  __rtentry2.o(.ARM.Collect$$rtentry$$00000002)
    __rt_entry_sh                            0x08000235   Thumb Code     0  __rtentry4.o(.ARM.Collect$$rtentry$$00000004)
    __rt_entry_li                            0x0800023b   Thumb Code     0  __rtentry2.o(.ARM.Collect$$rtentry$$0000000A)
    __rt_entry_postsh_1                      0x0800023b   Thumb Code     0  __rtentry2.o(.ARM.Collect$$rtentry$$00000009)
    __rt_entry_main                          0x0800023f   Thumb Code     0  __rtentry2.o(.ARM.Collect$$rtentry$$0000000D)
    __rt_entry_postli_1                      0x0800023f   Thumb Code     0  __rtentry2.o(.ARM.Collect$$rtentry$$0000000C)
    __rt_exit                                0x08000247   Thumb Code     0  rtexit.o(.ARM.Collect$$rtexit$$00000000)
    __rt_exit_ls                             0x08000249   Thumb Code     0  rtexit2.o(.ARM.Collect$$rtexit$$00000003)
    __rt_exit_prels_1                        0x08000249   Thumb Code     0  rtexit2.o(.ARM.Collect$$rtexit$$00000002)
    __rt_exit_exit                           0x0800024d   Thumb Code     0  rtexit2.o(.ARM.Collect$$rtexit$$00000004)
    handle_cloud_cmd                         0x08000255   Thumb Code   576  main.o(.text)
    check_NB_Status                          0x080004c1   Thumb Code   120  main.o(.text)
    main                                     0x08000539   Thumb Code  1374  main.o(.text)
    check_DHT11_Status                       0x08000a97   Thumb Code    64  main.o(.text)
    NMI_Handler                              0x08000c09   Thumb Code     2  stm32f4xx_it.o(.text)
    HardFault_Handler                        0x08000c0b   Thumb Code     4  stm32f4xx_it.o(.text)
    MemManage_Handler                        0x08000c0f   Thumb Code     4  stm32f4xx_it.o(.text)
    BusFault_Handler                         0x08000c13   Thumb Code     4  stm32f4xx_it.o(.text)
    UsageFault_Handler                       0x08000c17   Thumb Code     4  stm32f4xx_it.o(.text)
    SVC_Handler                              0x08000c1b   Thumb Code     2  stm32f4xx_it.o(.text)
    DebugMon_Handler                         0x08000c1d   Thumb Code     2  stm32f4xx_it.o(.text)
    PendSV_Handler                           0x08000c1f   Thumb Code     2  stm32f4xx_it.o(.text)
    SysTick_Handler                          0x08000c21   Thumb Code     2  stm32f4xx_it.o(.text)
    SystemInit                               0x08000d01   Thumb Code    88  system_stm32f4xx.o(.text)
    SystemCoreClockUpdate                    0x08000d59   Thumb Code   174  system_stm32f4xx.o(.text)
    LED_Init                                 0x08000e35   Thumb Code    60  led.o(.text)
    ADC_DMA_Init                             0x08000e75   Thumb Code   182  mq_sensor.o(.text)
    MYDMA_Config                             0x08000f2b   Thumb Code   174  mq_sensor.o(.text)
    Get_ADC_values                           0x08000fd9   Thumb Code    82  mq_sensor.o(.text)
    DMA2_Stream0_IRQHandler                  0x0800102b   Thumb Code    28  mq_sensor.o(.text)
    MQ2_Init                                 0x08001047   Thumb Code    28  mq_sensor.o(.text)
    MQ2_GetPPM                               0x08001063   Thumb Code   182  mq_sensor.o(.text)
    HC_SR_Init                               0x08001151   Thumb Code    34  hc_sr501.o(.text)
    EXTI0_IRQHandler                         0x08001179   Thumb Code    38  exti.o(.text)
    HC_EXTI_Init                             0x0800119f   Thumb Code    78  exti.o(.text)
    DHT11_Rst                                0x08001211   Thumb Code    52  dht11.o(.text)
    DHT11_Check                              0x08001245   Thumb Code    92  dht11.o(.text)
    DHT11_Read_Bit                           0x080012a1   Thumb Code    76  dht11.o(.text)
    DHT11_Read_Byte                          0x080012ed   Thumb Code    30  dht11.o(.text)
    DHT11_Read_Data                          0x0800130b   Thumb Code    88  dht11.o(.text)
    DHT11_Init                               0x08001363   Thumb Code    56  dht11.o(.text)
    DHT11_2_Rst                              0x080013a9   Thumb Code    52  dht11_2.o(.text)
    DHT11_2_Check                            0x080013dd   Thumb Code    92  dht11_2.o(.text)
    DHT11_2_Read_Bit                         0x08001439   Thumb Code    76  dht11_2.o(.text)
    DHT11_2_Read_Byte                        0x08001485   Thumb Code    30  dht11_2.o(.text)
    DHT11_2_Read_Data                        0x080014a3   Thumb Code    88  dht11_2.o(.text)
    DHT11_2_Init                             0x080014fb   Thumb Code    56  dht11_2.o(.text)
    DHT11_3_Rst                              0x08001541   Thumb Code    52  dht11_3.o(.text)
    DHT11_3_Check                            0x08001575   Thumb Code    92  dht11_3.o(.text)
    DHT11_3_Read_Bit                         0x080015d1   Thumb Code    76  dht11_3.o(.text)
    DHT11_3_Read_Byte                        0x0800161d   Thumb Code    30  dht11_3.o(.text)
    DHT11_3_Read_Data                        0x0800163b   Thumb Code    88  dht11_3.o(.text)
    DHT11_3_Init                             0x08001693   Thumb Code    56  dht11_3.o(.text)
    TIM2_IRQHandler                          0x080016d9   Thumb Code    42  timer.o(.text)
    TIM2_Int_Init                            0x08001703   Thumb Code    80  timer.o(.text)
    delay_init                               0x08001759   Thumb Code    52  delay.o(.text)
    delay_us                                 0x0800178d   Thumb Code    72  delay.o(.text)
    delay_xms                                0x080017d5   Thumb Code    72  delay.o(.text)
    delay_ms                                 0x0800181d   Thumb Code    56  delay.o(.text)
    _sys_exit                                0x0800185d   Thumb Code     6  usart.o(.text)
    fputc                                    0x08001863   Thumb Code    22  usart.o(.text)
    uart_init                                0x08001879   Thumb Code   164  usart.o(.text)
    USART1_IRQHandler                        0x0800191d   Thumb Code   122  usart.o(.text)
    Reset_Handler                            0x080019a9   Thumb Code     8  startup_stm32f40_41xxx.o(.text)
    ADC_IRQHandler                           0x080019c3   Thumb Code     0  startup_stm32f40_41xxx.o(.text)
    CAN1_RX0_IRQHandler                      0x080019c3   Thumb Code     0  startup_stm32f40_41xxx.o(.text)
    CAN1_RX1_IRQHandler                      0x080019c3   Thumb Code     0  startup_stm32f40_41xxx.o(.text)
    CAN1_SCE_IRQHandler                      0x080019c3   Thumb Code     0  startup_stm32f40_41xxx.o(.text)
    CAN1_TX_IRQHandler                       0x080019c3   Thumb Code     0  startup_stm32f40_41xxx.o(.text)
    CAN2_RX0_IRQHandler                      0x080019c3   Thumb Code     0  startup_stm32f40_41xxx.o(.text)
    CAN2_RX1_IRQHandler                      0x080019c3   Thumb Code     0  startup_stm32f40_41xxx.o(.text)
    CAN2_SCE_IRQHandler                      0x080019c3   Thumb Code     0  startup_stm32f40_41xxx.o(.text)
    CAN2_TX_IRQHandler                       0x080019c3   Thumb Code     0  startup_stm32f40_41xxx.o(.text)
    CRYP_IRQHandler                          0x080019c3   Thumb Code     0  startup_stm32f40_41xxx.o(.text)
    DCMI_IRQHandler                          0x080019c3   Thumb Code     0  startup_stm32f40_41xxx.o(.text)
    DMA1_Stream0_IRQHandler                  0x080019c3   Thumb Code     0  startup_stm32f40_41xxx.o(.text)
    DMA1_Stream1_IRQHandler                  0x080019c3   Thumb Code     0  startup_stm32f40_41xxx.o(.text)
    DMA1_Stream2_IRQHandler                  0x080019c3   Thumb Code     0  startup_stm32f40_41xxx.o(.text)
    DMA1_Stream3_IRQHandler                  0x080019c3   Thumb Code     0  startup_stm32f40_41xxx.o(.text)
    DMA1_Stream4_IRQHandler                  0x080019c3   Thumb Code     0  startup_stm32f40_41xxx.o(.text)
    DMA1_Stream5_IRQHandler                  0x080019c3   Thumb Code     0  startup_stm32f40_41xxx.o(.text)
    DMA1_Stream6_IRQHandler                  0x080019c3   Thumb Code     0  startup_stm32f40_41xxx.o(.text)
    DMA1_Stream7_IRQHandler                  0x080019c3   Thumb Code     0  startup_stm32f40_41xxx.o(.text)
    DMA2_Stream1_IRQHandler                  0x080019c3   Thumb Code     0  startup_stm32f40_41xxx.o(.text)
    DMA2_Stream2_IRQHandler                  0x080019c3   Thumb Code     0  startup_stm32f40_41xxx.o(.text)
    DMA2_Stream3_IRQHandler                  0x080019c3   Thumb Code     0  startup_stm32f40_41xxx.o(.text)
    DMA2_Stream4_IRQHandler                  0x080019c3   Thumb Code     0  startup_stm32f40_41xxx.o(.text)
    DMA2_Stream5_IRQHandler                  0x080019c3   Thumb Code     0  startup_stm32f40_41xxx.o(.text)
    DMA2_Stream6_IRQHandler                  0x080019c3   Thumb Code     0  startup_stm32f40_41xxx.o(.text)
    DMA2_Stream7_IRQHandler                  0x080019c3   Thumb Code     0  startup_stm32f40_41xxx.o(.text)
    ETH_IRQHandler                           0x080019c3   Thumb Code     0  startup_stm32f40_41xxx.o(.text)
    ETH_WKUP_IRQHandler                      0x080019c3   Thumb Code     0  startup_stm32f40_41xxx.o(.text)
    EXTI15_10_IRQHandler                     0x080019c3   Thumb Code     0  startup_stm32f40_41xxx.o(.text)
    EXTI1_IRQHandler                         0x080019c3   Thumb Code     0  startup_stm32f40_41xxx.o(.text)
    EXTI2_IRQHandler                         0x080019c3   Thumb Code     0  startup_stm32f40_41xxx.o(.text)
    EXTI3_IRQHandler                         0x080019c3   Thumb Code     0  startup_stm32f40_41xxx.o(.text)
    EXTI4_IRQHandler                         0x080019c3   Thumb Code     0  startup_stm32f40_41xxx.o(.text)
    EXTI9_5_IRQHandler                       0x080019c3   Thumb Code     0  startup_stm32f40_41xxx.o(.text)
    FLASH_IRQHandler                         0x080019c3   Thumb Code     0  startup_stm32f40_41xxx.o(.text)
    FPU_IRQHandler                           0x080019c3   Thumb Code     0  startup_stm32f40_41xxx.o(.text)
    FSMC_IRQHandler                          0x080019c3   Thumb Code     0  startup_stm32f40_41xxx.o(.text)
    HASH_RNG_IRQHandler                      0x080019c3   Thumb Code     0  startup_stm32f40_41xxx.o(.text)
    I2C1_ER_IRQHandler                       0x080019c3   Thumb Code     0  startup_stm32f40_41xxx.o(.text)
    I2C1_EV_IRQHandler                       0x080019c3   Thumb Code     0  startup_stm32f40_41xxx.o(.text)
    I2C2_ER_IRQHandler                       0x080019c3   Thumb Code     0  startup_stm32f40_41xxx.o(.text)
    I2C2_EV_IRQHandler                       0x080019c3   Thumb Code     0  startup_stm32f40_41xxx.o(.text)
    I2C3_ER_IRQHandler                       0x080019c3   Thumb Code     0  startup_stm32f40_41xxx.o(.text)
    I2C3_EV_IRQHandler                       0x080019c3   Thumb Code     0  startup_stm32f40_41xxx.o(.text)
    OTG_FS_IRQHandler                        0x080019c3   Thumb Code     0  startup_stm32f40_41xxx.o(.text)
    OTG_FS_WKUP_IRQHandler                   0x080019c3   Thumb Code     0  startup_stm32f40_41xxx.o(.text)
    OTG_HS_EP1_IN_IRQHandler                 0x080019c3   Thumb Code     0  startup_stm32f40_41xxx.o(.text)
    OTG_HS_EP1_OUT_IRQHandler                0x080019c3   Thumb Code     0  startup_stm32f40_41xxx.o(.text)
    OTG_HS_IRQHandler                        0x080019c3   Thumb Code     0  startup_stm32f40_41xxx.o(.text)
    OTG_HS_WKUP_IRQHandler                   0x080019c3   Thumb Code     0  startup_stm32f40_41xxx.o(.text)
    PVD_IRQHandler                           0x080019c3   Thumb Code     0  startup_stm32f40_41xxx.o(.text)
    RCC_IRQHandler                           0x080019c3   Thumb Code     0  startup_stm32f40_41xxx.o(.text)
    RTC_Alarm_IRQHandler                     0x080019c3   Thumb Code     0  startup_stm32f40_41xxx.o(.text)
    RTC_WKUP_IRQHandler                      0x080019c3   Thumb Code     0  startup_stm32f40_41xxx.o(.text)
    SDIO_IRQHandler                          0x080019c3   Thumb Code     0  startup_stm32f40_41xxx.o(.text)
    SPI1_IRQHandler                          0x080019c3   Thumb Code     0  startup_stm32f40_41xxx.o(.text)
    SPI2_IRQHandler                          0x080019c3   Thumb Code     0  startup_stm32f40_41xxx.o(.text)
    SPI3_IRQHandler                          0x080019c3   Thumb Code     0  startup_stm32f40_41xxx.o(.text)
    TAMP_STAMP_IRQHandler                    0x080019c3   Thumb Code     0  startup_stm32f40_41xxx.o(.text)
    TIM1_BRK_TIM9_IRQHandler                 0x080019c3   Thumb Code     0  startup_stm32f40_41xxx.o(.text)
    TIM1_CC_IRQHandler                       0x080019c3   Thumb Code     0  startup_stm32f40_41xxx.o(.text)
    TIM1_TRG_COM_TIM11_IRQHandler            0x080019c3   Thumb Code     0  startup_stm32f40_41xxx.o(.text)
    TIM1_UP_TIM10_IRQHandler                 0x080019c3   Thumb Code     0  startup_stm32f40_41xxx.o(.text)
    TIM3_IRQHandler                          0x080019c3   Thumb Code     0  startup_stm32f40_41xxx.o(.text)
    TIM4_IRQHandler                          0x080019c3   Thumb Code     0  startup_stm32f40_41xxx.o(.text)
    TIM5_IRQHandler                          0x080019c3   Thumb Code     0  startup_stm32f40_41xxx.o(.text)
    TIM6_DAC_IRQHandler                      0x080019c3   Thumb Code     0  startup_stm32f40_41xxx.o(.text)
    TIM8_BRK_TIM12_IRQHandler                0x080019c3   Thumb Code     0  startup_stm32f40_41xxx.o(.text)
    TIM8_CC_IRQHandler                       0x080019c3   Thumb Code     0  startup_stm32f40_41xxx.o(.text)
    TIM8_TRG_COM_TIM14_IRQHandler            0x080019c3   Thumb Code     0  startup_stm32f40_41xxx.o(.text)
    TIM8_UP_TIM13_IRQHandler                 0x080019c3   Thumb Code     0  startup_stm32f40_41xxx.o(.text)
    UART4_IRQHandler                         0x080019c3   Thumb Code     0  startup_stm32f40_41xxx.o(.text)
    UART5_IRQHandler                         0x080019c3   Thumb Code     0  startup_stm32f40_41xxx.o(.text)
    USART3_IRQHandler                        0x080019c3   Thumb Code     0  startup_stm32f40_41xxx.o(.text)
    USART6_IRQHandler                        0x080019c3   Thumb Code     0  startup_stm32f40_41xxx.o(.text)
    WWDG_IRQHandler                          0x080019c3   Thumb Code     0  startup_stm32f40_41xxx.o(.text)
    __user_initial_stackheap                 0x080019c5   Thumb Code     0  startup_stm32f40_41xxx.o(.text)
    NVIC_PriorityGroupConfig                 0x080019e9   Thumb Code    10  misc.o(.text)
    NVIC_Init                                0x080019f3   Thumb Code   106  misc.o(.text)
    NVIC_SetVectorTable                      0x08001a5d   Thumb Code    14  misc.o(.text)
    NVIC_SystemLPConfig                      0x08001a6b   Thumb Code    34  misc.o(.text)
    SysTick_CLKSourceConfig                  0x08001a8d   Thumb Code    40  misc.o(.text)
    ADC_DeInit                               0x08001ac9   Thumb Code    22  stm32f4xx_adc.o(.text)
    ADC_Init                                 0x08001adf   Thumb Code    74  stm32f4xx_adc.o(.text)
    ADC_StructInit                           0x08001b29   Thumb Code    20  stm32f4xx_adc.o(.text)
    ADC_CommonInit                           0x08001b3d   Thumb Code    34  stm32f4xx_adc.o(.text)
    ADC_CommonStructInit                     0x08001b5f   Thumb Code    12  stm32f4xx_adc.o(.text)
    ADC_Cmd                                  0x08001b6b   Thumb Code    22  stm32f4xx_adc.o(.text)
    ADC_AnalogWatchdogCmd                    0x08001b81   Thumb Code    16  stm32f4xx_adc.o(.text)
    ADC_AnalogWatchdogThresholdsConfig       0x08001b91   Thumb Code     6  stm32f4xx_adc.o(.text)
    ADC_AnalogWatchdogSingleChannelConfig    0x08001b97   Thumb Code    16  stm32f4xx_adc.o(.text)
    ADC_TempSensorVrefintCmd                 0x08001ba7   Thumb Code    34  stm32f4xx_adc.o(.text)
    ADC_VBATCmd                              0x08001bc9   Thumb Code    34  stm32f4xx_adc.o(.text)
    ADC_RegularChannelConfig                 0x08001beb   Thumb Code   184  stm32f4xx_adc.o(.text)
    ADC_SoftwareStartConv                    0x08001ca3   Thumb Code    10  stm32f4xx_adc.o(.text)
    ADC_GetSoftwareStartConvStatus           0x08001cad   Thumb Code    20  stm32f4xx_adc.o(.text)
    ADC_EOCOnEachRegularChannelCmd           0x08001cc1   Thumb Code    22  stm32f4xx_adc.o(.text)
    ADC_ContinuousModeCmd                    0x08001cd7   Thumb Code    22  stm32f4xx_adc.o(.text)
    ADC_DiscModeChannelCountConfig           0x08001ced   Thumb Code    24  stm32f4xx_adc.o(.text)
    ADC_DiscModeCmd                          0x08001d05   Thumb Code    22  stm32f4xx_adc.o(.text)
    ADC_GetConversionValue                   0x08001d1b   Thumb Code     8  stm32f4xx_adc.o(.text)
    ADC_GetMultiModeConversionValue          0x08001d23   Thumb Code     8  stm32f4xx_adc.o(.text)
    ADC_DMACmd                               0x08001d2b   Thumb Code    22  stm32f4xx_adc.o(.text)
    ADC_DMARequestAfterLastTransferCmd       0x08001d41   Thumb Code    22  stm32f4xx_adc.o(.text)
    ADC_MultiModeDMARequestAfterLastTransferCmd 0x08001d57   Thumb Code    34  stm32f4xx_adc.o(.text)
    ADC_InjectedChannelConfig                0x08001d79   Thumb Code   130  stm32f4xx_adc.o(.text)
    ADC_InjectedSequencerLengthConfig        0x08001dfb   Thumb Code    24  stm32f4xx_adc.o(.text)
    ADC_SetInjectedOffset                    0x08001e13   Thumb Code    20  stm32f4xx_adc.o(.text)
    ADC_ExternalTrigInjectedConvConfig       0x08001e27   Thumb Code    16  stm32f4xx_adc.o(.text)
    ADC_ExternalTrigInjectedConvEdgeConfig   0x08001e37   Thumb Code    16  stm32f4xx_adc.o(.text)
    ADC_SoftwareStartInjectedConv            0x08001e47   Thumb Code    10  stm32f4xx_adc.o(.text)
    ADC_GetSoftwareStartInjectedConvCmdStatus 0x08001e51   Thumb Code    20  stm32f4xx_adc.o(.text)
    ADC_AutoInjectedConvCmd                  0x08001e65   Thumb Code    22  stm32f4xx_adc.o(.text)
    ADC_InjectedDiscModeCmd                  0x08001e7b   Thumb Code    22  stm32f4xx_adc.o(.text)
    ADC_GetInjectedConversionValue           0x08001e91   Thumb Code    28  stm32f4xx_adc.o(.text)
    ADC_ITConfig                             0x08001ead   Thumb Code    56  stm32f4xx_adc.o(.text)
    ADC_GetFlagStatus                        0x08001ee5   Thumb Code    18  stm32f4xx_adc.o(.text)
    ADC_ClearFlag                            0x08001ef7   Thumb Code     6  stm32f4xx_adc.o(.text)
    ADC_GetITStatus                          0x08001efd   Thumb Code    38  stm32f4xx_adc.o(.text)
    ADC_ClearITPendingBit                    0x08001f23   Thumb Code    10  stm32f4xx_adc.o(.text)
    GPIO_DeInit                              0x08001f2d   Thumb Code   268  stm32f4xx_gpio.o(.text)
    GPIO_Init                                0x08002039   Thumb Code   144  stm32f4xx_gpio.o(.text)
    GPIO_StructInit                          0x080020c9   Thumb Code    18  stm32f4xx_gpio.o(.text)
    GPIO_PinLockConfig                       0x080020db   Thumb Code    34  stm32f4xx_gpio.o(.text)
    GPIO_ReadInputDataBit                    0x080020fd   Thumb Code    18  stm32f4xx_gpio.o(.text)
    GPIO_ReadInputData                       0x0800210f   Thumb Code     8  stm32f4xx_gpio.o(.text)
    GPIO_ReadOutputDataBit                   0x08002117   Thumb Code    18  stm32f4xx_gpio.o(.text)
    GPIO_ReadOutputData                      0x08002129   Thumb Code     8  stm32f4xx_gpio.o(.text)
    GPIO_SetBits                             0x08002131   Thumb Code     4  stm32f4xx_gpio.o(.text)
    GPIO_ResetBits                           0x08002135   Thumb Code     4  stm32f4xx_gpio.o(.text)
    GPIO_WriteBit                            0x08002139   Thumb Code    10  stm32f4xx_gpio.o(.text)
    GPIO_Write                               0x08002143   Thumb Code     4  stm32f4xx_gpio.o(.text)
    GPIO_ToggleBits                          0x08002147   Thumb Code     8  stm32f4xx_gpio.o(.text)
    GPIO_PinAFConfig                         0x0800214f   Thumb Code    70  stm32f4xx_gpio.o(.text)
    RCC_DeInit                               0x080021c1   Thumb Code    82  stm32f4xx_rcc.o(.text)
    RCC_HSEConfig                            0x08002213   Thumb Code    14  stm32f4xx_rcc.o(.text)
    RCC_GetFlagStatus                        0x08002221   Thumb Code    60  stm32f4xx_rcc.o(.text)
    RCC_WaitForHSEStartUp                    0x0800225d   Thumb Code    56  stm32f4xx_rcc.o(.text)
    RCC_AdjustHSICalibrationValue            0x08002295   Thumb Code    20  stm32f4xx_rcc.o(.text)
    RCC_HSICmd                               0x080022a9   Thumb Code     6  stm32f4xx_rcc.o(.text)
    RCC_LSEConfig                            0x080022af   Thumb Code    46  stm32f4xx_rcc.o(.text)
    RCC_LSICmd                               0x080022dd   Thumb Code     6  stm32f4xx_rcc.o(.text)
    RCC_PLLConfig                            0x080022e3   Thumb Code    32  stm32f4xx_rcc.o(.text)
    RCC_PLLCmd                               0x08002303   Thumb Code     6  stm32f4xx_rcc.o(.text)
    RCC_PLLI2SConfig                         0x08002309   Thumb Code    14  stm32f4xx_rcc.o(.text)
    RCC_PLLI2SCmd                            0x08002317   Thumb Code     6  stm32f4xx_rcc.o(.text)
    RCC_PLLSAIConfig                         0x0800231d   Thumb Code    20  stm32f4xx_rcc.o(.text)
    RCC_PLLSAICmd                            0x08002331   Thumb Code     6  stm32f4xx_rcc.o(.text)
    RCC_ClockSecuritySystemCmd               0x08002337   Thumb Code     6  stm32f4xx_rcc.o(.text)
    RCC_MCO1Config                           0x0800233d   Thumb Code    28  stm32f4xx_rcc.o(.text)
    RCC_MCO2Config                           0x08002359   Thumb Code    28  stm32f4xx_rcc.o(.text)
    RCC_SYSCLKConfig                         0x08002375   Thumb Code    20  stm32f4xx_rcc.o(.text)
    RCC_GetSYSCLKSource                      0x08002389   Thumb Code    12  stm32f4xx_rcc.o(.text)
    RCC_HCLKConfig                           0x08002395   Thumb Code    20  stm32f4xx_rcc.o(.text)
    RCC_PCLK1Config                          0x080023a9   Thumb Code    20  stm32f4xx_rcc.o(.text)
    RCC_PCLK2Config                          0x080023bd   Thumb Code    22  stm32f4xx_rcc.o(.text)
    RCC_GetClocksFreq                        0x080023d3   Thumb Code   222  stm32f4xx_rcc.o(.text)
    RCC_RTCCLKConfig                         0x080024b1   Thumb Code    54  stm32f4xx_rcc.o(.text)
    RCC_RTCCLKCmd                            0x080024e7   Thumb Code     8  stm32f4xx_rcc.o(.text)
    RCC_BackupResetCmd                       0x080024ef   Thumb Code     8  stm32f4xx_rcc.o(.text)
    RCC_I2SCLKConfig                         0x080024f7   Thumb Code     6  stm32f4xx_rcc.o(.text)
    RCC_SAIPLLI2SClkDivConfig                0x080024fd   Thumb Code    26  stm32f4xx_rcc.o(.text)
    RCC_SAIPLLSAIClkDivConfig                0x08002517   Thumb Code    28  stm32f4xx_rcc.o(.text)
    RCC_SAIBlockACLKConfig                   0x08002533   Thumb Code    20  stm32f4xx_rcc.o(.text)
    RCC_SAIBlockBCLKConfig                   0x08002547   Thumb Code    20  stm32f4xx_rcc.o(.text)
    RCC_LTDCCLKDivConfig                     0x0800255b   Thumb Code    20  stm32f4xx_rcc.o(.text)
    RCC_TIMCLKPresConfig                     0x0800256f   Thumb Code     6  stm32f4xx_rcc.o(.text)
    RCC_AHB1PeriphClockCmd                   0x08002575   Thumb Code    34  stm32f4xx_rcc.o(.text)
    RCC_AHB2PeriphClockCmd                   0x08002597   Thumb Code    78  stm32f4xx_rcc.o(.text)
    RCC_AHB3PeriphClockCmd                   0x080025e5   Thumb Code    34  stm32f4xx_rcc.o(.text)
    RCC_APB1PeriphClockCmd                   0x08002607   Thumb Code    34  stm32f4xx_rcc.o(.text)
    RCC_APB2PeriphClockCmd                   0x08002629   Thumb Code    34  stm32f4xx_rcc.o(.text)
    RCC_AHB1PeriphResetCmd                   0x0800264b   Thumb Code    34  stm32f4xx_rcc.o(.text)
    RCC_AHB2PeriphResetCmd                   0x0800266d   Thumb Code    34  stm32f4xx_rcc.o(.text)
    RCC_AHB3PeriphResetCmd                   0x0800268f   Thumb Code    34  stm32f4xx_rcc.o(.text)
    RCC_APB1PeriphResetCmd                   0x080026b1   Thumb Code    34  stm32f4xx_rcc.o(.text)
    RCC_APB2PeriphResetCmd                   0x080026d3   Thumb Code    34  stm32f4xx_rcc.o(.text)
    RCC_AHB1PeriphClockLPModeCmd             0x080026f5   Thumb Code    34  stm32f4xx_rcc.o(.text)
    RCC_AHB2PeriphClockLPModeCmd             0x08002717   Thumb Code    34  stm32f4xx_rcc.o(.text)
    RCC_AHB3PeriphClockLPModeCmd             0x08002739   Thumb Code    34  stm32f4xx_rcc.o(.text)
    RCC_APB1PeriphClockLPModeCmd             0x0800275b   Thumb Code    34  stm32f4xx_rcc.o(.text)
    RCC_APB2PeriphClockLPModeCmd             0x0800277d   Thumb Code    34  stm32f4xx_rcc.o(.text)
    RCC_LSEModeConfig                        0x0800279f   Thumb Code    40  stm32f4xx_rcc.o(.text)
    RCC_ITConfig                             0x080027c7   Thumb Code    34  stm32f4xx_rcc.o(.text)
    RCC_ClearFlag                            0x080027e9   Thumb Code    18  stm32f4xx_rcc.o(.text)
    RCC_GetITStatus                          0x080027fb   Thumb Code    22  stm32f4xx_rcc.o(.text)
    RCC_ClearITPendingBit                    0x08002811   Thumb Code     8  stm32f4xx_rcc.o(.text)
    USART_DeInit                             0x0800281d   Thumb Code   206  stm32f4xx_usart.o(.text)
    USART_Init                               0x080028eb   Thumb Code   204  stm32f4xx_usart.o(.text)
    USART_StructInit                         0x080029b7   Thumb Code    24  stm32f4xx_usart.o(.text)
    USART_ClockInit                          0x080029cf   Thumb Code    32  stm32f4xx_usart.o(.text)
    USART_ClockStructInit                    0x080029ef   Thumb Code    12  stm32f4xx_usart.o(.text)
    USART_Cmd                                0x080029fb   Thumb Code    24  stm32f4xx_usart.o(.text)
    USART_SetPrescaler                       0x08002a13   Thumb Code    16  stm32f4xx_usart.o(.text)
    USART_OverSampling8Cmd                   0x08002a23   Thumb Code    22  stm32f4xx_usart.o(.text)
    USART_OneBitMethodCmd                    0x08002a39   Thumb Code    24  stm32f4xx_usart.o(.text)
    USART_SendData                           0x08002a51   Thumb Code     8  stm32f4xx_usart.o(.text)
    USART_ReceiveData                        0x08002a59   Thumb Code    10  stm32f4xx_usart.o(.text)
    USART_SetAddress                         0x08002a63   Thumb Code    18  stm32f4xx_usart.o(.text)
    USART_ReceiverWakeUpCmd                  0x08002a75   Thumb Code    24  stm32f4xx_usart.o(.text)
    USART_WakeUpConfig                       0x08002a8d   Thumb Code    18  stm32f4xx_usart.o(.text)
    USART_LINBreakDetectLengthConfig         0x08002a9f   Thumb Code    18  stm32f4xx_usart.o(.text)
    USART_LINCmd                             0x08002ab1   Thumb Code    24  stm32f4xx_usart.o(.text)
    USART_SendBreak                          0x08002ac9   Thumb Code    10  stm32f4xx_usart.o(.text)
    USART_HalfDuplexCmd                      0x08002ad3   Thumb Code    24  stm32f4xx_usart.o(.text)
    USART_SetGuardTime                       0x08002aeb   Thumb Code    16  stm32f4xx_usart.o(.text)
    USART_SmartCardCmd                       0x08002afb   Thumb Code    24  stm32f4xx_usart.o(.text)
    USART_SmartCardNACKCmd                   0x08002b13   Thumb Code    24  stm32f4xx_usart.o(.text)
    USART_IrDAConfig                         0x08002b2b   Thumb Code    18  stm32f4xx_usart.o(.text)
    USART_IrDACmd                            0x08002b3d   Thumb Code    24  stm32f4xx_usart.o(.text)
    USART_DMACmd                             0x08002b55   Thumb Code    18  stm32f4xx_usart.o(.text)
    USART_ITConfig                           0x08002b67   Thumb Code    74  stm32f4xx_usart.o(.text)
    USART_GetFlagStatus                      0x08002bb1   Thumb Code    26  stm32f4xx_usart.o(.text)
    USART_ClearFlag                          0x08002bcb   Thumb Code    18  stm32f4xx_usart.o(.text)
    USART_GetITStatus                        0x08002bdd   Thumb Code   118  stm32f4xx_usart.o(.text)
    USART_ClearITPendingBit                  0x08002c53   Thumb Code    30  stm32f4xx_usart.o(.text)
    SYSCFG_DeInit                            0x08002c71   Thumb Code    22  stm32f4xx_syscfg.o(.text)
    SYSCFG_MemoryRemapConfig                 0x08002c87   Thumb Code     6  stm32f4xx_syscfg.o(.text)
    SYSCFG_MemorySwappingBank                0x08002c8d   Thumb Code     6  stm32f4xx_syscfg.o(.text)
    SYSCFG_EXTILineConfig                    0x08002c93   Thumb Code    66  stm32f4xx_syscfg.o(.text)
    SYSCFG_ETH_MediaInterfaceConfig          0x08002cd5   Thumb Code     8  stm32f4xx_syscfg.o(.text)
    SYSCFG_CompensationCellCmd               0x08002cdd   Thumb Code     6  stm32f4xx_syscfg.o(.text)
    SYSCFG_GetCompensationCellStatus         0x08002ce3   Thumb Code    22  stm32f4xx_syscfg.o(.text)
    TIM_DeInit                               0x08002d05   Thumb Code   346  stm32f4xx_tim.o(.text)
    TIM_TimeBaseInit                         0x08002e5f   Thumb Code   104  stm32f4xx_tim.o(.text)
    TIM_TimeBaseStructInit                   0x08002ec7   Thumb Code    18  stm32f4xx_tim.o(.text)
    TIM_PrescalerConfig                      0x08002ed9   Thumb Code     6  stm32f4xx_tim.o(.text)
    TIM_CounterModeConfig                    0x08002edf   Thumb Code    18  stm32f4xx_tim.o(.text)
    TIM_SetCounter                           0x08002ef1   Thumb Code     4  stm32f4xx_tim.o(.text)
    TIM_SetAutoreload                        0x08002ef5   Thumb Code     4  stm32f4xx_tim.o(.text)
    TIM_GetCounter                           0x08002ef9   Thumb Code     6  stm32f4xx_tim.o(.text)
    TIM_GetPrescaler                         0x08002eff   Thumb Code     6  stm32f4xx_tim.o(.text)
    TIM_UpdateDisableConfig                  0x08002f05   Thumb Code    24  stm32f4xx_tim.o(.text)
    TIM_UpdateRequestConfig                  0x08002f1d   Thumb Code    24  stm32f4xx_tim.o(.text)
    TIM_ARRPreloadConfig                     0x08002f35   Thumb Code    24  stm32f4xx_tim.o(.text)
    TIM_SelectOnePulseMode                   0x08002f4d   Thumb Code    18  stm32f4xx_tim.o(.text)
    TIM_SetClockDivision                     0x08002f5f   Thumb Code    18  stm32f4xx_tim.o(.text)
    TIM_Cmd                                  0x08002f71   Thumb Code    24  stm32f4xx_tim.o(.text)
    TIM_OC1Init                              0x08002f89   Thumb Code   114  stm32f4xx_tim.o(.text)
    TIM_OC2Init                              0x08002ffb   Thumb Code   154  stm32f4xx_tim.o(.text)
    TIM_OC3Init                              0x08003095   Thumb Code   204  stm32f4xx_tim.o(.text)
    TIM_OC4Init                              0x08003161   Thumb Code   112  stm32f4xx_tim.o(.text)
    TIM_OCStructInit                         0x080031d1   Thumb Code    20  stm32f4xx_tim.o(.text)
    TIM_SelectOCxM                           0x080031e5   Thumb Code    86  stm32f4xx_tim.o(.text)
    TIM_SetCompare1                          0x0800323b   Thumb Code     4  stm32f4xx_tim.o(.text)
    TIM_SetCompare2                          0x0800323f   Thumb Code     4  stm32f4xx_tim.o(.text)
    TIM_SetCompare3                          0x08003243   Thumb Code     4  stm32f4xx_tim.o(.text)
    TIM_SetCompare4                          0x08003247   Thumb Code     4  stm32f4xx_tim.o(.text)
    TIM_ForcedOC1Config                      0x0800324b   Thumb Code    18  stm32f4xx_tim.o(.text)
    TIM_ForcedOC2Config                      0x0800325d   Thumb Code    26  stm32f4xx_tim.o(.text)
    TIM_ForcedOC3Config                      0x08003277   Thumb Code    18  stm32f4xx_tim.o(.text)
    TIM_ForcedOC4Config                      0x08003289   Thumb Code    26  stm32f4xx_tim.o(.text)
    TIM_OC1PreloadConfig                     0x080032a3   Thumb Code    18  stm32f4xx_tim.o(.text)
    TIM_OC2PreloadConfig                     0x080032b5   Thumb Code    26  stm32f4xx_tim.o(.text)
    TIM_OC3PreloadConfig                     0x080032cf   Thumb Code    18  stm32f4xx_tim.o(.text)
    TIM_OC4PreloadConfig                     0x080032e1   Thumb Code    26  stm32f4xx_tim.o(.text)
    TIM_OC1FastConfig                        0x080032fb   Thumb Code    18  stm32f4xx_tim.o(.text)
    TIM_OC2FastConfig                        0x0800330d   Thumb Code    26  stm32f4xx_tim.o(.text)
    TIM_OC3FastConfig                        0x08003327   Thumb Code    18  stm32f4xx_tim.o(.text)
    TIM_OC4FastConfig                        0x08003339   Thumb Code    26  stm32f4xx_tim.o(.text)
    TIM_ClearOC1Ref                          0x08003353   Thumb Code    18  stm32f4xx_tim.o(.text)
    TIM_ClearOC2Ref                          0x08003365   Thumb Code    24  stm32f4xx_tim.o(.text)
    TIM_ClearOC3Ref                          0x0800337d   Thumb Code    18  stm32f4xx_tim.o(.text)
    TIM_ClearOC4Ref                          0x0800338f   Thumb Code    24  stm32f4xx_tim.o(.text)
    TIM_OC1PolarityConfig                    0x080033a7   Thumb Code    18  stm32f4xx_tim.o(.text)
    TIM_OC1NPolarityConfig                   0x080033b9   Thumb Code    18  stm32f4xx_tim.o(.text)
    TIM_OC2PolarityConfig                    0x080033cb   Thumb Code    26  stm32f4xx_tim.o(.text)
    TIM_OC2NPolarityConfig                   0x080033e5   Thumb Code    26  stm32f4xx_tim.o(.text)
    TIM_OC3PolarityConfig                    0x080033ff   Thumb Code    26  stm32f4xx_tim.o(.text)
    TIM_OC3NPolarityConfig                   0x08003419   Thumb Code    26  stm32f4xx_tim.o(.text)
    TIM_OC4PolarityConfig                    0x08003433   Thumb Code    26  stm32f4xx_tim.o(.text)
    TIM_CCxCmd                               0x0800344d   Thumb Code    30  stm32f4xx_tim.o(.text)
    TIM_CCxNCmd                              0x0800346b   Thumb Code    30  stm32f4xx_tim.o(.text)
    TIM_SetIC4Prescaler                      0x08003489   Thumb Code    26  stm32f4xx_tim.o(.text)
    TIM_SetIC3Prescaler                      0x080034f3   Thumb Code    18  stm32f4xx_tim.o(.text)
    TIM_SetIC2Prescaler                      0x0800354d   Thumb Code    26  stm32f4xx_tim.o(.text)
    TIM_SetIC1Prescaler                      0x080035c1   Thumb Code    18  stm32f4xx_tim.o(.text)
    TIM_ICInit                               0x0800360d   Thumb Code   110  stm32f4xx_tim.o(.text)
    TIM_ICStructInit                         0x0800367b   Thumb Code    18  stm32f4xx_tim.o(.text)
    TIM_PWMIConfig                           0x0800368d   Thumb Code   124  stm32f4xx_tim.o(.text)
    TIM_GetCapture1                          0x08003709   Thumb Code     6  stm32f4xx_tim.o(.text)
    TIM_GetCapture2                          0x0800370f   Thumb Code     6  stm32f4xx_tim.o(.text)
    TIM_GetCapture3                          0x08003715   Thumb Code     6  stm32f4xx_tim.o(.text)
    TIM_GetCapture4                          0x0800371b   Thumb Code     6  stm32f4xx_tim.o(.text)
    TIM_BDTRConfig                           0x08003721   Thumb Code    32  stm32f4xx_tim.o(.text)
    TIM_BDTRStructInit                       0x08003741   Thumb Code    18  stm32f4xx_tim.o(.text)
    TIM_CtrlPWMOutputs                       0x08003753   Thumb Code    30  stm32f4xx_tim.o(.text)
    TIM_SelectCOM                            0x08003771   Thumb Code    24  stm32f4xx_tim.o(.text)
    TIM_CCPreloadControl                     0x08003789   Thumb Code    24  stm32f4xx_tim.o(.text)
    TIM_ITConfig                             0x080037a1   Thumb Code    18  stm32f4xx_tim.o(.text)
    TIM_GenerateEvent                        0x080037b3   Thumb Code     4  stm32f4xx_tim.o(.text)
    TIM_GetFlagStatus                        0x080037b7   Thumb Code    18  stm32f4xx_tim.o(.text)
    TIM_ClearFlag                            0x080037c9   Thumb Code     6  stm32f4xx_tim.o(.text)
    TIM_GetITStatus                          0x080037cf   Thumb Code    34  stm32f4xx_tim.o(.text)
    TIM_ClearITPendingBit                    0x080037f1   Thumb Code     6  stm32f4xx_tim.o(.text)
    TIM_DMAConfig                            0x080037f7   Thumb Code    10  stm32f4xx_tim.o(.text)
    TIM_DMACmd                               0x08003801   Thumb Code    18  stm32f4xx_tim.o(.text)
    TIM_SelectCCDMA                          0x08003813   Thumb Code    24  stm32f4xx_tim.o(.text)
    TIM_InternalClockConfig                  0x0800382b   Thumb Code    12  stm32f4xx_tim.o(.text)
    TIM_SelectInputTrigger                   0x08003837   Thumb Code    18  stm32f4xx_tim.o(.text)
    TIM_ITRxExternalClockConfig              0x08003849   Thumb Code    24  stm32f4xx_tim.o(.text)
    TIM_TIxExternalClockConfig               0x08003861   Thumb Code    62  stm32f4xx_tim.o(.text)
    TIM_ETRConfig                            0x0800389f   Thumb Code    28  stm32f4xx_tim.o(.text)
    TIM_ETRClockMode1Config                  0x080038bb   Thumb Code    54  stm32f4xx_tim.o(.text)
    TIM_ETRClockMode2Config                  0x080038f1   Thumb Code    32  stm32f4xx_tim.o(.text)
    TIM_SelectOutputTrigger                  0x08003911   Thumb Code    18  stm32f4xx_tim.o(.text)
    TIM_SelectSlaveMode                      0x08003923   Thumb Code    18  stm32f4xx_tim.o(.text)
    TIM_SelectMasterSlaveMode                0x08003935   Thumb Code    18  stm32f4xx_tim.o(.text)
    TIM_EncoderInterfaceConfig               0x08003947   Thumb Code    66  stm32f4xx_tim.o(.text)
    TIM_SelectHallSensor                     0x08003989   Thumb Code    24  stm32f4xx_tim.o(.text)
    TIM_RemapConfig                          0x080039a1   Thumb Code     6  stm32f4xx_tim.o(.text)
    EXTI_DeInit                              0x080039a9   Thumb Code    28  stm32f4xx_exti.o(.text)
    EXTI_Init                                0x080039c5   Thumb Code   142  stm32f4xx_exti.o(.text)
    EXTI_StructInit                          0x08003a53   Thumb Code    16  stm32f4xx_exti.o(.text)
    EXTI_GenerateSWInterrupt                 0x08003a63   Thumb Code    16  stm32f4xx_exti.o(.text)
    EXTI_GetFlagStatus                       0x08003a73   Thumb Code    22  stm32f4xx_exti.o(.text)
    EXTI_ClearFlag                           0x08003a89   Thumb Code     8  stm32f4xx_exti.o(.text)
    EXTI_GetITStatus                         0x08003a91   Thumb Code    22  stm32f4xx_exti.o(.text)
    EXTI_ClearITPendingBit                   0x08003aa7   Thumb Code     8  stm32f4xx_exti.o(.text)
    DMA_DeInit                               0x08003ab9   Thumb Code   324  stm32f4xx_dma.o(.text)
    DMA_Init                                 0x08003bfd   Thumb Code    82  stm32f4xx_dma.o(.text)
    DMA_StructInit                           0x08003c4f   Thumb Code    34  stm32f4xx_dma.o(.text)
    DMA_Cmd                                  0x08003c71   Thumb Code    22  stm32f4xx_dma.o(.text)
    DMA_PeriphIncOffsetSizeConfig            0x08003c87   Thumb Code    22  stm32f4xx_dma.o(.text)
    DMA_FlowControllerConfig                 0x08003c9d   Thumb Code    22  stm32f4xx_dma.o(.text)
    DMA_SetCurrDataCounter                   0x08003cb3   Thumb Code     4  stm32f4xx_dma.o(.text)
    DMA_GetCurrDataCounter                   0x08003cb7   Thumb Code     8  stm32f4xx_dma.o(.text)
    DMA_DoubleBufferModeConfig               0x08003cbf   Thumb Code    24  stm32f4xx_dma.o(.text)
    DMA_DoubleBufferModeCmd                  0x08003cd7   Thumb Code    22  stm32f4xx_dma.o(.text)
    DMA_MemoryTargetConfig                   0x08003ced   Thumb Code    10  stm32f4xx_dma.o(.text)
    DMA_GetCurrentMemoryTarget               0x08003cf7   Thumb Code    20  stm32f4xx_dma.o(.text)
    DMA_GetCmdStatus                         0x08003d0b   Thumb Code    20  stm32f4xx_dma.o(.text)
    DMA_GetFIFOStatus                        0x08003d1f   Thumb Code    12  stm32f4xx_dma.o(.text)
    DMA_GetFlagStatus                        0x08003d2b   Thumb Code    56  stm32f4xx_dma.o(.text)
    DMA_ClearFlag                            0x08003d63   Thumb Code    40  stm32f4xx_dma.o(.text)
    DMA_ITConfig                             0x08003d8b   Thumb Code    58  stm32f4xx_dma.o(.text)
    DMA_GetITStatus                          0x08003dc5   Thumb Code    84  stm32f4xx_dma.o(.text)
    DMA_ClearITPendingBit                    0x08003e19   Thumb Code    40  stm32f4xx_dma.o(.text)
    NBBCxx_parser                            0x08003e61   Thumb Code   124  nb_at.o(.text)
    USART2_IRQHandler                        0x08003edd   Thumb Code   102  nb_at.o(.text)
    TIM7_IRQHandler                          0x08003f43   Thumb Code    46  nb_at.o(.text)
    USART2_init                              0x08003fc3   Thumb Code   170  nb_at.o(.text)
    UARTx_write                              0x0800406d   Thumb Code    40  nb_at.o(.text)
    NBAT_init                                0x08004095   Thumb Code    24  nb_at.o(.text)
    NBAT_send                                0x080040ad   Thumb Code    36  nb_at.o(.text)
    NBAT_checkCmd                            0x080040d1   Thumb Code    44  nb_at.o(.text)
    NBAT_checkUrc                            0x080040fd   Thumb Code    26  nb_at.o(.text)
    NBAT_sendCmd                             0x08004117   Thumb Code   248  nb_at.o(.text)
    NBAT_getUrc                              0x0800420f   Thumb Code    74  nb_at.o(.text)
    NBAT_recvData                            0x08004259   Thumb Code   246  nb_at.o(.text)
    NBAT_recv_down_cmd                       0x0800434f   Thumb Code    36  nb_at.o(.text)
    hexToStr                                 0x08004385   Thumb Code    64  nb_interface.o(.text)
    strToHex                                 0x080043c5   Thumb Code   190  nb_interface.o(.text)
    leftSlice                                0x08004483   Thumb Code    56  nb_interface.o(.text)
    rightSlice                               0x080044bb   Thumb Code    52  nb_interface.o(.text)
    substring                                0x080044ef   Thumb Code    72  nb_interface.o(.text)
    NBBCxx_init                              0x08004537   Thumb Code     8  nb_interface.o(.text)
    NBBCxx_checkModel                        0x0800453f   Thumb Code    38  nb_interface.o(.text)
    NBBCxx_reboot                            0x08004565   Thumb Code    30  nb_interface.o(.text)
    NBBCxx_getACK                            0x08004583   Thumb Code    30  nb_interface.o(.text)
    NBBCxx_setCMEE                           0x080045a1   Thumb Code    30  nb_interface.o(.text)
    NBBCxx_getNBAND                          0x080045bf   Thumb Code    38  nb_interface.o(.text)
    NBBCxx_getCIMI                           0x080045e5   Thumb Code    54  nb_interface.o(.text)
    NBBCxx_setCGATT                          0x0800461b   Thumb Code    54  nb_interface.o(.text)
    NBBCxx_getCSQ                            0x08004651   Thumb Code    74  nb_interface.o(.text)
    NBBCxx_getCEREG                          0x0800469b   Thumb Code    70  nb_interface.o(.text)
    NBBCxx_setCEREG                          0x080046e1   Thumb Code    30  nb_interface.o(.text)
    NBBCxx_getCOPS                           0x080046ff   Thumb Code    70  nb_interface.o(.text)
    NBBCxx_setNCDP                           0x08004745   Thumb Code   720  nb_interface.o(.text)
    NBBCxx_setNMGS_char                      0x08004a15   Thumb Code    56  nb_interface.o(.text)
    NBBCxx_setCGDCONT                        0x08004a4d   Thumb Code    32  nb_interface.o(.text)
    NBBCxx_getCGATT                          0x08004a6d   Thumb Code    48  nb_interface.o(.text)
    NBBCxx_getCSCON                          0x08004a9d   Thumb Code    74  nb_interface.o(.text)
    NBBCxx_setUrcTable                       0x08004ae7   Thumb Code     6  nb_interface.o(.text)
    NBBCxx_getUrc                            0x08004b95   Thumb Code    58  nb_interface.o(.text)
    __use_no_semihosting                     0x08004cdd   Thumb Code     2  use_no_semi_2.o(.text)
    __2printf                                0x08004ce1   Thumb Code    20  __2printf.o(.text)
    __2sprintf                               0x08004cf9   Thumb Code    38  __2sprintf.o(.text)
    _printf_pre_padding                      0x08004d25   Thumb Code    44  _printf_pad.o(.text)
    _printf_post_padding                     0x08004d51   Thumb Code    34  _printf_pad.o(.text)
    _printf_str                              0x08004d73   Thumb Code    82  _printf_str.o(.text)
    _printf_int_dec                          0x08004dc5   Thumb Code   104  _printf_dec.o(.text)
    __printf                                 0x08004e3d   Thumb Code   270  __printf_wp.o(.text)
    strstr                                   0x08004f4b   Thumb Code    36  strstr.o(.text)
    strlen                                   0x08004f6f   Thumb Code    62  strlen.o(.text)
    strncmp                                  0x08004fad   Thumb Code   150  strncmp.o(.text)
    __aeabi_memcpy                           0x08005043   Thumb Code     0  rt_memcpy_v6.o(.text)
    __rt_memcpy                              0x08005043   Thumb Code   138  rt_memcpy_v6.o(.text)
    _memcpy_lastbytes                        0x080050a9   Thumb Code     0  rt_memcpy_v6.o(.text)
    __aeabi_memclr                           0x080050cd   Thumb Code     0  rt_memclr.o(.text)
    __rt_memclr                              0x080050cd   Thumb Code    68  rt_memclr.o(.text)
    _memset                                  0x080050d1   Thumb Code     0  rt_memclr.o(.text)
    __aeabi_memclr4                          0x08005111   Thumb Code     0  rt_memclr_w.o(.text)
    __aeabi_memclr8                          0x08005111   Thumb Code     0  rt_memclr_w.o(.text)
    __rt_memclr_w                            0x08005111   Thumb Code    78  rt_memclr_w.o(.text)
    _memset_w                                0x08005115   Thumb Code     0  rt_memclr_w.o(.text)
    __use_two_region_memory                  0x0800515f   Thumb Code     2  heapauxi.o(.text)
    __rt_heap_escrow$2region                 0x08005161   Thumb Code     2  heapauxi.o(.text)
    __rt_heap_expand$2region                 0x08005163   Thumb Code     2  heapauxi.o(.text)
    __I$use$semihosting                      0x08005165   Thumb Code     0  use_no_semi.o(.text)
    __use_no_semihosting_swi                 0x08005165   Thumb Code     2  use_no_semi.o(.text)
    __read_errno                             0x08005167   Thumb Code    10  _rserrno.o(.text)
    __set_errno                              0x08005171   Thumb Code    12  _rserrno.o(.text)
    _printf_int_common                       0x0800517d   Thumb Code   178  _printf_intcommon.o(.text)
    __lib_sel_fp_printf                      0x0800522f   Thumb Code     2  _printf_fp_dec.o(.text)
    _printf_fp_dec_real                      0x080053e1   Thumb Code   620  _printf_fp_dec.o(.text)
    _printf_char_common                      0x08005657   Thumb Code    32  _printf_char_common.o(.text)
    _sputc                                   0x0800567d   Thumb Code    10  _sputc.o(.text)
    _printf_cs_common                        0x08005687   Thumb Code    20  _printf_char.o(.text)
    _printf_char                             0x0800569b   Thumb Code    16  _printf_char.o(.text)
    _printf_string                           0x080056ab   Thumb Code     8  _printf_char.o(.text)
    _printf_char_file                        0x080056b5   Thumb Code    32  _printf_char_file.o(.text)
    __aeabi_memcpy4                          0x080056d9   Thumb Code     0  rt_memcpy_w.o(.text)
    __aeabi_memcpy8                          0x080056d9   Thumb Code     0  rt_memcpy_w.o(.text)
    __rt_memcpy_w                            0x080056d9   Thumb Code   100  rt_memcpy_w.o(.text)
    _memcpy_lastbytes_aligned                0x08005721   Thumb Code     0  rt_memcpy_w.o(.text)
    __rt_locale                              0x0800573d   Thumb Code     8  rt_locale_intlibspace.o(.text)
    __aeabi_errno_addr                       0x08005745   Thumb Code     8  rt_errno_addr_intlibspace.o(.text)
    __errno$intlibspace                      0x08005745   Thumb Code     0  rt_errno_addr_intlibspace.o(.text)
    __rt_errno_addr$intlibspace              0x08005745   Thumb Code     0  rt_errno_addr_intlibspace.o(.text)
    _ll_udiv10                               0x0800574d   Thumb Code   138  lludiv10.o(.text)
    _printf_fp_infnan                        0x080057d9   Thumb Code   112  _printf_fp_infnan.o(.text)
    _btod_etento                             0x08005859   Thumb Code   224  bigflt0.o(.text)
    ferror                                   0x0800593d   Thumb Code     8  ferror.o(.text)
    __user_libspace                          0x08005945   Thumb Code     8  libspace.o(.text)
    __user_perproc_libspace                  0x08005945   Thumb Code     0  libspace.o(.text)
    __user_perthread_libspace                0x08005945   Thumb Code     0  libspace.o(.text)
    __user_setup_stackheap                   0x0800594d   Thumb Code    74  sys_stackheap_outer.o(.text)
    exit                                     0x08005997   Thumb Code    18  exit.o(.text)
    strcmp                                   0x080059a9   Thumb Code   128  strcmpv7m.o(.text)
    _btod_d2e                                0x08005a29   Thumb Code    62  btod.o(CL$$btod_d2e)
    _d2e_denorm_low                          0x08005a67   Thumb Code    70  btod.o(CL$$btod_d2e_denorm_low)
    _d2e_norm_op1                            0x08005aad   Thumb Code    96  btod.o(CL$$btod_d2e_norm_op1)
    __btod_div_common                        0x08005b0d   Thumb Code   696  btod.o(CL$$btod_div_common)
    _e2e                                     0x08005e45   Thumb Code   220  btod.o(CL$$btod_e2e)
    _btod_ediv                               0x08005f21   Thumb Code    42  btod.o(CL$$btod_ediv)
    _btod_emul                               0x08005f4b   Thumb Code    42  btod.o(CL$$btod_emul)
    __btod_mult_common                       0x08005f75   Thumb Code   580  btod.o(CL$$btod_mult_common)
    __ARM_fpclassify                         0x080061b9   Thumb Code    48  fpclassify.o(i.__ARM_fpclassify)
    __hardfp_pow                             0x080061e9   Thumb Code  3072  pow.o(i.__hardfp_pow)
    __kernel_poly                            0x08006e39   Thumb Code   248  poly.o(i.__kernel_poly)
    __mathlib_dbl_divzero                    0x08006f31   Thumb Code    28  dunder.o(i.__mathlib_dbl_divzero)
    __mathlib_dbl_infnan2                    0x08006f61   Thumb Code    20  dunder.o(i.__mathlib_dbl_infnan2)
    __mathlib_dbl_invalid                    0x08006f79   Thumb Code    24  dunder.o(i.__mathlib_dbl_invalid)
    __mathlib_dbl_overflow                   0x08006f99   Thumb Code    24  dunder.o(i.__mathlib_dbl_overflow)
    __mathlib_dbl_underflow                  0x08006fb9   Thumb Code    24  dunder.o(i.__mathlib_dbl_underflow)
    _is_digit                                0x08006fd9   Thumb Code    14  __printf_wp.o(i._is_digit)
    fabs                                     0x08006fe7   Thumb Code    24  fabs.o(i.fabs)
    sqrt                                     0x08006fff   Thumb Code   110  sqrt.o(i.sqrt)
    _get_lc_numeric                          0x0800706d   Thumb Code    44  lc_numeric_c.o(locale$$code)
    __aeabi_dneg                             0x08007099   Thumb Code     0  basic.o(x$fpl$basic)
    _dneg                                    0x08007099   Thumb Code     6  basic.o(x$fpl$basic)
    __aeabi_fneg                             0x0800709f   Thumb Code     0  basic.o(x$fpl$basic)
    _fneg                                    0x0800709f   Thumb Code     6  basic.o(x$fpl$basic)
    _dabs                                    0x080070a5   Thumb Code     6  basic.o(x$fpl$basic)
    _fabs                                    0x080070ab   Thumb Code     6  basic.o(x$fpl$basic)
    __aeabi_d2f                              0x080070b1   Thumb Code     0  d2f.o(x$fpl$d2f)
    _d2f                                     0x080070b1   Thumb Code    98  d2f.o(x$fpl$d2f)
    __aeabi_dadd                             0x08007115   Thumb Code     0  daddsub_clz.o(x$fpl$dadd)
    _dadd                                    0x08007115   Thumb Code   332  daddsub_clz.o(x$fpl$dadd)
    __fpl_dcheck_NaN1                        0x08007265   Thumb Code    10  dcheck1.o(x$fpl$dcheck1)
    __fpl_dcmp_Inf                           0x08007275   Thumb Code    24  dcmpi.o(x$fpl$dcmpinf)
    __aeabi_ddiv                             0x0800728d   Thumb Code     0  ddiv.o(x$fpl$ddiv)
    _ddiv                                    0x0800728d   Thumb Code   552  ddiv.o(x$fpl$ddiv)
    __aeabi_i2d                              0x0800753d   Thumb Code     0  dflt_clz.o(x$fpl$dflt)
    _dflt                                    0x0800753d   Thumb Code    46  dflt_clz.o(x$fpl$dflt)
    __aeabi_cdcmple                          0x0800756d   Thumb Code     0  dleqf.o(x$fpl$dleqf)
    _dcmple                                  0x0800756d   Thumb Code   120  dleqf.o(x$fpl$dleqf)
    __fpl_dcmple_InfNaN                      0x080075cf   Thumb Code     0  dleqf.o(x$fpl$dleqf)
    __aeabi_dmul                             0x080075e5   Thumb Code     0  dmul.o(x$fpl$dmul)
    _dmul                                    0x080075e5   Thumb Code   332  dmul.o(x$fpl$dmul)
    __fpl_dnaninf                            0x08007739   Thumb Code   156  dnaninf.o(x$fpl$dnaninf)
    __fpl_dretinf                            0x080077d5   Thumb Code    12  dretinf.o(x$fpl$dretinf)
    __aeabi_cdrcmple                         0x080077e1   Thumb Code     0  drleqf.o(x$fpl$drleqf)
    _drcmple                                 0x080077e1   Thumb Code   108  drleqf.o(x$fpl$drleqf)
    __aeabi_drsub                            0x0800784d   Thumb Code     0  daddsub_clz.o(x$fpl$drsb)
    _drsb                                    0x0800784d   Thumb Code    22  daddsub_clz.o(x$fpl$drsb)
    _dsqrt                                   0x08007865   Thumb Code   404  dsqrt_umaal.o(x$fpl$dsqrt)
    __aeabi_dsub                             0x080079fd   Thumb Code     0  daddsub_clz.o(x$fpl$dsub)
    _dsub                                    0x080079fd   Thumb Code   464  daddsub_clz.o(x$fpl$dsub)
    __aeabi_f2d                              0x08007bd1   Thumb Code     0  f2d.o(x$fpl$f2d)
    _f2d                                     0x08007bd1   Thumb Code    86  f2d.o(x$fpl$f2d)
    __fpl_fnaninf                            0x08007c27   Thumb Code   140  fnaninf.o(x$fpl$fnaninf)
    _fp_init                                 0x08007cb3   Thumb Code    10  fpinit.o(x$fpl$fpinit)
    __fplib_config_fpu_vfp                   0x08007cbb   Thumb Code     0  fpinit.o(x$fpl$fpinit)
    __fplib_config_pureend_doubles           0x08007cbb   Thumb Code     0  fpinit.o(x$fpl$fpinit)
    __fpl_fretinf                            0x08007cbd   Thumb Code    10  fretinf.o(x$fpl$fretinf)
    _printf_fp_dec                           0x08007cc7   Thumb Code     4  printf1.o(x$fpl$printf1)
    __fpl_return_NaN                         0x08007ccb   Thumb Code   100  retnan.o(x$fpl$retnan)
    __ARM_scalbn                             0x08007d2f   Thumb Code    92  scalbn.o(x$fpl$scalbn)
    __fpl_cmpreturn                          0x08007d8b   Thumb Code    48  trapv.o(x$fpl$trapveneer)
    __I$use$fp                               0x08007dba   Number         0  usenofp.o(x$fpl$usenofp)
    hexStrTable                              0x08007dc8   Data          16  nb_interface.o(.constdata)
    __mathlib_zero                           0x08007e60   Data           8  qnan.o(.constdata)
    Region$$Table$$Base                      0x08007f0c   Number         0  anon$$obj.o(Region$$Table)
    Region$$Table$$Limit                     0x08007f2c   Number         0  anon$$obj.o(Region$$Table)
    SystemCoreClock                          0x20000000   Data           4  system_stm32f4xx.o(.data)
    AHBPrescTable                            0x20000004   Data          16  system_stm32f4xx.o(.data)
    tim2count                                0x20000014   Data           1  timer.o(.data)
    __stdout                                 0x2000001c   Data           4  usart.o(.data)
    USART_RX_STA                             0x20000020   Data           2  usart.o(.data)
    results                                  0x20000034   Data         240  mq_sensor.o(.bss)
    res                                      0x20000124   Data          24  mq_sensor.o(.bss)
    USART_RX_BUF                             0x2000013c   Data         200  usart.o(.bss)
    tmpData                                  0x20000784   Data         512  nb_interface.o(.bss)
    __libspace_start                         0x20000984   Data          96  libspace.o(.bss)
    __temporary_stack_top$libspace           0x200009e4   Data           0  libspace.o(.bss)



==============================================================================

Memory Map of the image

  Image Entry point : 0x08000189

  Load Region LR_IROM1 (Base: 0x08000000, Size: 0x00007f7c, Max: 0x00100000, ABSOLUTE)

    Execution Region ER_IROM1 (Exec base: 0x08000000, Load base: 0x08000000, Size: 0x00007f48, Max: 0x00100000, ABSOLUTE)

    Exec Addr    Load Addr    Size         Type   Attr      Idx    E Section Name        Object

    0x08000000   0x08000000   0x00000188   Data   RO          573    RESET               startup_stm32f40_41xxx.o
    0x08000188   0x08000188   0x00000008   Code   RO          900  * !!!main             c_w.l(__main.o)
    0x08000190   0x08000190   0x00000034   Code   RO         1226    !!!scatter          c_w.l(__scatter.o)
    0x080001c4   0x080001c4   0x0000001a   Code   RO         1228    !!handler_copy      c_w.l(__scatter_copy.o)
    0x080001de   0x080001de   0x00000002   PAD
    0x080001e0   0x080001e0   0x0000001c   Code   RO         1230    !!handler_zi        c_w.l(__scatter_zi.o)
    0x080001fc   0x080001fc   0x00000000   Code   RO          885    .ARM.Collect$$_printf_percent$$00000000  c_w.l(_printf_percent.o)
    0x080001fc   0x080001fc   0x00000006   Code   RO          884    .ARM.Collect$$_printf_percent$$00000003  c_w.l(_printf_f.o)
    0x08000202   0x08000202   0x00000006   Code   RO          883    .ARM.Collect$$_printf_percent$$00000009  c_w.l(_printf_d.o)
    0x08000208   0x08000208   0x00000006   Code   RO          881    .ARM.Collect$$_printf_percent$$00000013  c_w.l(_printf_c.o)
    0x0800020e   0x0800020e   0x00000006   Code   RO          882    .ARM.Collect$$_printf_percent$$00000014  c_w.l(_printf_s.o)
    0x08000214   0x08000214   0x00000004   Code   RO          941    .ARM.Collect$$_printf_percent$$00000017  c_w.l(_printf_percent_end.o)
    0x08000218   0x08000218   0x00000002   Code   RO         1097    .ARM.Collect$$libinit$$00000000  c_w.l(libinit.o)
    0x0800021a   0x0800021a   0x00000004   Code   RO         1098    .ARM.Collect$$libinit$$00000001  c_w.l(libinit2.o)
    0x0800021e   0x0800021e   0x00000000   Code   RO         1101    .ARM.Collect$$libinit$$00000004  c_w.l(libinit2.o)
    0x0800021e   0x0800021e   0x00000000   Code   RO         1104    .ARM.Collect$$libinit$$0000000A  c_w.l(libinit2.o)
    0x0800021e   0x0800021e   0x00000000   Code   RO         1106    .ARM.Collect$$libinit$$0000000C  c_w.l(libinit2.o)
    0x0800021e   0x0800021e   0x00000000   Code   RO         1108    .ARM.Collect$$libinit$$0000000E  c_w.l(libinit2.o)
    0x0800021e   0x0800021e   0x00000006   Code   RO         1109    .ARM.Collect$$libinit$$0000000F  c_w.l(libinit2.o)
    0x08000224   0x08000224   0x00000000   Code   RO         1111    .ARM.Collect$$libinit$$00000011  c_w.l(libinit2.o)
    0x08000224   0x08000224   0x00000000   Code   RO         1113    .ARM.Collect$$libinit$$00000013  c_w.l(libinit2.o)
    0x08000224   0x08000224   0x00000000   Code   RO         1115    .ARM.Collect$$libinit$$00000015  c_w.l(libinit2.o)
    0x08000224   0x08000224   0x0000000a   Code   RO         1116    .ARM.Collect$$libinit$$00000016  c_w.l(libinit2.o)
    0x0800022e   0x0800022e   0x00000000   Code   RO         1117    .ARM.Collect$$libinit$$00000017  c_w.l(libinit2.o)
    0x0800022e   0x0800022e   0x00000000   Code   RO         1119    .ARM.Collect$$libinit$$00000019  c_w.l(libinit2.o)
    0x0800022e   0x0800022e   0x00000000   Code   RO         1121    .ARM.Collect$$libinit$$0000001B  c_w.l(libinit2.o)
    0x0800022e   0x0800022e   0x00000000   Code   RO         1123    .ARM.Collect$$libinit$$0000001D  c_w.l(libinit2.o)
    0x0800022e   0x0800022e   0x00000000   Code   RO         1125    .ARM.Collect$$libinit$$0000001F  c_w.l(libinit2.o)
    0x0800022e   0x0800022e   0x00000000   Code   RO         1127    .ARM.Collect$$libinit$$00000021  c_w.l(libinit2.o)
    0x0800022e   0x0800022e   0x00000000   Code   RO         1129    .ARM.Collect$$libinit$$00000023  c_w.l(libinit2.o)
    0x0800022e   0x0800022e   0x00000000   Code   RO         1131    .ARM.Collect$$libinit$$00000025  c_w.l(libinit2.o)
    0x0800022e   0x0800022e   0x00000000   Code   RO         1135    .ARM.Collect$$libinit$$0000002C  c_w.l(libinit2.o)
    0x0800022e   0x0800022e   0x00000000   Code   RO         1137    .ARM.Collect$$libinit$$0000002E  c_w.l(libinit2.o)
    0x0800022e   0x0800022e   0x00000000   Code   RO         1139    .ARM.Collect$$libinit$$00000030  c_w.l(libinit2.o)
    0x0800022e   0x0800022e   0x00000000   Code   RO         1141    .ARM.Collect$$libinit$$00000032  c_w.l(libinit2.o)
    0x0800022e   0x0800022e   0x00000002   Code   RO         1142    .ARM.Collect$$libinit$$00000033  c_w.l(libinit2.o)
    0x08000230   0x08000230   0x00000002   Code   RO         1176    .ARM.Collect$$libshutdown$$00000000  c_w.l(libshutdown.o)
    0x08000232   0x08000232   0x00000000   Code   RO         1185    .ARM.Collect$$libshutdown$$00000002  c_w.l(libshutdown2.o)
    0x08000232   0x08000232   0x00000000   Code   RO         1187    .ARM.Collect$$libshutdown$$00000004  c_w.l(libshutdown2.o)
    0x08000232   0x08000232   0x00000000   Code   RO         1190    .ARM.Collect$$libshutdown$$00000007  c_w.l(libshutdown2.o)
    0x08000232   0x08000232   0x00000000   Code   RO         1193    .ARM.Collect$$libshutdown$$0000000A  c_w.l(libshutdown2.o)
    0x08000232   0x08000232   0x00000000   Code   RO         1195    .ARM.Collect$$libshutdown$$0000000C  c_w.l(libshutdown2.o)
    0x08000232   0x08000232   0x00000000   Code   RO         1198    .ARM.Collect$$libshutdown$$0000000F  c_w.l(libshutdown2.o)
    0x08000232   0x08000232   0x00000002   Code   RO         1199    .ARM.Collect$$libshutdown$$00000010  c_w.l(libshutdown2.o)
    0x08000234   0x08000234   0x00000000   Code   RO          926    .ARM.Collect$$rtentry$$00000000  c_w.l(__rtentry.o)
    0x08000234   0x08000234   0x00000000   Code   RO         1013    .ARM.Collect$$rtentry$$00000002  c_w.l(__rtentry2.o)
    0x08000234   0x08000234   0x00000006   Code   RO         1025    .ARM.Collect$$rtentry$$00000004  c_w.l(__rtentry4.o)
    0x0800023a   0x0800023a   0x00000000   Code   RO         1015    .ARM.Collect$$rtentry$$00000009  c_w.l(__rtentry2.o)
    0x0800023a   0x0800023a   0x00000004   Code   RO         1016    .ARM.Collect$$rtentry$$0000000A  c_w.l(__rtentry2.o)
    0x0800023e   0x0800023e   0x00000000   Code   RO         1018    .ARM.Collect$$rtentry$$0000000C  c_w.l(__rtentry2.o)
    0x0800023e   0x0800023e   0x00000008   Code   RO         1019    .ARM.Collect$$rtentry$$0000000D  c_w.l(__rtentry2.o)
    0x08000246   0x08000246   0x00000002   Code   RO         1147    .ARM.Collect$$rtexit$$00000000  c_w.l(rtexit.o)
    0x08000248   0x08000248   0x00000000   Code   RO         1156    .ARM.Collect$$rtexit$$00000002  c_w.l(rtexit2.o)
    0x08000248   0x08000248   0x00000004   Code   RO         1157    .ARM.Collect$$rtexit$$00000003  c_w.l(rtexit2.o)
    0x0800024c   0x0800024c   0x00000006   Code   RO         1158    .ARM.Collect$$rtexit$$00000004  c_w.l(rtexit2.o)
    0x08000252   0x08000252   0x00000002   PAD
    0x08000254   0x08000254   0x000009b4   Code   RO            3    .text               main.o
    0x08000c08   0x08000c08   0x0000001a   Code   RO          195    .text               stm32f4xx_it.o
    0x08000c22   0x08000c22   0x00000002   PAD
    0x08000c24   0x08000c24   0x00000210   Code   RO          244    .text               system_stm32f4xx.o
    0x08000e34   0x08000e34   0x00000040   Code   RO          270    .text               led.o
    0x08000e74   0x08000e74   0x000002dc   Code   RO          290    .text               mq_sensor.o
    0x08001150   0x08001150   0x00000028   Code   RO          323    .text               hc_sr501.o
    0x08001178   0x08001178   0x00000098   Code   RO          343    .text               exti.o
    0x08001210   0x08001210   0x00000198   Code   RO          363    .text               dht11.o
    0x080013a8   0x080013a8   0x00000198   Code   RO          436    .text               dht11_2.o
    0x08001540   0x08001540   0x00000198   Code   RO          456    .text               dht11_3.o
    0x080016d8   0x080016d8   0x00000080   Code   RO          476    .text               timer.o
    0x08001758   0x08001758   0x00000104   Code   RO          502    .text               delay.o
    0x0800185c   0x0800185c   0x0000014c   Code   RO          542    .text               usart.o
    0x080019a8   0x080019a8   0x00000040   Code   RO          574    .text               startup_stm32f40_41xxx.o
    0x080019e8   0x080019e8   0x000000e0   Code   RO          580    .text               misc.o
    0x08001ac8   0x08001ac8   0x00000464   Code   RO          600    .text               stm32f4xx_adc.o
    0x08001f2c   0x08001f2c   0x00000294   Code   RO          620    .text               stm32f4xx_gpio.o
    0x080021c0   0x080021c0   0x0000065c   Code   RO          663    .text               stm32f4xx_rcc.o
    0x0800281c   0x0800281c   0x00000454   Code   RO          685    .text               stm32f4xx_usart.o
    0x08002c70   0x08002c70   0x00000094   Code   RO          705    .text               stm32f4xx_syscfg.o
    0x08002d04   0x08002d04   0x00000ca2   Code   RO          725    .text               stm32f4xx_tim.o
    0x080039a6   0x080039a6   0x00000002   PAD
    0x080039a8   0x080039a8   0x00000110   Code   RO          745    .text               stm32f4xx_exti.o
    0x08003ab8   0x08003ab8   0x000003a8   Code   RO          765    .text               stm32f4xx_dma.o
    0x08003e60   0x08003e60   0x00000524   Code   RO          785    .text               nb_at.o
    0x08004384   0x08004384   0x00000958   Code   RO          818    .text               nb_interface.o
    0x08004cdc   0x08004cdc   0x00000002   Code   RO          843    .text               c_w.l(use_no_semi_2.o)
    0x08004cde   0x08004cde   0x00000002   PAD
    0x08004ce0   0x08004ce0   0x00000018   Code   RO          845    .text               c_w.l(__2printf.o)
    0x08004cf8   0x08004cf8   0x0000002c   Code   RO          847    .text               c_w.l(__2sprintf.o)
    0x08004d24   0x08004d24   0x0000004e   Code   RO          855    .text               c_w.l(_printf_pad.o)
    0x08004d72   0x08004d72   0x00000052   Code   RO          857    .text               c_w.l(_printf_str.o)
    0x08004dc4   0x08004dc4   0x00000078   Code   RO          859    .text               c_w.l(_printf_dec.o)
    0x08004e3c   0x08004e3c   0x0000010e   Code   RO          869    .text               c_w.l(__printf_wp.o)
    0x08004f4a   0x08004f4a   0x00000024   Code   RO          886    .text               c_w.l(strstr.o)
    0x08004f6e   0x08004f6e   0x0000003e   Code   RO          888    .text               c_w.l(strlen.o)
    0x08004fac   0x08004fac   0x00000096   Code   RO          890    .text               c_w.l(strncmp.o)
    0x08005042   0x08005042   0x0000008a   Code   RO          892    .text               c_w.l(rt_memcpy_v6.o)
    0x080050cc   0x080050cc   0x00000044   Code   RO          894    .text               c_w.l(rt_memclr.o)
    0x08005110   0x08005110   0x0000004e   Code   RO          896    .text               c_w.l(rt_memclr_w.o)
    0x0800515e   0x0800515e   0x00000006   Code   RO          898    .text               c_w.l(heapauxi.o)
    0x08005164   0x08005164   0x00000002   Code   RO          924    .text               c_w.l(use_no_semi.o)
    0x08005166   0x08005166   0x00000016   Code   RO          927    .text               c_w.l(_rserrno.o)
    0x0800517c   0x0800517c   0x000000b2   Code   RO          929    .text               c_w.l(_printf_intcommon.o)
    0x0800522e   0x0800522e   0x0000041e   Code   RO          931    .text               c_w.l(_printf_fp_dec.o)
    0x0800564c   0x0800564c   0x00000030   Code   RO          933    .text               c_w.l(_printf_char_common.o)
    0x0800567c   0x0800567c   0x0000000a   Code   RO          935    .text               c_w.l(_sputc.o)
    0x08005686   0x08005686   0x0000002c   Code   RO          937    .text               c_w.l(_printf_char.o)
    0x080056b2   0x080056b2   0x00000002   PAD
    0x080056b4   0x080056b4   0x00000024   Code   RO          939    .text               c_w.l(_printf_char_file.o)
    0x080056d8   0x080056d8   0x00000064   Code   RO          942    .text               c_w.l(rt_memcpy_w.o)
    0x0800573c   0x0800573c   0x00000008   Code   RO         1030    .text               c_w.l(rt_locale_intlibspace.o)
    0x08005744   0x08005744   0x00000008   Code   RO         1035    .text               c_w.l(rt_errno_addr_intlibspace.o)
    0x0800574c   0x0800574c   0x0000008a   Code   RO         1037    .text               c_w.l(lludiv10.o)
    0x080057d6   0x080057d6   0x00000002   PAD
    0x080057d8   0x080057d8   0x00000080   Code   RO         1039    .text               c_w.l(_printf_fp_infnan.o)
    0x08005858   0x08005858   0x000000e4   Code   RO         1043    .text               c_w.l(bigflt0.o)
    0x0800593c   0x0800593c   0x00000008   Code   RO         1068    .text               c_w.l(ferror.o)
    0x08005944   0x08005944   0x00000008   Code   RO         1083    .text               c_w.l(libspace.o)
    0x0800594c   0x0800594c   0x0000004a   Code   RO         1086    .text               c_w.l(sys_stackheap_outer.o)
    0x08005996   0x08005996   0x00000012   Code   RO         1088    .text               c_w.l(exit.o)
    0x080059a8   0x080059a8   0x00000080   Code   RO         1090    .text               c_w.l(strcmpv7m.o)
    0x08005a28   0x08005a28   0x0000003e   Code   RO         1046    CL$$btod_d2e        c_w.l(btod.o)
    0x08005a66   0x08005a66   0x00000046   Code   RO         1048    CL$$btod_d2e_denorm_low  c_w.l(btod.o)
    0x08005aac   0x08005aac   0x00000060   Code   RO         1047    CL$$btod_d2e_norm_op1  c_w.l(btod.o)
    0x08005b0c   0x08005b0c   0x00000338   Code   RO         1056    CL$$btod_div_common  c_w.l(btod.o)
    0x08005e44   0x08005e44   0x000000dc   Code   RO         1053    CL$$btod_e2e        c_w.l(btod.o)
    0x08005f20   0x08005f20   0x0000002a   Code   RO         1050    CL$$btod_ediv       c_w.l(btod.o)
    0x08005f4a   0x08005f4a   0x0000002a   Code   RO         1049    CL$$btod_emul       c_w.l(btod.o)
    0x08005f74   0x08005f74   0x00000244   Code   RO         1055    CL$$btod_mult_common  c_w.l(btod.o)
    0x080061b8   0x080061b8   0x00000030   Code   RO          995    i.__ARM_fpclassify  m_wm.l(fpclassify.o)
    0x080061e8   0x080061e8   0x00000c50   Code   RO          910    i.__hardfp_pow      m_wm.l(pow.o)
    0x08006e38   0x08006e38   0x000000f8   Code   RO          997    i.__kernel_poly     m_wm.l(poly.o)
    0x08006f30   0x08006f30   0x00000030   Code   RO          975    i.__mathlib_dbl_divzero  m_wm.l(dunder.o)
    0x08006f60   0x08006f60   0x00000014   Code   RO          977    i.__mathlib_dbl_infnan2  m_wm.l(dunder.o)
    0x08006f74   0x08006f74   0x00000004   PAD
    0x08006f78   0x08006f78   0x00000020   Code   RO          978    i.__mathlib_dbl_invalid  m_wm.l(dunder.o)
    0x08006f98   0x08006f98   0x00000020   Code   RO          979    i.__mathlib_dbl_overflow  m_wm.l(dunder.o)
    0x08006fb8   0x08006fb8   0x00000020   Code   RO          981    i.__mathlib_dbl_underflow  m_wm.l(dunder.o)
    0x08006fd8   0x08006fd8   0x0000000e   Code   RO          871    i._is_digit         c_w.l(__printf_wp.o)
    0x08006fe6   0x08006fe6   0x00000018   Code   RO          991    i.fabs              m_wm.l(fabs.o)
    0x08006ffe   0x08006ffe   0x0000006e   Code   RO         1002    i.sqrt              m_wm.l(sqrt.o)
    0x0800706c   0x0800706c   0x0000002c   Code   RO         1073    locale$$code        c_w.l(lc_numeric_c.o)
    0x08007098   0x08007098   0x00000018   Code   RO          944    x$fpl$basic         fz_wm.l(basic.o)
    0x080070b0   0x080070b0   0x00000062   Code   RO          902    x$fpl$d2f           fz_wm.l(d2f.o)
    0x08007112   0x08007112   0x00000002   PAD
    0x08007114   0x08007114   0x00000150   Code   RO          946    x$fpl$dadd          fz_wm.l(daddsub_clz.o)
    0x08007264   0x08007264   0x00000010   Code   RO         1075    x$fpl$dcheck1       fz_wm.l(dcheck1.o)
    0x08007274   0x08007274   0x00000018   Code   RO         1143    x$fpl$dcmpinf       fz_wm.l(dcmpi.o)
    0x0800728c   0x0800728c   0x000002b0   Code   RO          953    x$fpl$ddiv          fz_wm.l(ddiv.o)
    0x0800753c   0x0800753c   0x0000002e   Code   RO          957    x$fpl$dflt          fz_wm.l(dflt_clz.o)
    0x0800756a   0x0800756a   0x00000002   PAD
    0x0800756c   0x0800756c   0x00000078   Code   RO         1077    x$fpl$dleqf         fz_wm.l(dleqf.o)
    0x080075e4   0x080075e4   0x00000154   Code   RO          904    x$fpl$dmul          fz_wm.l(dmul.o)
    0x08007738   0x08007738   0x0000009c   Code   RO          962    x$fpl$dnaninf       fz_wm.l(dnaninf.o)
    0x080077d4   0x080077d4   0x0000000c   Code   RO          964    x$fpl$dretinf       fz_wm.l(dretinf.o)
    0x080077e0   0x080077e0   0x0000006c   Code   RO          966    x$fpl$drleqf        fz_wm.l(drleqf.o)
    0x0800784c   0x0800784c   0x00000016   Code   RO          947    x$fpl$drsb          fz_wm.l(daddsub_clz.o)
    0x08007862   0x08007862   0x00000002   PAD
    0x08007864   0x08007864   0x00000198   Code   RO         1079    x$fpl$dsqrt         fz_wm.l(dsqrt_umaal.o)
    0x080079fc   0x080079fc   0x000001d4   Code   RO          948    x$fpl$dsub          fz_wm.l(daddsub_clz.o)
    0x08007bd0   0x08007bd0   0x00000056   Code   RO          906    x$fpl$f2d           fz_wm.l(f2d.o)
    0x08007c26   0x08007c26   0x0000008c   Code   RO          968    x$fpl$fnaninf       fz_wm.l(fnaninf.o)
    0x08007cb2   0x08007cb2   0x0000000a   Code   RO         1151    x$fpl$fpinit        fz_wm.l(fpinit.o)
    0x08007cbc   0x08007cbc   0x0000000a   Code   RO          970    x$fpl$fretinf       fz_wm.l(fretinf.o)
    0x08007cc6   0x08007cc6   0x00000004   Code   RO          908    x$fpl$printf1       fz_wm.l(printf1.o)
    0x08007cca   0x08007cca   0x00000064   Code   RO         1145    x$fpl$retnan        fz_wm.l(retnan.o)
    0x08007d2e   0x08007d2e   0x0000005c   Code   RO          972    x$fpl$scalbn        fz_wm.l(scalbn.o)
    0x08007d8a   0x08007d8a   0x00000030   Code   RO         1153    x$fpl$trapveneer    fz_wm.l(trapv.o)
    0x08007dba   0x08007dba   0x00000000   Code   RO          974    x$fpl$usenofp       fz_wm.l(usenofp.o)
    0x08007dba   0x08007dba   0x00000002   PAD
    0x08007dbc   0x08007dbc   0x0000000c   Data   RO            4    .constdata          main.o
    0x08007dc8   0x08007dc8   0x00000010   Data   RO          820    .constdata          nb_interface.o
    0x08007dd8   0x08007dd8   0x00000088   Data   RO          913    .constdata          m_wm.l(pow.o)
    0x08007e60   0x08007e60   0x00000008   Data   RO          999    .constdata          m_wm.l(qnan.o)
    0x08007e68   0x08007e68   0x00000094   Data   RO         1044    .constdata          c_w.l(bigflt0.o)
    0x08007efc   0x08007efc   0x0000000d   Data   RO            5    .conststring        main.o
    0x08007f09   0x08007f09   0x00000003   PAD
    0x08007f0c   0x08007f0c   0x00000020   Data   RO         1224    Region$$Table       anon$$obj.o
    0x08007f2c   0x08007f2c   0x0000001c   Data   RO         1072    locale$$data        c_w.l(lc_numeric_c.o)


    Execution Region RW_IRAM2 (Exec base: 0x10000000, Load base: 0x08007f7c, Size: 0x00000000, Max: 0x00010000, ABSOLUTE)

    **** No section assigned to this execution region ****


    Execution Region RW_IRAM1 (Exec base: 0x20000000, Load base: 0x08007f48, Size: 0x00000fe8, Max: 0x00020000, ABSOLUTE)

    Exec Addr    Load Addr    Size         Type   Attr      Idx    E Section Name        Object

    0x20000000   0x08007f48   0x00000014   Data   RW          245    .data               system_stm32f4xx.o
    0x20000014   0x08007f5c   0x00000001   Data   RW          477    .data               timer.o
    0x20000015   0x08007f5d   0x00000001   PAD
    0x20000016   0x08007f5e   0x00000004   Data   RW          503    .data               delay.o
    0x2000001a   0x08007f62   0x00000002   PAD
    0x2000001c   0x08007f64   0x00000006   Data   RW          544    .data               usart.o
    0x20000022   0x08007f6a   0x00000010   Data   RW          664    .data               stm32f4xx_rcc.o
    0x20000032   0x08007f7a   0x00000002   Data   RW          787    .data               nb_at.o
    0x20000034        -       0x00000108   Zero   RW          291    .bss                mq_sensor.o
    0x2000013c        -       0x000000c8   Zero   RW          543    .bss                usart.o
    0x20000204        -       0x00000180   Zero   RW          786    .bss                nb_at.o
    0x20000384        -       0x00000600   Zero   RW          819    .bss                nb_interface.o
    0x20000984        -       0x00000060   Zero   RW         1084    .bss                c_w.l(libspace.o)
    0x200009e4   0x08007f7c   0x00000004   PAD
    0x200009e8        -       0x00000200   Zero   RW          572    HEAP                startup_stm32f40_41xxx.o
    0x20000be8        -       0x00000400   Zero   RW          571    STACK               startup_stm32f40_41xxx.o


==============================================================================

Image component sizes


      Code (inc. data)   RO Data    RW Data    ZI Data      Debug   Object Name

       260          8          0          4          0       1465   delay.o
       408         14          0          0          0       2146   dht11.o
       408         14          0          0          0       2178   dht11_2.o
       408         14          0          0          0       2178   dht11_3.o
       152         36          0          0          0        720   exti.o
        40          6          0          0          0        529   hc_sr501.o
        64          4          0          0          0        519   led.o
      2484       1204         25          0          0     314343   main.o
       224         20          0          0          0       1801   misc.o
       732         56          0          0        264       2913   mq_sensor.o
      1316        132          0          2        384       5296   nb_at.o
      2392        948         16          0       1536       7632   nb_interface.o
        64         26        392          0       1536        820   startup_stm32f40_41xxx.o
      1124         24          0          0          0      10670   stm32f4xx_adc.o
       936         32          0          0          0       6381   stm32f4xx_dma.o
       272         10          0          0          0       2271   stm32f4xx_exti.o
       660         44          0          0          0       4145   stm32f4xx_gpio.o
        26          0          0          0          0       1214   stm32f4xx_it.o
      1628         52          0         16          0      13008   stm32f4xx_rcc.o
       148         12          0          0          0       1837   stm32f4xx_syscfg.o
      3234         60          0          0          0      23000   stm32f4xx_tim.o
      1108         34          0          0          0       7868   stm32f4xx_usart.o
       528         46          0         20          0       1755   system_stm32f4xx.o
       128          6          0          1          0       1020   timer.o
       332         18          0          6        200       3314   usart.o

    ----------------------------------------------------------------------
     19080       2820        468         52       3920     419023   Object Totals
         0          0         32          0          0          0   (incl. Generated)
         4          0          3          3          0          0   (incl. Padding)

    ----------------------------------------------------------------------

      Code (inc. data)   RO Data    RW Data    ZI Data      Debug   Library Member Name

        24          4          0          0          0         84   __2printf.o
        44          6          0          0          0         84   __2sprintf.o
         8          0          0          0          0         68   __main.o
       284          0          0          0          0        156   __printf_wp.o
         0          0          0          0          0          0   __rtentry.o
        12          0          0          0          0          0   __rtentry2.o
         6          0          0          0          0          0   __rtentry4.o
        52          8          0          0          0          0   __scatter.o
        26          0          0          0          0          0   __scatter_copy.o
        28          0          0          0          0          0   __scatter_zi.o
         6          0          0          0          0          0   _printf_c.o
        44          0          0          0          0        108   _printf_char.o
        48          6          0          0          0         96   _printf_char_common.o
        36          4          0          0          0         80   _printf_char_file.o
         6          0          0          0          0          0   _printf_d.o
       120         16          0          0          0         92   _printf_dec.o
         6          0          0          0          0          0   _printf_f.o
      1054          0          0          0          0        216   _printf_fp_dec.o
       128         16          0          0          0         84   _printf_fp_infnan.o
       178          0          0          0          0         88   _printf_intcommon.o
        78          0          0          0          0        108   _printf_pad.o
         0          0          0          0          0          0   _printf_percent.o
         4          0          0          0          0          0   _printf_percent_end.o
         6          0          0          0          0          0   _printf_s.o
        82          0          0          0          0         80   _printf_str.o
        22          0          0          0          0        100   _rserrno.o
        10          0          0          0          0         68   _sputc.o
       228          4        148          0          0         96   bigflt0.o
      1936        128          0          0          0        672   btod.o
        18          0          0          0          0         80   exit.o
         8          0          0          0          0         68   ferror.o
         6          0          0          0          0        152   heapauxi.o
        44         10         28          0          0         76   lc_numeric_c.o
         2          0          0          0          0          0   libinit.o
        22          0          0          0          0          0   libinit2.o
         2          0          0          0          0          0   libshutdown.o
         2          0          0          0          0          0   libshutdown2.o
         8          4          0          0         96         68   libspace.o
       138          0          0          0          0         80   lludiv10.o
         8          4          0          0          0         68   rt_errno_addr_intlibspace.o
         8          4          0          0          0         68   rt_locale_intlibspace.o
        68          0          0          0          0         68   rt_memclr.o
        78          0          0          0          0         80   rt_memclr_w.o
       138          0          0          0          0         68   rt_memcpy_v6.o
       100          0          0          0          0         80   rt_memcpy_w.o
         2          0          0          0          0          0   rtexit.o
        10          0          0          0          0          0   rtexit2.o
       128          0          0          0          0         68   strcmpv7m.o
        62          0          0          0          0         76   strlen.o
       150          0          0          0          0         80   strncmp.o
        36          0          0          0          0         80   strstr.o
        74          0          0          0          0         80   sys_stackheap_outer.o
         2          0          0          0          0         68   use_no_semi.o
         2          0          0          0          0         68   use_no_semi_2.o
        24          0          0          0          0        164   basic.o
        98          4          0          0          0        140   d2f.o
       826         16          0          0          0        492   daddsub_clz.o
        16          4          0          0          0        116   dcheck1.o
        24          0          0          0          0        116   dcmpi.o
       688        140          0          0          0        256   ddiv.o
        46          0          0          0          0        116   dflt_clz.o
       120          4          0          0          0        140   dleqf.o
       340         12          0          0          0        152   dmul.o
       156          4          0          0          0        140   dnaninf.o
        12          0          0          0          0        116   dretinf.o
       108          0          0          0          0        128   drleqf.o
       408         56          0          0          0        168   dsqrt_umaal.o
        86          4          0          0          0        132   f2d.o
       140          4          0          0          0        132   fnaninf.o
        10          0          0          0          0        116   fpinit.o
        10          0          0          0          0        116   fretinf.o
         4          0          0          0          0        116   printf1.o
       100          0          0          0          0        116   retnan.o
        92          0          0          0          0        116   scalbn.o
        48          0          0          0          0        116   trapv.o
         0          0          0          0          0          0   usenofp.o
       164         44          0          0          0        620   dunder.o
        24          0          0          0          0        124   fabs.o
        48          0          0          0          0        124   fpclassify.o
       248          0          0          0          0        152   poly.o
      3152        296        136          0          0        352   pow.o
         0          0          8          0          0          0   qnan.o
       110          0          0          0          0        148   sqrt.o

    ----------------------------------------------------------------------
     12716        802        320          0        100       8480   Library Totals
        22          0          0          0          4          0   (incl. Padding)

    ----------------------------------------------------------------------

      Code (inc. data)   RO Data    RW Data    ZI Data      Debug   Library Name

      5592        214        176          0         96       3756   c_w.l
      3356        248          0          0          0       3204   fz_wm.l
      3746        340        144          0          0       1520   m_wm.l

    ----------------------------------------------------------------------
     12716        802        320          0        100       8480   Library Totals

    ----------------------------------------------------------------------

==============================================================================


      Code (inc. data)   RO Data    RW Data    ZI Data      Debug   

     31796       3622        788         52       4020     417371   Grand Totals
     31796       3622        788         52       4020     417371   ELF Image Totals
     31796       3622        788         52          0          0   ROM Totals

==============================================================================

    Total RO  Size (Code + RO Data)                32584 (  31.82kB)
    Total RW  Size (RW Data + ZI Data)              4072 (   3.98kB)
    Total ROM Size (Code + RO Data + RW Data)      32636 (  31.87kB)

==============================================================================

