<html>
<body>
<pre>
<h1>礦ision Build Log</h1>
<h2>Tool Versions:</h2>
IDE-Version: μVision V5.24.2.0
Copyright (C) 2017 ARM Ltd and ARM Germany GmbH. All rights reserved.
License Information: 朱 zhu, 桂林电子科技大学, LIC=0VRBS-L9GMZ-PGC7L-037L8-ABNKF-H6EI8
 
Tool Versions:
Toolchain:       MDK-ARM Professional  Version: 5.24.1
Toolchain Path:  E:\MDK5.24\ARM\ARMCC\Bin
C Compiler:      Armcc.exe V5.06 update 5 (build 528)
Assembler:       Armasm.exe V5.06 update 5 (build 528)
Linker/Locator:  ArmLink.exe V5.06 update 5 (build 528)
Library Manager: ArmAr.exe V5.06 update 5 (build 528)
Hex Converter:   FromElf.exe V5.06 update 5 (build 528)
CPU DLL:         SARMCM3.DLL V5.24.1
Dialog DLL:      DCM.DLL V1.16.0.0
Target DLL:      STLink\ST-LINKIII-KEIL_SWO.dll V3.0.1.0
Dialog DLL:      TCM.DLL V1.32.0.0
 
<h2>Project:</h2>
E:\STM32_Projects\SmartHome_no_os\USER\ADC.uvprojx
Project File Date:  04/22/2020

<h2>Output:</h2>
*** Using Compiler 'V5.06 update 5 (build 528)', folder: 'E:\MDK5.24\ARM\ARMCC\Bin'
Build target 'ADC'
compiling main.c...
main.c(45): warning:  #177-D: variable "count"  was declared but never referenced
  	u8 count = 0;
main.c(46): warning:  #177-D: variable "showbuf"  was declared but never referenced
   	char showbuf[64];
main.c(48): warning:  #177-D: variable "ppm1"  was declared but never referenced
  	float ppm1,ppm2,ppm3;
main.c(48): warning:  #177-D: variable "ppm2"  was declared but never referenced
  	float ppm1,ppm2,ppm3;
main.c(48): warning:  #177-D: variable "ppm3"  was declared but never referenced
  	float ppm1,ppm2,ppm3;
main.c(49): warning:  #177-D: variable "ppm_1"  was declared but never referenced
  	uint16_t ppm_1 = 0;
main.c(50): warning:  #177-D: variable "ppm_2"  was declared but never referenced
  	uint16_t ppm_2 = 0;
main.c(51): warning:  #177-D: variable "ppm_3"  was declared but never referenced
  	uint16_t ppm_3 = 0;
main.c(54): warning:  #177-D: variable "t"  was declared but never referenced
  	u8 t=0;			    
main.c(55): warning:  #177-D: variable "temperature1"  was declared but never referenced
  	u8 temperature1 = 26;
main.c(56): warning:  #177-D: variable "temperature2"  was declared but never referenced
  	u8 temperature2 = 26;
main.c(57): warning:  #177-D: variable "temperature3"  was declared but never referenced
  	u8 temperature3 = 26;	    
main.c(58): warning:  #177-D: variable "humidity1"  was declared but never referenced
  	u8 humidity1 = 0;
main.c(59): warning:  #177-D: variable "humidity2"  was declared but never referenced
  	u8 humidity2 = 0;
main.c(60): warning:  #177-D: variable "humidity3"  was declared but never referenced
  	u8 humidity3 = 0; 
main.c(64): warning:  #177-D: variable "res"  was declared but never referenced
  	uint8_t res		= 0;
main.c(65): warning:  #177-D: variable "headstr"  was declared but never referenced
  	char *headstr = "00";
main.c(66): warning:  #177-D: variable "tmpBuf1"  was declared but never referenced
  	char	tmpBuf1[128];
main.c(67): warning:  #177-D: variable "tmpBuf2"  was declared but never referenced
  	char	tmpBuf2[128];
main.c(68): warning:  #177-D: variable "tmpBuf3"  was declared but never referenced
  	char	tmpBuf3[128];
main.c(255): warning:  #550-D: variable "res"  was set but never used
  	uint8_t res; //结果码
main.c: 21 warnings, 0 errors
linking...
Program Size: Code=32888 RO-data=1996 RW-data=52 ZI-data=4820  
FromELF: creating hex file...
"..\OBJ\ADC.axf" - 0 Error(s), 21 Warning(s).

<h2>Software Packages used:</h2>

Package Vendor: Keil
                http://www.keil.com/pack/Keil.STM32F4xx_DFP.1.0.8.pack
                Keil.STM32F4xx_DFP.1.0.8
                STMicroelectronics STM32F4 Series Device Support, Drivers and Examples

<h2>Collection of Component include folders:</h2>
  .\RTE\_ADC
  E:\MDK5.24\ARM\PACK\Keil\STM32F4xx_DFP\1.0.8\Device\Include

<h2>Collection of Component Files used:</h2>
Build Time Elapsed:  00:00:03
</pre>
</body>
</html>
